[   16388ms] [INFO] [plugin-bootstrap] czi-loader registering JSHandle@object @ https://app.cytar.io/assets/entry.client-B1-XKh2d.js:12
[   16971ms] [WARNING] [JavaScript Warning: "WEBGL_debug_renderer_info is deprecated in Firefox and will be removed. Please use RENDERER." {file: "https://app.cytar.io/assets/ViewerStoreContext-D2n16RTX.js" line: 1418}] @ https://app.cytar.io/assets/ViewerStoreContext-D2n16RTX.js:1418
[   16972ms] [INFO] [getTileDataWasm] Initializing DuckDB WASM with S3 support... @ https://app.cytar.io/assets/version-BuwRqLeW.js:0
[   17077ms] [WARNING] [JavaScript Warning: "WEBGL_debug_renderer_info is deprecated in Firefox and will be removed. Please use RENDERER." {file: "https://app.cytar.io/assets/ViewerStoreContext-D2n16RTX.js" line: 1418}] @ https://app.cytar.io/assets/ViewerStoreContext-D2n16RTX.js:1418
[   17120ms] [WARNING] [JavaScript Warning: "WEBGL_debug_renderer_info is deprecated in Firefox and will be removed. Please use RENDERER." {file: "https://app.cytar.io/assets/ViewerStoreContext-D2n16RTX.js" line: 1418}] @ https://app.cytar.io/assets/ViewerStoreContext-D2n16RTX.js:1418
[   17364ms] [WARNING] [JavaScript Warning: "WebGL warning: validateProgram: Implemented as a no-op on Mac to work around crashes."] @ :0
[   17950ms] [WARNING] [JavaScript Warning: "WEBGL_debug_renderer_info is deprecated in Firefox and will be removed. Please use RENDERER." {file: "https://app.cytar.io/assets/ViewerStoreContext-D2n16RTX.js" line: 1418}] @ https://app.cytar.io/assets/ViewerStoreContext-D2n16RTX.js:1418
[   17951ms] [WARNING] [JavaScript Warning: "WEBGL_debug_renderer_info is deprecated in Firefox and will be removed. Please use RENDERER." {file: "https://app.cytar.io/assets/ViewerStoreContext-D2n16RTX.js" line: 1418}] @ https://app.cytar.io/assets/ViewerStoreContext-D2n16RTX.js:1418
[   17953ms] [WARNING] [JavaScript Warning: "The WebAssembly exception handling 'try' instruction is deprecated and should no longer be used. Please recompile to use the 'try_table' instruction instead."] @ :0
[   17980ms] [WARNING] [JavaScript Warning: "WebGL warning: validateProgram: Implemented as a no-op on Mac to work around crashes."] @ :0
[   18108ms] [WARNING] [JavaScript Warning: "The WebAssembly exception handling 'try' instruction is deprecated and should no longer be used. Please recompile to use the 'try_table' instruction instead." {file: "blob:https://app.cytar.io/f9b50c4c-a840-4516-acb1-97c78ebe4eb2" line: 1}] @ blob:https://app.cytar.io/f9b50c4c-a840-4516-acb1-97c78ebe4eb2:1
[   18293ms] [WARNING] [JavaScript Warning: "WebGL warning: validateProgram: Implemented as a no-op on Mac to work around crashes."] @ :0
[   18556ms] [WARNING] [JavaScript Warning: "WebGL warning: validateProgram: Implemented as a no-op on Mac to work around crashes."] @ :0
[   18557ms] [WARNING] [JavaScript Warning: "WebGL warning: validateProgram: Implemented as a no-op on Mac to work around crashes."] @ :0
[   18708ms] [WARNING] [JavaScript Warning: "WEBGL_debug_renderer_info is deprecated in Firefox and will be removed. Please use RENDERER." {file: "https://app.cytar.io/assets/ViewerStoreContext-D2n16RTX.js" line: 1418}] @ https://app.cytar.io/assets/ViewerStoreContext-D2n16RTX.js:1418
[   18958ms] [WARNING] [JavaScript Warning: "WebGL warning: validateProgram: Implemented as a no-op on Mac to work around crashes."] @ :0
[   19766ms] [WARNING] [JavaScript Warning: "The WebAssembly exception handling 'try' instruction is deprecated and should no longer be used. Please recompile to use the 'try_table' instruction instead." {file: "blob:https://app.cytar.io/f9b50c4c-a840-4516-acb1-97c78ebe4eb2" line: 1}] @ blob:https://app.cytar.io/f9b50c4c-a840-4516-acb1-97c78ebe4eb2:1
[   19813ms] [INFO] [createDatabase] DuckDB initialized (endpoint: s3.eu-central-1.amazonaws.com, style: path) @ https://app.cytar.io/assets/version-BuwRqLeW.js:0
[   20060ms] [WARNING] [JavaScript Warning: "The WebAssembly exception handling 'try' instruction is deprecated and should no longer be used. Please recompile to use the 'try_table' instruction instead." {file: "blob:https://app.cytar.io/f9b50c4c-a840-4516-acb1-97c78ebe4eb2" line: 1}] @ blob:https://app.cytar.io/f9b50c4c-a840-4516-acb1-97c78ebe4eb2:1
[   24992ms] [WARNING] [JavaScript Warning: "WebGL warning: validateProgram: Implemented as a no-op on Mac to work around crashes."] @ :0
[   24993ms] [WARNING] [JavaScript Warning: "WebGL warning: validateProgram: Implemented as a no-op on Mac to work around crashes."] @ :0
[   26748ms] [WARNING] [JavaScript Warning: "WebGL warning: validateProgram: Implemented as a no-op on Mac to work around crashes."] @ :0
[   26840ms] [WARNING] [JavaScript Warning: "WebGL warning: validateProgram: Implemented as a no-op on Mac to work around crashes."] @ :0
[   26860ms] [WARNING] [JavaScript Warning: "WebGL warning: validateProgram: Implemented as a no-op on Mac to work around crashes."] @ :0
[   39750ms] [LOG] JSHandle@object @ https://app.cytar.io/assets/ImagePreview-BXnPs-KO.js:168
[   40644ms] [WARNING] [JavaScript Warning: "WEBGL_debug_renderer_info is deprecated in Firefox and will be removed. Please use RENDERER." {file: "https://app.cytar.io/assets/ViewerStoreContext-D2n16RTX.js" line: 1418}] @ https://app.cytar.io/assets/ViewerStoreContext-D2n16RTX.js:1418
[   40644ms] [WARNING] [JavaScript Warning: "WEBGL_debug_renderer_info is deprecated in Firefox and will be removed. Please use RENDERER." {file: "https://app.cytar.io/assets/ViewerStoreContext-D2n16RTX.js" line: 1418}] @ https://app.cytar.io/assets/ViewerStoreContext-D2n16RTX.js:1418
[   40644ms] [WARNING] [JavaScript Warning: "WEBGL_debug_renderer_info is deprecated in Firefox and will be removed. Please use RENDERER." {file: "https://app.cytar.io/assets/ViewerStoreContext-D2n16RTX.js" line: 1418}] @ https://app.cytar.io/assets/ViewerStoreContext-D2n16RTX.js:1418
[   40719ms] [WARNING] [JavaScript Warning: "WebGL warning: validateProgram: Implemented as a no-op on Mac to work around crashes."] @ :0
[   40719ms] [WARNING] [JavaScript Warning: "WebGL warning: validateProgram: Implemented as a no-op on Mac to work around crashes."] @ :0
[   40719ms] [WARNING] [JavaScript Warning: "WebGL warning: validateProgram: Implemented as a no-op on Mac to work around crashes."] @ :0
[   40768ms] [WARNING] [JavaScript Warning: "WebGL warning: drawElementsInstanced: Drawing to a destination rect smaller than the viewport rect. (This warning will only be given once)"] @ :0
[   42755ms] [WARNING] [JavaScript Warning: "WebGL warning: validateProgram: Implemented as a no-op on Mac to work around crashes."] @ :0
[   42755ms] [WARNING] [JavaScript Warning: "WebGL warning: validateProgram: Implemented as a no-op on Mac to work around crashes."] @ :0
[   44303ms] [WARNING] [JavaScript Warning: "WebGL warning: validateProgram: Implemented as a no-op on Mac to work around crashes."] @ :0
[   44303ms] [WARNING] [JavaScript Warning: "WebGL warning: validateProgram: Implemented as a no-op on Mac to work around crashes."] @ :0
