[   15455ms] [INFO] Download the React DevTools for a better development experience: https://react.dev/link/react-devtools @ http://localhost:5173/node_modules/.vite/deps/react-dom_client.js?v=f9f28fc8:20102
[   15459ms] [TIMESTAMP] Blocking Track @ http://localhost:5173/node_modules/.vite/deps/react-dom_client.js?v=f9f28fc8:12095
[   15460ms] [TIMESTAMP] Transition Track @ http://localhost:5173/node_modules/.vite/deps/react-dom_client.js?v=f9f28fc8:12102
[   15460ms] [TIMESTAMP] Suspense Track @ http://localhost:5173/node_modules/.vite/deps/react-dom_client.js?v=f9f28fc8:12109
[   15460ms] [TIMESTAMP] Idle Track @ http://localhost:5173/node_modules/.vite/deps/react-dom_client.js?v=f9f28fc8:12116
[   15460ms] [TIMESTAMP] Blocking Track @ http://localhost:5173/node_modules/.vite/deps/react-dom_client.js?v=f9f28fc8:12095
[   15460ms] [TIMESTAMP] Transition Track @ http://localhost:5173/node_modules/.vite/deps/react-dom_client.js?v=f9f28fc8:12102
[   15460ms] [TIMESTAMP] Suspense Track @ http://localhost:5173/node_modules/.vite/deps/react-dom_client.js?v=f9f28fc8:12109
[   15460ms] [TIMESTAMP] Idle Track @ http://localhost:5173/node_modules/.vite/deps/react-dom_client.js?v=f9f28fc8:12116
[   15477ms] [TIMESTAMP] Hydrated @ http://localhost:5173/node_modules/.vite/deps/react-dom_client.js?v=f9f28fc8:3314
[   15479ms] [TIMESTAMP] ForwardRef(TextField) @ http://localhost:5173/node_modules/.vite/deps/react-dom_client.js?v=f9f28fc8:3291
[   15480ms] [TIMESTAMP] HydratedRouter @ http://localhost:5173/node_modules/.vite/deps/react-dom_client.js?v=f9f28fc8:3291
[   15480ms] [TIMESTAMP] Commit @ http://localhost:5173/node_modules/.vite/deps/react-dom_client.js?v=f9f28fc8:12955
[   15481ms] [TIMESTAMP] HydratedRouter @ http://localhost:5173/node_modules/.vite/deps/react-dom_client.js?v=f9f28fc8:3200
[   15481ms] [TIMESTAMP] RemixErrorBoundary @ http://localhost:5173/node_modules/.vite/deps/react-dom_client.js?v=f9f28fc8:3200
[   15481ms] [TIMESTAMP] RouterProvider2 @ http://localhost:5173/node_modules/.vite/deps/react-dom_client.js?v=f9f28fc8:3200
[   15481ms] [TIMESTAMP] RouterProvider @ http://localhost:5173/node_modules/.vite/deps/react-dom_client.js?v=f9f28fc8:3200
[   15481ms] [TIMESTAMP] Router @ http://localhost:5173/node_modules/.vite/deps/react-dom_client.js?v=f9f28fc8:3200
[   15482ms] [TIMESTAMP] DataRoutes @ http://localhost:5173/node_modules/.vite/deps/react-dom_client.js?v=f9f28fc8:3200
[   15482ms] [TIMESTAMP] RenderErrorBoundary @ http://localhost:5173/node_modules/.vite/deps/react-dom_client.js?v=f9f28fc8:3200
[   15482ms] [TIMESTAMP] RenderedRoute @ http://localhost:5173/node_modules/.vite/deps/react-dom_client.js?v=f9f28fc8:3200
[   15482ms] [TIMESTAMP] Layout @ http://localhost:5173/node_modules/.vite/deps/react-dom_client.js?v=f9f28fc8:3200
[   15482ms] [TIMESTAMP] $ea8dcbcb9ea1b556$export$323e4fc2fa4753fb @ http://localhost:5173/node_modules/.vite/deps/react-dom_client.js?v=f9f28fc8:3200
[   15482ms] [TIMESTAMP] AppHeader @ http://localhost:5173/node_modules/.vite/deps/react-dom_client.js?v=f9f28fc8:3200
[   15482ms] [TIMESTAMP] Breadcrumbs @ http://localhost:5173/node_modules/.vite/deps/react-dom_client.js?v=f9f28fc8:3200
[   15482ms] [TIMESTAMP] Link @ http://localhost:5173/node_modules/.vite/deps/react-dom_client.js?v=f9f28fc8:3200
[   15482ms] [TIMESTAMP] Logo @ http://localhost:5173/node_modules/.vite/deps/react-dom_client.js?v=f9f28fc8:3200
[   15482ms] [TIMESTAMP] ForwardRef(motion.svg) @ http://localhost:5173/node_modules/.vite/deps/react-dom_client.js?v=f9f28fc8:3200
[   15482ms] [TIMESTAMP] ForwardRef(motion.path) @ http://localhost:5173/node_modules/.vite/deps/react-dom_client.js?v=f9f28fc8:3200
[   15482ms] [TIMESTAMP] ForwardRef(motion.path) @ http://localhost:5173/node_modules/.vite/deps/react-dom_client.js?v=f9f28fc8:3200
[   15482ms] [TIMESTAMP] ForwardRef(motion.path) @ http://localhost:5173/node_modules/.vite/deps/react-dom_client.js?v=f9f28fc8:3200
[   15482ms] [TIMESTAMP] ForwardRef(motion.path) @ http://localhost:5173/node_modules/.vite/deps/react-dom_client.js?v=f9f28fc8:3200
[   15482ms] [TIMESTAMP] ForwardRef(motion.path) @ http://localhost:5173/node_modules/.vite/deps/react-dom_client.js?v=f9f28fc8:3200
[   15482ms] [TIMESTAMP] ForwardRef(motion.path) @ http://localhost:5173/node_modules/.vite/deps/react-dom_client.js?v=f9f28fc8:3200
[   15482ms] [TIMESTAMP] ForwardRef(motion.path) @ http://localhost:5173/node_modules/.vite/deps/react-dom_client.js?v=f9f28fc8:3200
[   15482ms] [TIMESTAMP] ForwardRef(motion.path) @ http://localhost:5173/node_modules/.vite/deps/react-dom_client.js?v=f9f28fc8:3200
[   15482ms] [TIMESTAMP] Breadcrumbs @ http://localhost:5173/node_modules/.vite/deps/react-dom_client.js?v=f9f28fc8:3200
[   15482ms] [TIMESTAMP] ForwardRef(Breadcrumbs) @ http://localhost:5173/node_modules/.vite/deps/react-dom_client.js?v=f9f28fc8:3200
[   15482ms] [TIMESTAMP] $e1995378a142960e$export$bf788dd355e3a401 @ http://localhost:5173/node_modules/.vite/deps/react-dom_client.js?v=f9f28fc8:3200
[   15482ms] [TIMESTAMP] $f39a9eba43920ace$export$8dc98ba7eadeaa56 @ http://localhost:5173/node_modules/.vite/deps/react-dom_client.js?v=f9f28fc8:3200
[   15482ms] [TIMESTAMP] $e1995378a142960e$export$fb8073518f34e6ec @ http://localhost:5173/node_modules/.vite/deps/react-dom_client.js?v=f9f28fc8:3200
[   15482ms] [TIMESTAMP] $e1995378a142960e$var$CollectionRoot @ http://localhost:5173/node_modules/.vite/deps/react-dom_client.js?v=f9f28fc8:3200
[   15482ms] [TIMESTAMP] Breadcrumb @ http://localhost:5173/node_modules/.vite/deps/react-dom_client.js?v=f9f28fc8:3200
[   15482ms] [TIMESTAMP] Breadcrumb @ http://localhost:5173/node_modules/.vite/deps/react-dom_client.js?v=f9f28fc8:3200
[   15482ms] [TIMESTAMP] Breadcrumb @ http://localhost:5173/node_modules/.vite/deps/react-dom_client.js?v=f9f28fc8:3200
[   15482ms] [TIMESTAMP] Breadcrumb @ http://localhost:5173/node_modules/.vite/deps/react-dom_client.js?v=f9f28fc8:3200
[   15483ms] [TIMESTAMP] $e1995378a142960e$var$CollectionInner @ http://localhost:5173/node_modules/.vite/deps/react-dom_client.js?v=f9f28fc8:3200
[   15483ms] [TIMESTAMP] ForwardRef(bound $64fa3d84918910a7$var$DOMElement) @ http://localhost:5173/node_modules/.vite/deps/react-dom_client.js?v=f9f28fc8:3200
[   15483ms] [TIMESTAMP] CollectionRoot @ http://localhost:5173/node_modules/.vite/deps/react-dom_client.js?v=f9f28fc8:3200
[   15483ms] [TIMESTAMP] Component @ http://localhost:5173/node_modules/.vite/deps/react-dom_client.js?v=f9f28fc8:3200
[   15483ms] [TIMESTAMP] ForwardRef(bound $64fa3d84918910a7$var$DOMElement) @ http://localhost:5173/node_modules/.vite/deps/react-dom_client.js?v=f9f28fc8:3200
[   15483ms] [TIMESTAMP] ForwardRef(Link) @ http://localhost:5173/node_modules/.vite/deps/react-dom_client.js?v=f9f28fc8:3200
[   15483ms] [TIMESTAMP] ForwardRef(bound $64fa3d84918910a7$var$DOMElement) @ http://localhost:5173/node_modules/.vite/deps/react-dom_client.js?v=f9f28fc8:3200
[   15483ms] [TIMESTAMP] ChevronRight @ http://localhost:5173/node_modules/.vite/deps/react-dom_client.js?v=f9f28fc8:3200
[   15483ms] [TIMESTAMP] Component @ http://localhost:5173/node_modules/.vite/deps/react-dom_client.js?v=f9f28fc8:3200
[   15483ms] [TIMESTAMP] ForwardRef(bound $64fa3d84918910a7$var$DOMElement) @ http://localhost:5173/node_modules/.vite/deps/react-dom_client.js?v=f9f28fc8:3200
[   15483ms] [TIMESTAMP] ForwardRef(Link) @ http://localhost:5173/node_modules/.vite/deps/react-dom_client.js?v=f9f28fc8:3200
[   15483ms] [TIMESTAMP] ChevronRight @ http://localhost:5173/node_modules/.vite/deps/react-dom_client.js?v=f9f28fc8:3200
[   15483ms] [TIMESTAMP] Component @ http://localhost:5173/node_modules/.vite/deps/react-dom_client.js?v=f9f28fc8:3200
[   15483ms] [TIMESTAMP] ForwardRef(bound $64fa3d84918910a7$var$DOMElement) @ http://localhost:5173/node_modules/.vite/deps/react-dom_client.js?v=f9f28fc8:3200
[   15483ms] [TIMESTAMP] ForwardRef(Link) @ http://localhost:5173/node_modules/.vite/deps/react-dom_client.js?v=f9f28fc8:3200
[   15483ms] [TIMESTAMP] ForwardRef(bound $64fa3d84918910a7$var$DOMElement) @ http://localhost:5173/node_modules/.vite/deps/react-dom_client.js?v=f9f28fc8:3200
[   15483ms] [TIMESTAMP] ChevronRight @ http://localhost:5173/node_modules/.vite/deps/react-dom_client.js?v=f9f28fc8:3200
[   15483ms] [TIMESTAMP] GlobalSearch @ http://localhost:5173/node_modules/.vite/deps/react-dom_client.js?v=f9f28fc8:3200
[   15483ms] [TIMESTAMP] SearchBar @ http://localhost:5173/node_modules/.vite/deps/react-dom_client.js?v=f9f28fc8:3200
[   15483ms] [TIMESTAMP] Input @ http://localhost:5173/node_modules/.vite/deps/react-dom_client.js?v=f9f28fc8:3200
[   15483ms] [TIMESTAMP] ForwardRef(TextField) @ http://localhost:5173/node_modules/.vite/deps/react-dom_client.js?v=f9f28fc8:3200
[   15483ms] [TIMESTAMP] ForwardRef(bound $64fa3d84918910a7$var$DOMElement) @ http://localhost:5173/node_modules/.vite/deps/react-dom_client.js?v=f9f28fc8:3200
[   15483ms] [TIMESTAMP] $64fa3d84918910a7$export$2881499e37b75b9a @ http://localhost:5173/node_modules/.vite/deps/react-dom_client.js?v=f9f28fc8:3200
[   15483ms] [TIMESTAMP] ForwardRef(Input) @ http://localhost:5173/node_modules/.vite/deps/react-dom_client.js?v=f9f28fc8:3200
[   15483ms] [TIMESTAMP] ForwardRef(bound $64fa3d84918910a7$var$DOMElement) @ http://localhost:5173/node_modules/.vite/deps/react-dom_client.js?v=f9f28fc8:3200
[   15483ms] [TIMESTAMP] Suggestions @ http://localhost:5173/node_modules/.vite/deps/react-dom_client.js?v=f9f28fc8:3200
[   15484ms] [TIMESTAMP] UserMenu @ http://localhost:5173/node_modules/.vite/deps/react-dom_client.js?v=f9f28fc8:3200
[   15484ms] [TIMESTAMP] Menu @ http://localhost:5173/node_modules/.vite/deps/react-dom_client.js?v=f9f28fc8:3200
[   15484ms] [TIMESTAMP] $3674c52c6b3c5bce$export$27d2ad3c5815583e @ http://localhost:5173/node_modules/.vite/deps/react-dom_client.js?v=f9f28fc8:3200
[   15484ms] [TIMESTAMP] $64fa3d84918910a7$export$2881499e37b75b9a @ http://localhost:5173/node_modules/.vite/deps/react-dom_client.js?v=f9f28fc8:3200
[   15484ms] [TIMESTAMP] ForwardRef @ http://localhost:5173/node_modules/.vite/deps/react-dom_client.js?v=f9f28fc8:3200
[   15484ms] [TIMESTAMP] IconButton @ http://localhost:5173/node_modules/.vite/deps/react-dom_client.js?v=f9f28fc8:3200
[   15484ms] [TIMESTAMP] Tooltip @ http://localhost:5173/node_modules/.vite/deps/react-dom_client.js?v=f9f28fc8:3200
[   15484ms] [TIMESTAMP] $4e3b923658d69c60$export$8c610744efcf8a1d @ http://localhost:5173/node_modules/.vite/deps/react-dom_client.js?v=f9f28fc8:3200
[   15484ms] [TIMESTAMP] $64fa3d84918910a7$export$2881499e37b75b9a @ http://localhost:5173/node_modules/.vite/deps/react-dom_client.js?v=f9f28fc8:3200
[   15484ms] [TIMESTAMP] ForwardRef(FocusableProvider) @ http://localhost:5173/node_modules/.vite/deps/react-dom_client.js?v=f9f28fc8:3200
[   15484ms] [TIMESTAMP] ForwardRef(Button) @ http://localhost:5173/node_modules/.vite/deps/react-dom_client.js?v=f9f28fc8:3200
[   15484ms] [TIMESTAMP] ForwardRef(Tooltip) @ http://localhost:5173/node_modules/.vite/deps/react-dom_client.js?v=f9f28fc8:3200
[   15484ms] [TIMESTAMP] ForwardRef(Popover) @ http://localhost:5173/node_modules/.vite/deps/react-dom_client.js?v=f9f28fc8:3200
[   15484ms] [TIMESTAMP] WithComponentProps2 @ http://localhost:5173/node_modules/.vite/deps/react-dom_client.js?v=f9f28fc8:3200
[   15484ms] [TIMESTAMP] App @ http://localhost:5173/node_modules/.vite/deps/react-dom_client.js?v=f9f28fc8:3200
[   15484ms] [TIMESTAMP] ToastProvider @ http://localhost:5173/node_modules/.vite/deps/react-dom_client.js?v=f9f28fc8:3200
[   15484ms] [TIMESTAMP] Outlet @ http://localhost:5173/node_modules/.vite/deps/react-dom_client.js?v=f9f28fc8:3200
[   15484ms] [TIMESTAMP] RenderedRoute @ http://localhost:5173/node_modules/.vite/deps/react-dom_client.js?v=f9f28fc8:3200
[   15484ms] [TIMESTAMP] WithComponentProps2 @ http://localhost:5173/node_modules/.vite/deps/react-dom_client.js?v=f9f28fc8:3200
[   15484ms] [TIMESTAMP] ProtectedLayout @ http://localhost:5173/node_modules/.vite/deps/react-dom_client.js?v=f9f28fc8:3200
[   15484ms] [TIMESTAMP] Outlet @ http://localhost:5173/node_modules/.vite/deps/react-dom_client.js?v=f9f28fc8:3200
[   15484ms] [TIMESTAMP] RenderedRoute @ http://localhost:5173/node_modules/.vite/deps/react-dom_client.js?v=f9f28fc8:3200
[   15484ms] [TIMESTAMP] WithComponentProps2 @ http://localhost:5173/node_modules/.vite/deps/react-dom_client.js?v=f9f28fc8:3200
[   15485ms] [TIMESTAMP] ObjectsRoute @ http://localhost:5173/node_modules/.vite/deps/react-dom_client.js?v=f9f28fc8:3200
[   15485ms] [TIMESTAMP] ObjectsRoute @ http://localhost:5173/node_modules/.vite/deps/react-dom_client.js?v=f9f28fc8:3291
[   15486ms] [TIMESTAMP] ModalOutlet @ http://localhost:5173/node_modules/.vite/deps/react-dom_client.js?v=f9f28fc8:3200
[   15486ms] [TIMESTAMP] ToastContainer @ http://localhost:5173/node_modules/.vite/deps/react-dom_client.js?v=f9f28fc8:3200
[   15486ms] [TIMESTAMP] ScrollRestoration @ http://localhost:5173/node_modules/.vite/deps/react-dom_client.js?v=f9f28fc8:3200
[   15486ms] [TIMESTAMP] Scripts @ http://localhost:5173/node_modules/.vite/deps/react-dom_client.js?v=f9f28fc8:3200
[   15486ms] [TIMESTAMP] Remaining Effects @ http://localhost:5173/node_modules/.vite/deps/react-dom_client.js?v=f9f28fc8:13177
[   15486ms] [TIMESTAMP] Blocking Track @ http://localhost:5173/node_modules/.vite/deps/react-dom_client.js?v=f9f28fc8:12095
[   15486ms] [TIMESTAMP] Transition Track @ http://localhost:5173/node_modules/.vite/deps/react-dom_client.js?v=f9f28fc8:12102
[   15487ms] [TIMESTAMP] Suspense Track @ http://localhost:5173/node_modules/.vite/deps/react-dom_client.js?v=f9f28fc8:12109
[   15487ms] [TIMESTAMP] Idle Track @ http://localhost:5173/node_modules/.vite/deps/react-dom_client.js?v=f9f28fc8:12116
[   15489ms] [WARNING] If you do not provide a visible label, you must specify an aria-label or aria-labelledby attribute for accessibility @ http://localhost:5173/node_modules/.vite/deps/react-aria-components.js?v=f9f28fc8:12844
[   15491ms] [TIMESTAMP] Render @ http://localhost:5173/node_modules/.vite/deps/react-dom_client.js?v=f9f28fc8:3314
[   15492ms] [TIMESTAMP] Commit @ http://localhost:5173/node_modules/.vite/deps/react-dom_client.js?v=f9f28fc8:12955
[   15492ms] [TIMESTAMP] HydratedRouter @ http://localhost:5173/node_modules/.vite/deps/react-dom_client.js?v=f9f28fc8:3200
[   15492ms] [TIMESTAMP] Meta @ http://localhost:5173/node_modules/.vite/deps/react-dom_client.js?v=f9f28fc8:3200
[   15492ms] [TIMESTAMP] Links @ http://localhost:5173/node_modules/.vite/deps/react-dom_client.js?v=f9f28fc8:3200
[   15492ms] [TIMESTAMP] Link @ http://localhost:5173/node_modules/.vite/deps/react-dom_client.js?v=f9f28fc8:3200
[   15492ms] [TIMESTAMP] ForwardRef(Breadcrumbs) @ http://localhost:5173/node_modules/.vite/deps/react-dom_client.js?v=f9f28fc8:3200
[   15492ms] [TIMESTAMP] Breadcrumb @ http://localhost:5173/node_modules/.vite/deps/react-dom_client.js?v=f9f28fc8:3200
[   15492ms] [TIMESTAMP] Breadcrumb @ http://localhost:5173/node_modules/.vite/deps/react-dom_client.js?v=f9f28fc8:3200
[   15492ms] [TIMESTAMP] Breadcrumb @ http://localhost:5173/node_modules/.vite/deps/react-dom_client.js?v=f9f28fc8:3200
[   15492ms] [TIMESTAMP] Breadcrumb @ http://localhost:5173/node_modules/.vite/deps/react-dom_client.js?v=f9f28fc8:3200
[   15492ms] [TIMESTAMP] ForwardRef(TextField) @ http://localhost:5173/node_modules/.vite/deps/react-dom_client.js?v=f9f28fc8:3200
[   15492ms] [TIMESTAMP] $3674c52c6b3c5bce$export$27d2ad3c5815583e @ http://localhost:5173/node_modules/.vite/deps/react-dom_client.js?v=f9f28fc8:3200
[   15493ms] [TIMESTAMP] $4e3b923658d69c60$export$8c610744efcf8a1d @ http://localhost:5173/node_modules/.vite/deps/react-dom_client.js?v=f9f28fc8:3200
[   15493ms] [TIMESTAMP] ForwardRef(Button) @ http://localhost:5173/node_modules/.vite/deps/react-dom_client.js?v=f9f28fc8:3200
[   15493ms] [TIMESTAMP] ForwardRef(Tooltip) @ http://localhost:5173/node_modules/.vite/deps/react-dom_client.js?v=f9f28fc8:3200
[   15493ms] [TIMESTAMP] ForwardRef(Popover) @ http://localhost:5173/node_modules/.vite/deps/react-dom_client.js?v=f9f28fc8:3200
[   15493ms] [TIMESTAMP] ToastProvider @ http://localhost:5173/node_modules/.vite/deps/react-dom_client.js?v=f9f28fc8:3200
[   15493ms] [TIMESTAMP] ToastItem @ http://localhost:5173/node_modules/.vite/deps/react-dom_client.js?v=f9f28fc8:3200
[   15493ms] [TIMESTAMP] ScrollRestoration @ http://localhost:5173/node_modules/.vite/deps/react-dom_client.js?v=f9f28fc8:3200
[   15493ms] [TIMESTAMP] Scripts @ http://localhost:5173/node_modules/.vite/deps/react-dom_client.js?v=f9f28fc8:3200
[   15493ms] [TIMESTAMP] Remaining Effects @ http://localhost:5173/node_modules/.vite/deps/react-dom_client.js?v=f9f28fc8:13177
[   15493ms] [TIMESTAMP] Blocking Track @ http://localhost:5173/node_modules/.vite/deps/react-dom_client.js?v=f9f28fc8:12095
[   15493ms] [TIMESTAMP] Transition Track @ http://localhost:5173/node_modules/.vite/deps/react-dom_client.js?v=f9f28fc8:12102
[   15493ms] [TIMESTAMP] Suspense Track @ http://localhost:5173/node_modules/.vite/deps/react-dom_client.js?v=f9f28fc8:12109
[   15493ms] [TIMESTAMP] Idle Track @ http://localhost:5173/node_modules/.vite/deps/react-dom_client.js?v=f9f28fc8:12116
[   15495ms] [TIMESTAMP] Render @ http://localhost:5173/node_modules/.vite/deps/react-dom_client.js?v=f9f28fc8:3314
[   15495ms] [TIMESTAMP] $e1995378a142960e$export$bf788dd355e3a401 @ http://localhost:5173/node_modules/.vite/deps/react-dom_client.js?v=f9f28fc8:3200
[   15495ms] [TIMESTAMP] Component @ http://localhost:5173/node_modules/.vite/deps/react-dom_client.js?v=f9f28fc8:3200
[   15495ms] [TIMESTAMP] ForwardRef(bound $64fa3d84918910a7$var$DOMElement) @ http://localhost:5173/node_modules/.vite/deps/react-dom_client.js?v=f9f28fc8:3200
[   15495ms] [TIMESTAMP] ForwardRef(Link) @ http://localhost:5173/node_modules/.vite/deps/react-dom_client.js?v=f9f28fc8:3200
[   15495ms] [TIMESTAMP] ChevronRight @ http://localhost:5173/node_modules/.vite/deps/react-dom_client.js?v=f9f28fc8:3200
[   15495ms] [TIMESTAMP] Component @ http://localhost:5173/node_modules/.vite/deps/react-dom_client.js?v=f9f28fc8:3200
[   15495ms] [TIMESTAMP] ForwardRef(bound $64fa3d84918910a7$var$DOMElement) @ http://localhost:5173/node_modules/.vite/deps/react-dom_client.js?v=f9f28fc8:3200
[   15495ms] [TIMESTAMP] ForwardRef(Link) @ http://localhost:5173/node_modules/.vite/deps/react-dom_client.js?v=f9f28fc8:3200
[   15495ms] [TIMESTAMP] ChevronRight @ http://localhost:5173/node_modules/.vite/deps/react-dom_client.js?v=f9f28fc8:3200
[   15496ms] [TIMESTAMP] Component @ http://localhost:5173/node_modules/.vite/deps/react-dom_client.js?v=f9f28fc8:3200
[   15496ms] [TIMESTAMP] ForwardRef(bound $64fa3d84918910a7$var$DOMElement) @ http://localhost:5173/node_modules/.vite/deps/react-dom_client.js?v=f9f28fc8:3200
[   15496ms] [TIMESTAMP] ForwardRef(Link) @ http://localhost:5173/node_modules/.vite/deps/react-dom_client.js?v=f9f28fc8:3200
[   15496ms] [TIMESTAMP] ChevronRight @ http://localhost:5173/node_modules/.vite/deps/react-dom_client.js?v=f9f28fc8:3200
[   15496ms] [TIMESTAMP] Remaining Effects @ http://localhost:5173/node_modules/.vite/deps/react-dom_client.js?v=f9f28fc8:13177
[   15502ms] [TIMESTAMP] Blocking Track @ http://localhost:5173/node_modules/.vite/deps/react-dom_client.js?v=f9f28fc8:12095
[   15502ms] [TIMESTAMP] Transition Track @ http://localhost:5173/node_modules/.vite/deps/react-dom_client.js?v=f9f28fc8:12102
[   15502ms] [TIMESTAMP] Suspense Track @ http://localhost:5173/node_modules/.vite/deps/react-dom_client.js?v=f9f28fc8:12109
[   15502ms] [TIMESTAMP] Idle Track @ http://localhost:5173/node_modules/.vite/deps/react-dom_client.js?v=f9f28fc8:12116
[   15503ms] [TIMESTAMP] $3674c52c6b3c5bce$export$27d2ad3c5815583e @ http://localhost:5173/node_modules/.vite/deps/react-dom_client.js?v=f9f28fc8:3200
[   15503ms] [TIMESTAMP] ForwardRef(Button) @ http://localhost:5173/node_modules/.vite/deps/react-dom_client.js?v=f9f28fc8:3200
[   15503ms] [TIMESTAMP] ForwardRef(Popover) @ http://localhost:5173/node_modules/.vite/deps/react-dom_client.js?v=f9f28fc8:3200
[   15503ms] [TIMESTAMP] Blocking Track @ http://localhost:5173/node_modules/.vite/deps/react-dom_client.js?v=f9f28fc8:12095
[   15503ms] [TIMESTAMP] Transition Track @ http://localhost:5173/node_modules/.vite/deps/react-dom_client.js?v=f9f28fc8:12102
[   15503ms] [TIMESTAMP] Suspense Track @ http://localhost:5173/node_modules/.vite/deps/react-dom_client.js?v=f9f28fc8:12109
[   15503ms] [TIMESTAMP] Idle Track @ http://localhost:5173/node_modules/.vite/deps/react-dom_client.js?v=f9f28fc8:12116
[   15506ms] [WARNING] If you do not provide a visible label, you must specify an aria-label or aria-labelledby attribute for accessibility @ http://localhost:5173/node_modules/.vite/deps/react-aria-components.js?v=f9f28fc8:12844
[   15507ms] [TIMESTAMP] Render @ http://localhost:5173/node_modules/.vite/deps/react-dom_client.js?v=f9f28fc8:3314
[   15508ms] [TIMESTAMP] item @ http://localhost:5173/node_modules/.vite/deps/react-dom_client.js?v=f9f28fc8:3291
[   15508ms] [TIMESTAMP] ForwardRef(Link) @ http://localhost:5173/node_modules/.vite/deps/react-dom_client.js?v=f9f28fc8:3291
[   15508ms] [TIMESTAMP] Commit @ http://localhost:5173/node_modules/.vite/deps/react-dom_client.js?v=f9f28fc8:12955
[   15509ms] [TIMESTAMP] RouterProvider @ http://localhost:5173/node_modules/.vite/deps/react-dom_client.js?v=f9f28fc8:3200
[   15509ms] [TIMESTAMP] Layout @ http://localhost:5173/node_modules/.vite/deps/react-dom_client.js?v=f9f28fc8:3200
[   15509ms] [TIMESTAMP] Component @ http://localhost:5173/node_modules/.vite/deps/react-dom_client.js?v=f9f28fc8:3200
[   15509ms] [TIMESTAMP] WithComponentProps2 @ http://localhost:5173/node_modules/.vite/deps/react-dom_client.js?v=f9f28fc8:3200
[   15509ms] [TIMESTAMP] WithComponentProps2 @ http://localhost:5173/node_modules/.vite/deps/react-dom_client.js?v=f9f28fc8:3200
[   15509ms] [TIMESTAMP] WithComponentProps2 @ http://localhost:5173/node_modules/.vite/deps/react-dom_client.js?v=f9f28fc8:3200
[   15509ms] [TIMESTAMP] Blocking Track @ http://localhost:5173/node_modules/.vite/deps/react-dom_client.js?v=f9f28fc8:12095
[   15509ms] [TIMESTAMP] Transition Track @ http://localhost:5173/node_modules/.vite/deps/react-dom_client.js?v=f9f28fc8:12102
[   15509ms] [TIMESTAMP] Suspense Track @ http://localhost:5173/node_modules/.vite/deps/react-dom_client.js?v=f9f28fc8:12109
[   15509ms] [TIMESTAMP] Idle Track @ http://localhost:5173/node_modules/.vite/deps/react-dom_client.js?v=f9f28fc8:12116
[   15511ms] [TIMESTAMP] Render @ http://localhost:5173/node_modules/.vite/deps/react-dom_client.js?v=f9f28fc8:3314
[   15511ms] [TIMESTAMP] $e1995378a142960e$export$bf788dd355e3a401 @ http://localhost:5173/node_modules/.vite/deps/react-dom_client.js?v=f9f28fc8:3200
[   15889ms] [TIMESTAMP] Blocking Track @ http://localhost:5173/node_modules/.vite/deps/react-dom_client.js?v=f9f28fc8:12095
[   15889ms] [TIMESTAMP] Transition Track @ http://localhost:5173/node_modules/.vite/deps/react-dom_client.js?v=f9f28fc8:12102
[   15889ms] [TIMESTAMP] Suspense Track @ http://localhost:5173/node_modules/.vite/deps/react-dom_client.js?v=f9f28fc8:12109
[   15889ms] [TIMESTAMP] Idle Track @ http://localhost:5173/node_modules/.vite/deps/react-dom_client.js?v=f9f28fc8:12116
[   15895ms] [WARNING] If you do not provide a visible label, you must specify an aria-label or aria-labelledby attribute for accessibility @ http://localhost:5173/node_modules/.vite/deps/react-aria-components.js?v=f9f28fc8:12844
[   15898ms] [TIMESTAMP] Render @ http://localhost:5173/node_modules/.vite/deps/react-dom_client.js?v=f9f28fc8:3314
[   15899ms] [TIMESTAMP] item @ http://localhost:5173/node_modules/.vite/deps/react-dom_client.js?v=f9f28fc8:3291
[   15899ms] [TIMESTAMP] ForwardRef(TextField) @ http://localhost:5173/node_modules/.vite/deps/react-dom_client.js?v=f9f28fc8:3291
[   15900ms] [TIMESTAMP] Commit @ http://localhost:5173/node_modules/.vite/deps/react-dom_client.js?v=f9f28fc8:12955
[   15900ms] [TIMESTAMP] RouterProvider @ http://localhost:5173/node_modules/.vite/deps/react-dom_client.js?v=f9f28fc8:3200
[   15900ms] [TIMESTAMP] Layout @ http://localhost:5173/node_modules/.vite/deps/react-dom_client.js?v=f9f28fc8:3200
[   15901ms] [TIMESTAMP] Component @ http://localhost:5173/node_modules/.vite/deps/react-dom_client.js?v=f9f28fc8:3200
[   15901ms] [TIMESTAMP] ForwardRef(Link) @ http://localhost:5173/node_modules/.vite/deps/react-dom_client.js?v=f9f28fc8:3200
[   15901ms] [TIMESTAMP] WithComponentProps2 @ http://localhost:5173/node_modules/.vite/deps/react-dom_client.js?v=f9f28fc8:3200
[   15901ms] [TIMESTAMP] WithComponentProps2 @ http://localhost:5173/node_modules/.vite/deps/react-dom_client.js?v=f9f28fc8:3200
[   15901ms] [TIMESTAMP] WithComponentProps2 @ http://localhost:5173/node_modules/.vite/deps/react-dom_client.js?v=f9f28fc8:3200
[   15901ms] [TIMESTAMP] Remaining Effects @ http://localhost:5173/node_modules/.vite/deps/react-dom_client.js?v=f9f28fc8:13177
[   15901ms] [TIMESTAMP] Blocking Track @ http://localhost:5173/node_modules/.vite/deps/react-dom_client.js?v=f9f28fc8:12095
[   15901ms] [TIMESTAMP] Transition Track @ http://localhost:5173/node_modules/.vite/deps/react-dom_client.js?v=f9f28fc8:12102
[   15902ms] [TIMESTAMP] Suspense Track @ http://localhost:5173/node_modules/.vite/deps/react-dom_client.js?v=f9f28fc8:12109
[   15902ms] [TIMESTAMP] Idle Track @ http://localhost:5173/node_modules/.vite/deps/react-dom_client.js?v=f9f28fc8:12116
[   15903ms] [TIMESTAMP] Render @ http://localhost:5173/node_modules/.vite/deps/react-dom_client.js?v=f9f28fc8:3314
[   15903ms] [TIMESTAMP] $e1995378a142960e$export$bf788dd355e3a401 @ http://localhost:5173/node_modules/.vite/deps/react-dom_client.js?v=f9f28fc8:3200
[   16111ms] [TIMESTAMP] Blocking Track @ http://localhost:5173/node_modules/.vite/deps/react-dom_client.js?v=f9f28fc8:12095
[   16111ms] [TIMESTAMP] Transition Track @ http://localhost:5173/node_modules/.vite/deps/react-dom_client.js?v=f9f28fc8:12102
[   16111ms] [TIMESTAMP] Suspense Track @ http://localhost:5173/node_modules/.vite/deps/react-dom_client.js?v=f9f28fc8:12109
[   16111ms] [TIMESTAMP] Idle Track @ http://localhost:5173/node_modules/.vite/deps/react-dom_client.js?v=f9f28fc8:12116
[   16115ms] [WARNING] If you do not provide a visible label, you must specify an aria-label or aria-labelledby attribute for accessibility @ http://localhost:5173/node_modules/.vite/deps/react-aria-components.js?v=f9f28fc8:12844
[   16119ms] [TIMESTAMP] Render @ http://localhost:5173/node_modules/.vite/deps/react-dom_client.js?v=f9f28fc8:3314
[   16121ms] [TIMESTAMP] item @ http://localhost:5173/node_modules/.vite/deps/react-dom_client.js?v=f9f28fc8:3291
[   16122ms] [TIMESTAMP] Commit @ http://localhost:5173/node_modules/.vite/deps/react-dom_client.js?v=f9f28fc8:12955
[   16122ms] [TIMESTAMP] RouterProvider @ http://localhost:5173/node_modules/.vite/deps/react-dom_client.js?v=f9f28fc8:3200
[   16122ms] [TIMESTAMP] Layout @ http://localhost:5173/node_modules/.vite/deps/react-dom_client.js?v=f9f28fc8:3200
[   16122ms] [TIMESTAMP] Component @ http://localhost:5173/node_modules/.vite/deps/react-dom_client.js?v=f9f28fc8:3200
[   16122ms] [TIMESTAMP] ForwardRef(Link) @ http://localhost:5173/node_modules/.vite/deps/react-dom_client.js?v=f9f28fc8:3200
[   16123ms] [TIMESTAMP] WithComponentProps2 @ http://localhost:5173/node_modules/.vite/deps/react-dom_client.js?v=f9f28fc8:3200
[   16123ms] [TIMESTAMP] WithComponentProps2 @ http://localhost:5173/node_modules/.vite/deps/react-dom_client.js?v=f9f28fc8:3200
[   16123ms] [TIMESTAMP] WithComponentProps2 @ http://localhost:5173/node_modules/.vite/deps/react-dom_client.js?v=f9f28fc8:3200
[   16123ms] [TIMESTAMP] ClientOnly @ http://localhost:5173/node_modules/.vite/deps/react-dom_client.js?v=f9f28fc8:3200
[   16123ms] [TIMESTAMP] Remaining Effects @ http://localhost:5173/node_modules/.vite/deps/react-dom_client.js?v=f9f28fc8:13177
[   16123ms] [TIMESTAMP] Blocking Track @ http://localhost:5173/node_modules/.vite/deps/react-dom_client.js?v=f9f28fc8:12095
[   16123ms] [TIMESTAMP] Transition Track @ http://localhost:5173/node_modules/.vite/deps/react-dom_client.js?v=f9f28fc8:12102
[   16123ms] [TIMESTAMP] Suspense Track @ http://localhost:5173/node_modules/.vite/deps/react-dom_client.js?v=f9f28fc8:12109
[   16123ms] [TIMESTAMP] Idle Track @ http://localhost:5173/node_modules/.vite/deps/react-dom_client.js?v=f9f28fc8:12116
[   16125ms] [TIMESTAMP] Render @ http://localhost:5173/node_modules/.vite/deps/react-dom_client.js?v=f9f28fc8:3314
[   16125ms] [TIMESTAMP] $e1995378a142960e$export$bf788dd355e3a401 @ http://localhost:5173/node_modules/.vite/deps/react-dom_client.js?v=f9f28fc8:3200
[   16253ms] [WARNING] [JavaScript Warning: "unreachable code after return statement" {file: "http://localhost:5173/node_modules/.vite/deps/chunk-N6EDYJOR.js?v=f9f28fc8" line: 51044}] @ http://localhost:5173/node_modules/.vite/deps/chunk-N6EDYJOR.js?v=f9f28fc8:51044
[   16269ms] [TIMESTAMP] Blocking Track @ http://localhost:5173/node_modules/.vite/deps/react-dom_client.js?v=f9f28fc8:12095
[   16269ms] [TIMESTAMP] Transition Track @ http://localhost:5173/node_modules/.vite/deps/react-dom_client.js?v=f9f28fc8:12102
[   16269ms] [TIMESTAMP] Suspense Track @ http://localhost:5173/node_modules/.vite/deps/react-dom_client.js?v=f9f28fc8:12109
[   16269ms] [TIMESTAMP] Idle Track @ http://localhost:5173/node_modules/.vite/deps/react-dom_client.js?v=f9f28fc8:12116
[   16282ms] [TIMESTAMP] Blocked @ http://localhost:5173/node_modules/.vite/deps/react-dom_client.js?v=f9f28fc8:11755
[   16422ms] [TIMESTAMP] Render @ http://localhost:5173/node_modules/.vite/deps/react-dom_client.js?v=f9f28fc8:3314
[   16422ms] [TIMESTAMP] Throttled @ http://localhost:5173/node_modules/.vite/deps/react-dom_client.js?v=f9f28fc8:3423
[   16423ms] [TIMESTAMP] div @ http://localhost:5173/node_modules/.vite/deps/react-dom_client.js?v=f9f28fc8:3291
[   16426ms] [TIMESTAMP] ForwardRef(motion.button) @ http://localhost:5173/node_modules/.vite/deps/react-dom_client.js?v=f9f28fc8:3291
[   16427ms] [TIMESTAMP] ForwardRef(TextField) @ http://localhost:5173/node_modules/.vite/deps/react-dom_client.js?v=f9f28fc8:3291
[   16427ms] [TIMESTAMP] Commit @ http://localhost:5173/node_modules/.vite/deps/react-dom_client.js?v=f9f28fc8:12955
[   16427ms] [TIMESTAMP] Viewer @ http://localhost:5173/node_modules/.vite/deps/react-dom_client.js?v=f9f28fc8:3200
[   16427ms] [TIMESTAMP] ViewerStoreProvider @ http://localhost:5173/node_modules/.vite/deps/react-dom_client.js?v=f9f28fc8:3200
[   16427ms] [TIMESTAMP] ViewerHeader @ http://localhost:5173/node_modules/.vite/deps/react-dom_client.js?v=f9f28fc8:3200
[   16428ms] [TIMESTAMP] FeatureBar @ http://localhost:5173/node_modules/.vite/deps/react-dom_client.js?v=f9f28fc8:3200
[   16428ms] [TIMESTAMP] ForwardRef(motion.div) @ http://localhost:5173/node_modules/.vite/deps/react-dom_client.js?v=f9f28fc8:3200
[   16428ms] [TIMESTAMP] Presets @ http://localhost:5173/node_modules/.vite/deps/react-dom_client.js?v=f9f28fc8:3200
[   16428ms] [TIMESTAMP] Tabs @ http://localhost:5173/node_modules/.vite/deps/react-dom_client.js?v=f9f28fc8:3200
[   16428ms] [TIMESTAMP] ForwardRef(Tabs) @ http://localhost:5173/node_modules/.vite/deps/react-dom_client.js?v=f9f28fc8:3200
[   16428ms] [TIMESTAMP] $e1995378a142960e$export$bf788dd355e3a401 @ http://localhost:5173/node_modules/.vite/deps/react-dom_client.js?v=f9f28fc8:3200
[   16428ms] [TIMESTAMP] $f39a9eba43920ace$export$8dc98ba7eadeaa56 @ http://localhost:5173/node_modules/.vite/deps/react-dom_client.js?v=f9f28fc8:3200
[   16428ms] [TIMESTAMP] TabList @ http://localhost:5173/node_modules/.vite/deps/react-dom_client.js?v=f9f28fc8:3200
[   16428ms] [TIMESTAMP] ForwardRef(TabList) @ http://localhost:5173/node_modules/.vite/deps/react-dom_client.js?v=f9f28fc8:3200
[   16428ms] [TIMESTAMP] $e1995378a142960e$export$fb8073518f34e6ec @ http://localhost:5173/node_modules/.vite/deps/react-dom_client.js?v=f9f28fc8:3200
[   16429ms] [TIMESTAMP] $e1995378a142960e$var$CollectionRoot @ http://localhost:5173/node_modules/.vite/deps/react-dom_client.js?v=f9f28fc8:3200
[   16429ms] [TIMESTAMP] SplitViewToggle @ http://localhost:5173/node_modules/.vite/deps/react-dom_client.js?v=f9f28fc8:3200
[   16429ms] [TIMESTAMP] Tooltip @ http://localhost:5173/node_modules/.vite/deps/react-dom_client.js?v=f9f28fc8:3200
[   16429ms] [TIMESTAMP] ImagePreview @ http://localhost:5173/node_modules/.vite/deps/react-dom_client.js?v=f9f28fc8:3200
[   16429ms] [TIMESTAMP] ImageContainer @ http://localhost:5173/node_modules/.vite/deps/react-dom_client.js?v=f9f28fc8:3200
[   16429ms] [TIMESTAMP] LavaLoader @ http://localhost:5173/node_modules/.vite/deps/react-dom_client.js?v=f9f28fc8:3200
[   16429ms] [TIMESTAMP] ClientOnly @ http://localhost:5173/node_modules/.vite/deps/react-dom_client.js?v=f9f28fc8:3200
[   16429ms] [TIMESTAMP] LavaLoaderInner @ http://localhost:5173/node_modules/.vite/deps/react-dom_client.js?v=f9f28fc8:3200
[   16429ms] [TIMESTAMP] ImagePreviewInner @ http://localhost:5173/node_modules/.vite/deps/react-dom_client.js?v=f9f28fc8:3200
[   16429ms] [TIMESTAMP] ActiveViewStatePreview @ http://localhost:5173/node_modules/.vite/deps/react-dom_client.js?v=f9f28fc8:3200
[   16429ms] [TIMESTAMP] ChannelsController @ http://localhost:5173/node_modules/.vite/deps/react-dom_client.js?v=f9f28fc8:3200
[   16429ms] [TIMESTAMP] FeatureItem @ http://localhost:5173/node_modules/.vite/deps/react-dom_client.js?v=f9f28fc8:3200
[   16429ms] [TIMESTAMP] FeatureItemStoreProvider @ http://localhost:5173/node_modules/.vite/deps/react-dom_client.js?v=f9f28fc8:3200
[   16429ms] [TIMESTAMP] FeatureItemInner @ http://localhost:5173/node_modules/.vite/deps/react-dom_client.js?v=f9f28fc8:3200
[   16430ms] [TIMESTAMP] OverlaysController @ http://localhost:5173/node_modules/.vite/deps/react-dom_client.js?v=f9f28fc8:3200
[   16430ms] [TIMESTAMP] FeatureItem @ http://localhost:5173/node_modules/.vite/deps/react-dom_client.js?v=f9f28fc8:3200
[   16441ms] [TIMESTAMP] FeatureItemStoreProvider @ http://localhost:5173/node_modules/.vite/deps/react-dom_client.js?v=f9f28fc8:3200
[   16441ms] [TIMESTAMP] FeatureItemInner @ http://localhost:5173/node_modules/.vite/deps/react-dom_client.js?v=f9f28fc8:3200
[   16441ms] [TIMESTAMP] IconButton @ http://localhost:5173/node_modules/.vite/deps/react-dom_client.js?v=f9f28fc8:3200
[   16442ms] [TIMESTAMP] Tooltip @ http://localhost:5173/node_modules/.vite/deps/react-dom_client.js?v=f9f28fc8:3200
[   16442ms] [TIMESTAMP] $4e3b923658d69c60$export$8c610744efcf8a1d @ http://localhost:5173/node_modules/.vite/deps/react-dom_client.js?v=f9f28fc8:3200
[   16442ms] [TIMESTAMP] $64fa3d84918910a7$export$2881499e37b75b9a @ http://localhost:5173/node_modules/.vite/deps/react-dom_client.js?v=f9f28fc8:3200
[   16442ms] [TIMESTAMP] ForwardRef(FocusableProvider) @ http://localhost:5173/node_modules/.vite/deps/react-dom_client.js?v=f9f28fc8:3200
[   16442ms] [TIMESTAMP] ForwardRef(Button) @ http://localhost:5173/node_modules/.vite/deps/react-dom_client.js?v=f9f28fc8:3200
[   16442ms] [TIMESTAMP] ForwardRef(Tooltip) @ http://localhost:5173/node_modules/.vite/deps/react-dom_client.js?v=f9f28fc8:3200
[   16442ms] [TIMESTAMP] EmptyState @ http://localhost:5173/node_modules/.vite/deps/react-dom_client.js?v=f9f28fc8:3200
[   16442ms] [TIMESTAMP] $e1995378a142960e$var$CollectionInner @ http://localhost:5173/node_modules/.vite/deps/react-dom_client.js?v=f9f28fc8:3200
[   16442ms] [TIMESTAMP] $5e8ad37a45e1c704$var$TabsInner @ http://localhost:5173/node_modules/.vite/deps/react-dom_client.js?v=f9f28fc8:3200
[   16442ms] [TIMESTAMP] ForwardRef(bound $64fa3d84918910a7$var$DOMElement) @ http://localhost:5173/node_modules/.vite/deps/react-dom_client.js?v=f9f28fc8:3200
[   16442ms] [TIMESTAMP] $64fa3d84918910a7$export$2881499e37b75b9a @ http://localhost:5173/node_modules/.vite/deps/react-dom_client.js?v=f9f28fc8:3200
[   16442ms] [TIMESTAMP] TabList @ http://localhost:5173/node_modules/.vite/deps/react-dom_client.js?v=f9f28fc8:3200
[   16442ms] [TIMESTAMP] ForwardRef(TabList) @ http://localhost:5173/node_modules/.vite/deps/react-dom_client.js?v=f9f28fc8:3200
[   16442ms] [TIMESTAMP] $5e8ad37a45e1c704$var$TabListInner @ http://localhost:5173/node_modules/.vite/deps/react-dom_client.js?v=f9f28fc8:3200
[   16442ms] [TIMESTAMP] SplitViewToggle @ http://localhost:5173/node_modules/.vite/deps/react-dom_client.js?v=f9f28fc8:3200
[   16442ms] [TIMESTAMP] Tooltip @ http://localhost:5173/node_modules/.vite/deps/react-dom_client.js?v=f9f28fc8:3200
[   16442ms] [TIMESTAMP] Button @ http://localhost:5173/node_modules/.vite/deps/react-dom_client.js?v=f9f28fc8:3200
[   16442ms] [TIMESTAMP] ForwardRef(Button) @ http://localhost:5173/node_modules/.vite/deps/react-dom_client.js?v=f9f28fc8:3200
[   16442ms] [TIMESTAMP] ImagePreview @ http://localhost:5173/node_modules/.vite/deps/react-dom_client.js?v=f9f28fc8:3200
[   16442ms] [TIMESTAMP] ImageContainer @ http://localhost:5173/node_modules/.vite/deps/react-dom_client.js?v=f9f28fc8:3200
[   16442ms] [TIMESTAMP] LavaLoader @ http://localhost:5173/node_modules/.vite/deps/react-dom_client.js?v=f9f28fc8:3200
[   16442ms] [TIMESTAMP] ClientOnly @ http://localhost:5173/node_modules/.vite/deps/react-dom_client.js?v=f9f28fc8:3200
[   16442ms] [TIMESTAMP] LavaLoaderInner @ http://localhost:5173/node_modules/.vite/deps/react-dom_client.js?v=f9f28fc8:3200
[   16442ms] [TIMESTAMP] ImagePreviewInner @ http://localhost:5173/node_modules/.vite/deps/react-dom_client.js?v=f9f28fc8:3200
[   16442ms] [TIMESTAMP] ActiveViewStatePreview @ http://localhost:5173/node_modules/.vite/deps/react-dom_client.js?v=f9f28fc8:3200
[   16442ms] [TIMESTAMP] ChannelsController @ http://localhost:5173/node_modules/.vite/deps/react-dom_client.js?v=f9f28fc8:3200
[   16442ms] [TIMESTAMP] FeatureItem @ http://localhost:5173/node_modules/.vite/deps/react-dom_client.js?v=f9f28fc8:3200
[   16442ms] [TIMESTAMP] FeatureItemStoreProvider @ http://localhost:5173/node_modules/.vite/deps/react-dom_client.js?v=f9f28fc8:3200
[   16442ms] [TIMESTAMP] FeatureItemInner @ http://localhost:5173/node_modules/.vite/deps/react-dom_client.js?v=f9f28fc8:3200
[   16442ms] [TIMESTAMP] OverlaysController @ http://localhost:5173/node_modules/.vite/deps/react-dom_client.js?v=f9f28fc8:3200
[   16442ms] [TIMESTAMP] FeatureItem @ http://localhost:5173/node_modules/.vite/deps/react-dom_client.js?v=f9f28fc8:3200
[   16442ms] [TIMESTAMP] FeatureItemStoreProvider @ http://localhost:5173/node_modules/.vite/deps/react-dom_client.js?v=f9f28fc8:3200
[   16442ms] [TIMESTAMP] FeatureItemInner @ http://localhost:5173/node_modules/.vite/deps/react-dom_client.js?v=f9f28fc8:3200
[   16442ms] [TIMESTAMP] IconButton @ http://localhost:5173/node_modules/.vite/deps/react-dom_client.js?v=f9f28fc8:3200
[   16442ms] [TIMESTAMP] Tooltip @ http://localhost:5173/node_modules/.vite/deps/react-dom_client.js?v=f9f28fc8:3200
[   16442ms] [TIMESTAMP] $4e3b923658d69c60$export$8c610744efcf8a1d @ http://localhost:5173/node_modules/.vite/deps/react-dom_client.js?v=f9f28fc8:3200
[   16442ms] [TIMESTAMP] $64fa3d84918910a7$export$2881499e37b75b9a @ http://localhost:5173/node_modules/.vite/deps/react-dom_client.js?v=f9f28fc8:3200
[   16442ms] [TIMESTAMP] ForwardRef(FocusableProvider) @ http://localhost:5173/node_modules/.vite/deps/react-dom_client.js?v=f9f28fc8:3200
[   16442ms] [TIMESTAMP] ForwardRef(Button) @ http://localhost:5173/node_modules/.vite/deps/react-dom_client.js?v=f9f28fc8:3200
[   16442ms] [TIMESTAMP] ForwardRef(Tooltip) @ http://localhost:5173/node_modules/.vite/deps/react-dom_client.js?v=f9f28fc8:3200
[   16442ms] [TIMESTAMP] EmptyState @ http://localhost:5173/node_modules/.vite/deps/react-dom_client.js?v=f9f28fc8:3200
[   16442ms] [TIMESTAMP] Icon @ http://localhost:5173/node_modules/.vite/deps/react-dom_client.js?v=f9f28fc8:3200
[   16442ms] [TIMESTAMP] Button @ http://localhost:5173/node_modules/.vite/deps/react-dom_client.js?v=f9f28fc8:3200
[   16442ms] [TIMESTAMP] ForwardRef(Button) @ http://localhost:5173/node_modules/.vite/deps/react-dom_client.js?v=f9f28fc8:3200
[   16442ms] [TIMESTAMP] ForwardRef(bound $64fa3d84918910a7$var$DOMElement) @ http://localhost:5173/node_modules/.vite/deps/react-dom_client.js?v=f9f28fc8:3200
[   16442ms] [TIMESTAMP] FeatureBarDragHandle @ http://localhost:5173/node_modules/.vite/deps/react-dom_client.js?v=f9f28fc8:3200
[   16442ms] [TIMESTAMP] ForwardRef(motion.button) @ http://localhost:5173/node_modules/.vite/deps/react-dom_client.js?v=f9f28fc8:3200
[   16442ms] [TIMESTAMP] FeatureBarToggle @ http://localhost:5173/node_modules/.vite/deps/react-dom_client.js?v=f9f28fc8:3200
[   16442ms] [TIMESTAMP] IconButton @ http://localhost:5173/node_modules/.vite/deps/react-dom_client.js?v=f9f28fc8:3200
[   16442ms] [TIMESTAMP] Tooltip @ http://localhost:5173/node_modules/.vite/deps/react-dom_client.js?v=f9f28fc8:3200
[   16442ms] [TIMESTAMP] $4e3b923658d69c60$export$8c610744efcf8a1d @ http://localhost:5173/node_modules/.vite/deps/react-dom_client.js?v=f9f28fc8:3200
[   16442ms] [TIMESTAMP] $64fa3d84918910a7$export$2881499e37b75b9a @ http://localhost:5173/node_modules/.vite/deps/react-dom_client.js?v=f9f28fc8:3200
[   16442ms] [TIMESTAMP] ForwardRef(FocusableProvider) @ http://localhost:5173/node_modules/.vite/deps/react-dom_client.js?v=f9f28fc8:3200
[   16442ms] [TIMESTAMP] ForwardRef(Button) @ http://localhost:5173/node_modules/.vite/deps/react-dom_client.js?v=f9f28fc8:3200
[   16442ms] [TIMESTAMP] ForwardRef(bound $64fa3d84918910a7$var$DOMElement) @ http://localhost:5173/node_modules/.vite/deps/react-dom_client.js?v=f9f28fc8:3200
[   16442ms] [TIMESTAMP] Icon @ http://localhost:5173/node_modules/.vite/deps/react-dom_client.js?v=f9f28fc8:3200
[   16442ms] [TIMESTAMP] ChevronsRight @ http://localhost:5173/node_modules/.vite/deps/react-dom_client.js?v=f9f28fc8:3200
[   16442ms] [TIMESTAMP] ForwardRef @ http://localhost:5173/node_modules/.vite/deps/react-dom_client.js?v=f9f28fc8:3200
[   16442ms] [TIMESTAMP] ForwardRef(Tooltip) @ http://localhost:5173/node_modules/.vite/deps/react-dom_client.js?v=f9f28fc8:3200
[   16443ms] [TIMESTAMP] ImagePanels @ http://localhost:5173/node_modules/.vite/deps/react-dom_client.js?v=f9f28fc8:3200
[   16443ms] [TIMESTAMP] Magnifier @ http://localhost:5173/node_modules/.vite/deps/react-dom_client.js?v=f9f28fc8:3200
[   16443ms] [TIMESTAMP] Input @ http://localhost:5173/node_modules/.vite/deps/react-dom_client.js?v=f9f28fc8:3200
[   16443ms] [TIMESTAMP] ForwardRef(TextField) @ http://localhost:5173/node_modules/.vite/deps/react-dom_client.js?v=f9f28fc8:3200
[   16443ms] [TIMESTAMP] ForwardRef(bound $64fa3d84918910a7$var$DOMElement) @ http://localhost:5173/node_modules/.vite/deps/react-dom_client.js?v=f9f28fc8:3200
[   16443ms] [TIMESTAMP] $64fa3d84918910a7$export$2881499e37b75b9a @ http://localhost:5173/node_modules/.vite/deps/react-dom_client.js?v=f9f28fc8:3200
[   16443ms] [TIMESTAMP] ForwardRef(Input) @ http://localhost:5173/node_modules/.vite/deps/react-dom_client.js?v=f9f28fc8:3200
[   16443ms] [TIMESTAMP] ResetViewStateButton @ http://localhost:5173/node_modules/.vite/deps/react-dom_client.js?v=f9f28fc8:3200
[   16443ms] [TIMESTAMP] IconButton @ http://localhost:5173/node_modules/.vite/deps/react-dom_client.js?v=f9f28fc8:3200
[   16443ms] [TIMESTAMP] Tooltip @ http://localhost:5173/node_modules/.vite/deps/react-dom_client.js?v=f9f28fc8:3200
[   16443ms] [TIMESTAMP] $4e3b923658d69c60$export$8c610744efcf8a1d @ http://localhost:5173/node_modules/.vite/deps/react-dom_client.js?v=f9f28fc8:3200
[   16443ms] [TIMESTAMP] $64fa3d84918910a7$export$2881499e37b75b9a @ http://localhost:5173/node_modules/.vite/deps/react-dom_client.js?v=f9f28fc8:3200
[   16443ms] [TIMESTAMP] ForwardRef(FocusableProvider) @ http://localhost:5173/node_modules/.vite/deps/react-dom_client.js?v=f9f28fc8:3200
[   16443ms] [TIMESTAMP] ForwardRef(Button) @ http://localhost:5173/node_modules/.vite/deps/react-dom_client.js?v=f9f28fc8:3200
[   16443ms] [TIMESTAMP] ForwardRef(bound $64fa3d84918910a7$var$DOMElement) @ http://localhost:5173/node_modules/.vite/deps/react-dom_client.js?v=f9f28fc8:3200
[   16443ms] [TIMESTAMP] ForwardRef(Tooltip) @ http://localhost:5173/node_modules/.vite/deps/react-dom_client.js?v=f9f28fc8:3200
[   16443ms] [TIMESTAMP] SegmentedControl @ http://localhost:5173/node_modules/.vite/deps/react-dom_client.js?v=f9f28fc8:3200
[   16443ms] [TIMESTAMP] ForwardRef(ToggleButtonGroup) @ http://localhost:5173/node_modules/.vite/deps/react-dom_client.js?v=f9f28fc8:3200
[   16443ms] [TIMESTAMP] ForwardRef(bound $64fa3d84918910a7$var$DOMElement) @ http://localhost:5173/node_modules/.vite/deps/react-dom_client.js?v=f9f28fc8:3200
[   16443ms] [TIMESTAMP] $c8a5a149f625efcf$export$758399f318e6385a @ http://localhost:5173/node_modules/.vite/deps/react-dom_client.js?v=f9f28fc8:3200
[   16443ms] [TIMESTAMP] SegmentedControlItem @ http://localhost:5173/node_modules/.vite/deps/react-dom_client.js?v=f9f28fc8:3200
[   16443ms] [TIMESTAMP] ForwardRef(ToggleButton) @ http://localhost:5173/node_modules/.vite/deps/react-dom_client.js?v=f9f28fc8:3200
[   16443ms] [TIMESTAMP] SegmentedControlItem @ http://localhost:5173/node_modules/.vite/deps/react-dom_client.js?v=f9f28fc8:3200
[   16443ms] [TIMESTAMP] ForwardRef(ToggleButton) @ http://localhost:5173/node_modules/.vite/deps/react-dom_client.js?v=f9f28fc8:3200
[   16443ms] [TIMESTAMP] SegmentedControlItem @ http://localhost:5173/node_modules/.vite/deps/react-dom_client.js?v=f9f28fc8:3200
[   16443ms] [TIMESTAMP] ForwardRef(ToggleButton) @ http://localhost:5173/node_modules/.vite/deps/react-dom_client.js?v=f9f28fc8:3200
[   16443ms] [TIMESTAMP] ForwardRef(bound $64fa3d84918910a7$var$DOMElement) @ http://localhost:5173/node_modules/.vite/deps/react-dom_client.js?v=f9f28fc8:3200
[   16443ms] [TIMESTAMP] SegmentedControlItem @ http://localhost:5173/node_modules/.vite/deps/react-dom_client.js?v=f9f28fc8:3200
[   16443ms] [TIMESTAMP] ForwardRef(ToggleButton) @ http://localhost:5173/node_modules/.vite/deps/react-dom_client.js?v=f9f28fc8:3200
[   16443ms] [TIMESTAMP] SegmentedControlItem @ http://localhost:5173/node_modules/.vite/deps/react-dom_client.js?v=f9f28fc8:3200
[   16443ms] [TIMESTAMP] ForwardRef(ToggleButton) @ http://localhost:5173/node_modules/.vite/deps/react-dom_client.js?v=f9f28fc8:3200
[   16443ms] [TIMESTAMP] Remaining Effects @ http://localhost:5173/node_modules/.vite/deps/react-dom_client.js?v=f9f28fc8:13177
[   16443ms] [TIMESTAMP] Blocking Track @ http://localhost:5173/node_modules/.vite/deps/react-dom_client.js?v=f9f28fc8:12095
[   16443ms] [TIMESTAMP] Transition Track @ http://localhost:5173/node_modules/.vite/deps/react-dom_client.js?v=f9f28fc8:12102
[   16443ms] [TIMESTAMP] Suspense Track @ http://localhost:5173/node_modules/.vite/deps/react-dom_client.js?v=f9f28fc8:12109
[   16443ms] [TIMESTAMP] Idle Track @ http://localhost:5173/node_modules/.vite/deps/react-dom_client.js?v=f9f28fc8:12116
[   16443ms] [WARNING] If you do not provide a visible label, you must specify an aria-label or aria-labelledby attribute for accessibility @ http://localhost:5173/node_modules/.vite/deps/react-aria-components.js?v=f9f28fc8:12844
[   16443ms] [WARNING] If you do not provide a visible label, you must specify an aria-label or aria-labelledby attribute for accessibility @ http://localhost:5173/node_modules/.vite/deps/react-aria-components.js?v=f9f28fc8:12844
[   16443ms] [TIMESTAMP] Render @ http://localhost:5173/node_modules/.vite/deps/react-dom_client.js?v=f9f28fc8:3314
[   16443ms] [TIMESTAMP] item @ http://localhost:5173/node_modules/.vite/deps/react-dom_client.js?v=f9f28fc8:3291
[   16443ms] [TIMESTAMP] Commit @ http://localhost:5173/node_modules/.vite/deps/react-dom_client.js?v=f9f28fc8:12955
[   16443ms] [TIMESTAMP] AppHeader @ http://localhost:5173/node_modules/.vite/deps/react-dom_client.js?v=f9f28fc8:3200
[   16443ms] [TIMESTAMP] ForwardRef(motion.path) @ http://localhost:5173/node_modules/.vite/deps/react-dom_client.js?v=f9f28fc8:3291
[   16444ms] [TIMESTAMP] Magnifier @ http://localhost:5173/node_modules/.vite/deps/react-dom_client.js?v=f9f28fc8:3200
[   16444ms] [TIMESTAMP] Input @ http://localhost:5173/node_modules/.vite/deps/react-dom_client.js?v=f9f28fc8:3200
[   16444ms] [TIMESTAMP] ForwardRef(TextField) @ http://localhost:5173/node_modules/.vite/deps/react-dom_client.js?v=f9f28fc8:3200
[   16444ms] [TIMESTAMP] ForwardRef(bound $64fa3d84918910a7$var$DOMElement) @ http://localhost:5173/node_modules/.vite/deps/react-dom_client.js?v=f9f28fc8:3200
[   16444ms] [TIMESTAMP] $64fa3d84918910a7$export$2881499e37b75b9a @ http://localhost:5173/node_modules/.vite/deps/react-dom_client.js?v=f9f28fc8:3200
[   16444ms] [TIMESTAMP] ForwardRef(Input) @ http://localhost:5173/node_modules/.vite/deps/react-dom_client.js?v=f9f28fc8:3200
[   16444ms] [TIMESTAMP] ResetViewStateButton @ http://localhost:5173/node_modules/.vite/deps/react-dom_client.js?v=f9f28fc8:3200
[   16444ms] [TIMESTAMP] IconButton @ http://localhost:5173/node_modules/.vite/deps/react-dom_client.js?v=f9f28fc8:3200
[   16444ms] [TIMESTAMP] Tooltip @ http://localhost:5173/node_modules/.vite/deps/react-dom_client.js?v=f9f28fc8:3200
[   16444ms] [TIMESTAMP] $4e3b923658d69c60$export$8c610744efcf8a1d @ http://localhost:5173/node_modules/.vite/deps/react-dom_client.js?v=f9f28fc8:3200
[   16444ms] [TIMESTAMP] $64fa3d84918910a7$export$2881499e37b75b9a @ http://localhost:5173/node_modules/.vite/deps/react-dom_client.js?v=f9f28fc8:3200
[   16444ms] [TIMESTAMP] ForwardRef(FocusableProvider) @ http://localhost:5173/node_modules/.vite/deps/react-dom_client.js?v=f9f28fc8:3200
[   16444ms] [TIMESTAMP] ForwardRef(Button) @ http://localhost:5173/node_modules/.vite/deps/react-dom_client.js?v=f9f28fc8:3200
[   16444ms] [TIMESTAMP] ForwardRef(bound $64fa3d84918910a7$var$DOMElement) @ http://localhost:5173/node_modules/.vite/deps/react-dom_client.js?v=f9f28fc8:3200
[   16444ms] [TIMESTAMP] ForwardRef(Tooltip) @ http://localhost:5173/node_modules/.vite/deps/react-dom_client.js?v=f9f28fc8:3200
[   16444ms] [TIMESTAMP] SegmentedControl @ http://localhost:5173/node_modules/.vite/deps/react-dom_client.js?v=f9f28fc8:3200
[   16444ms] [TIMESTAMP] ForwardRef(ToggleButtonGroup) @ http://localhost:5173/node_modules/.vite/deps/react-dom_client.js?v=f9f28fc8:3200
[   16444ms] [TIMESTAMP] ForwardRef(bound $64fa3d84918910a7$var$DOMElement) @ http://localhost:5173/node_modules/.vite/deps/react-dom_client.js?v=f9f28fc8:3200
[   16444ms] [TIMESTAMP] $c8a5a149f625efcf$export$758399f318e6385a @ http://localhost:5173/node_modules/.vite/deps/react-dom_client.js?v=f9f28fc8:3200
[   16444ms] [TIMESTAMP] SegmentedControlItem @ http://localhost:5173/node_modules/.vite/deps/react-dom_client.js?v=f9f28fc8:3200
[   16444ms] [TIMESTAMP] ForwardRef(ToggleButton) @ http://localhost:5173/node_modules/.vite/deps/react-dom_client.js?v=f9f28fc8:3200
[   16444ms] [TIMESTAMP] SegmentedControlItem @ http://localhost:5173/node_modules/.vite/deps/react-dom_client.js?v=f9f28fc8:3200
[   16444ms] [TIMESTAMP] ForwardRef(ToggleButton) @ http://localhost:5173/node_modules/.vite/deps/react-dom_client.js?v=f9f28fc8:3200
[   16444ms] [TIMESTAMP] ForwardRef(bound $64fa3d84918910a7$var$DOMElement) @ http://localhost:5173/node_modules/.vite/deps/react-dom_client.js?v=f9f28fc8:3200
[   16444ms] [TIMESTAMP] SegmentedControlItem @ http://localhost:5173/node_modules/.vite/deps/react-dom_client.js?v=f9f28fc8:3200
[   16444ms] [TIMESTAMP] ForwardRef(ToggleButton) @ http://localhost:5173/node_modules/.vite/deps/react-dom_client.js?v=f9f28fc8:3200
[   16444ms] [TIMESTAMP] SegmentedControlItem @ http://localhost:5173/node_modules/.vite/deps/react-dom_client.js?v=f9f28fc8:3200
[   16444ms] [TIMESTAMP] ForwardRef(ToggleButton) @ http://localhost:5173/node_modules/.vite/deps/react-dom_client.js?v=f9f28fc8:3200
[   16444ms] [TIMESTAMP] SegmentedControlItem @ http://localhost:5173/node_modules/.vite/deps/react-dom_client.js?v=f9f28fc8:3200
[   16444ms] [TIMESTAMP] ForwardRef(ToggleButton) @ http://localhost:5173/node_modules/.vite/deps/react-dom_client.js?v=f9f28fc8:3200
[   16444ms] [TIMESTAMP] $e1995378a142960e$export$bf788dd355e3a401 @ http://localhost:5173/node_modules/.vite/deps/react-dom_client.js?v=f9f28fc8:3200
[   16444ms] [TIMESTAMP] ForwardRef(TabList) @ http://localhost:5173/node_modules/.vite/deps/react-dom_client.js?v=f9f28fc8:3200
[   16444ms] [TIMESTAMP] Component @ http://localhost:5173/node_modules/.vite/deps/react-dom_client.js?v=f9f28fc8:3200
[   16444ms] [TIMESTAMP] ForwardRef(bound $64fa3d84918910a7$var$DOMElement) @ http://localhost:5173/node_modules/.vite/deps/react-dom_client.js?v=f9f28fc8:3200
[   16444ms] [TIMESTAMP] PresetLabel @ http://localhost:5173/node_modules/.vite/deps/react-dom_client.js?v=f9f28fc8:3200
[   16444ms] [TIMESTAMP] Component @ http://localhost:5173/node_modules/.vite/deps/react-dom_client.js?v=f9f28fc8:3200
[   16444ms] [TIMESTAMP] ForwardRef(bound $64fa3d84918910a7$var$DOMElement) @ http://localhost:5173/node_modules/.vite/deps/react-dom_client.js?v=f9f28fc8:3200
[   16444ms] [TIMESTAMP] PresetLabel @ http://localhost:5173/node_modules/.vite/deps/react-dom_client.js?v=f9f28fc8:3200
[   16444ms] [TIMESTAMP] Component @ http://localhost:5173/node_modules/.vite/deps/react-dom_client.js?v=f9f28fc8:3200
[   16444ms] [TIMESTAMP] ForwardRef(bound $64fa3d84918910a7$var$DOMElement) @ http://localhost:5173/node_modules/.vite/deps/react-dom_client.js?v=f9f28fc8:3200
[   16445ms] [TIMESTAMP] PresetLabel @ http://localhost:5173/node_modules/.vite/deps/react-dom_client.js?v=f9f28fc8:3200
[   16445ms] [TIMESTAMP] Component @ http://localhost:5173/node_modules/.vite/deps/react-dom_client.js?v=f9f28fc8:3200
[   16445ms] [TIMESTAMP] ForwardRef(bound $64fa3d84918910a7$var$DOMElement) @ http://localhost:5173/node_modules/.vite/deps/react-dom_client.js?v=f9f28fc8:3200
[   16445ms] [TIMESTAMP] PresetLabel @ http://localhost:5173/node_modules/.vite/deps/react-dom_client.js?v=f9f28fc8:3200
[   16445ms] [TIMESTAMP] ForwardRef(TextField) @ http://localhost:5173/node_modules/.vite/deps/react-dom_client.js?v=f9f28fc8:3200
[   16445ms] [TIMESTAMP] Remaining Effects @ http://localhost:5173/node_modules/.vite/deps/react-dom_client.js?v=f9f28fc8:13177
[   16445ms] [TIMESTAMP] Blocking Track @ http://localhost:5173/node_modules/.vite/deps/react-dom_client.js?v=f9f28fc8:12095
[   16445ms] [TIMESTAMP] Transition Track @ http://localhost:5173/node_modules/.vite/deps/react-dom_client.js?v=f9f28fc8:12102
[   16445ms] [TIMESTAMP] Suspense Track @ http://localhost:5173/node_modules/.vite/deps/react-dom_client.js?v=f9f28fc8:12109
[   16445ms] [TIMESTAMP] Idle Track @ http://localhost:5173/node_modules/.vite/deps/react-dom_client.js?v=f9f28fc8:12116
[   16446ms] [WARNING] If you do not provide a visible label, you must specify an aria-label or aria-labelledby attribute for accessibility @ http://localhost:5173/node_modules/.vite/deps/react-aria-components.js?v=f9f28fc8:12844
[   16447ms] [TIMESTAMP] Render @ http://localhost:5173/node_modules/.vite/deps/react-dom_client.js?v=f9f28fc8:3314
[   16447ms] [TIMESTAMP] $e1995378a142960e$export$bf788dd355e3a401 @ http://localhost:5173/node_modules/.vite/deps/react-dom_client.js?v=f9f28fc8:3200
[   16447ms] [TIMESTAMP] ForwardRef(TextField) @ http://localhost:5173/node_modules/.vite/deps/react-dom_client.js?v=f9f28fc8:3200
[   16447ms] [TIMESTAMP] Component @ http://localhost:5173/node_modules/.vite/deps/react-dom_client.js?v=f9f28fc8:3200
[   16447ms] [TIMESTAMP] Component @ http://localhost:5173/node_modules/.vite/deps/react-dom_client.js?v=f9f28fc8:3200
[   16447ms] [TIMESTAMP] Component @ http://localhost:5173/node_modules/.vite/deps/react-dom_client.js?v=f9f28fc8:3200
[   16447ms] [TIMESTAMP] Component @ http://localhost:5173/node_modules/.vite/deps/react-dom_client.js?v=f9f28fc8:3200
[   16450ms] [TIMESTAMP] Blocking Track @ http://localhost:5173/node_modules/.vite/deps/react-dom_client.js?v=f9f28fc8:12095
[   16450ms] [TIMESTAMP] Transition Track @ http://localhost:5173/node_modules/.vite/deps/react-dom_client.js?v=f9f28fc8:12102
[   16451ms] [TIMESTAMP] Suspense Track @ http://localhost:5173/node_modules/.vite/deps/react-dom_client.js?v=f9f28fc8:12109
[   16451ms] [TIMESTAMP] Idle Track @ http://localhost:5173/node_modules/.vite/deps/react-dom_client.js?v=f9f28fc8:12116
[   16451ms] [TIMESTAMP] Render @ http://localhost:5173/node_modules/.vite/deps/react-dom_client.js?v=f9f28fc8:3314
[   16454ms] [TIMESTAMP] Waiting for Paint @ http://localhost:5173/node_modules/.vite/deps/react-dom_client.js?v=f9f28fc8:13132
[   16454ms] [TIMESTAMP] ImageContainer @ http://localhost:5173/node_modules/.vite/deps/react-dom_client.js?v=f9f28fc8:3200
[   16454ms] [TIMESTAMP] ImageContainer @ http://localhost:5173/node_modules/.vite/deps/react-dom_client.js?v=f9f28fc8:3200
[   16532ms] [TIMESTAMP] Blocking Track @ http://localhost:5173/node_modules/.vite/deps/react-dom_client.js?v=f9f28fc8:12095
[   16532ms] [TIMESTAMP] Transition Track @ http://localhost:5173/node_modules/.vite/deps/react-dom_client.js?v=f9f28fc8:12102
[   16532ms] [TIMESTAMP] Suspense Track @ http://localhost:5173/node_modules/.vite/deps/react-dom_client.js?v=f9f28fc8:12109
[   16532ms] [TIMESTAMP] Idle Track @ http://localhost:5173/node_modules/.vite/deps/react-dom_client.js?v=f9f28fc8:12116
[   16535ms] [WARNING] If you do not provide a visible label, you must specify an aria-label or aria-labelledby attribute for accessibility @ http://localhost:5173/node_modules/.vite/deps/react-aria-components.js?v=f9f28fc8:12844
[   16540ms] [WARNING] If you do not provide a visible label, you must specify an aria-label or aria-labelledby attribute for accessibility @ http://localhost:5173/node_modules/.vite/deps/react-aria-components.js?v=f9f28fc8:12844
[   16542ms] [TIMESTAMP] Render @ http://localhost:5173/node_modules/.vite/deps/react-dom_client.js?v=f9f28fc8:3314
[   16543ms] [TIMESTAMP] item @ http://localhost:5173/node_modules/.vite/deps/react-dom_client.js?v=f9f28fc8:3291
[   16544ms] [TIMESTAMP] Commit @ http://localhost:5173/node_modules/.vite/deps/react-dom_client.js?v=f9f28fc8:12955
[   16544ms] [TIMESTAMP] RouterProvider @ http://localhost:5173/node_modules/.vite/deps/react-dom_client.js?v=f9f28fc8:3200
[   16544ms] [TIMESTAMP] Layout @ http://localhost:5173/node_modules/.vite/deps/react-dom_client.js?v=f9f28fc8:3200
[   16544ms] [TIMESTAMP] Component @ http://localhost:5173/node_modules/.vite/deps/react-dom_client.js?v=f9f28fc8:3200
[   16544ms] [TIMESTAMP] WithComponentProps2 @ http://localhost:5173/node_modules/.vite/deps/react-dom_client.js?v=f9f28fc8:3200
[   16544ms] [TIMESTAMP] WithComponentProps2 @ http://localhost:5173/node_modules/.vite/deps/react-dom_client.js?v=f9f28fc8:3200
[   16546ms] [TIMESTAMP] WithComponentProps2 @ http://localhost:5173/node_modules/.vite/deps/react-dom_client.js?v=f9f28fc8:3200
[   16546ms] [TIMESTAMP] Component @ http://localhost:5173/node_modules/.vite/deps/react-dom_client.js?v=f9f28fc8:3200
[   16546ms] [TIMESTAMP] Component @ http://localhost:5173/node_modules/.vite/deps/react-dom_client.js?v=f9f28fc8:3200
[   16546ms] [TIMESTAMP] Component @ http://localhost:5173/node_modules/.vite/deps/react-dom_client.js?v=f9f28fc8:3200
[   16546ms] [TIMESTAMP] Component @ http://localhost:5173/node_modules/.vite/deps/react-dom_client.js?v=f9f28fc8:3200
[   16546ms] [TIMESTAMP] Remaining Effects @ http://localhost:5173/node_modules/.vite/deps/react-dom_client.js?v=f9f28fc8:13177
[   16546ms] [TIMESTAMP] Blocking Track @ http://localhost:5173/node_modules/.vite/deps/react-dom_client.js?v=f9f28fc8:12095
[   16546ms] [TIMESTAMP] Transition Track @ http://localhost:5173/node_modules/.vite/deps/react-dom_client.js?v=f9f28fc8:12102
[   16546ms] [TIMESTAMP] Suspense Track @ http://localhost:5173/node_modules/.vite/deps/react-dom_client.js?v=f9f28fc8:12109
[   16546ms] [TIMESTAMP] Idle Track @ http://localhost:5173/node_modules/.vite/deps/react-dom_client.js?v=f9f28fc8:12116
[   16551ms] [WARNING] If you do not provide a visible label, you must specify an aria-label or aria-labelledby attribute for accessibility @ http://localhost:5173/node_modules/.vite/deps/react-aria-components.js?v=f9f28fc8:12844
[   16551ms] [WARNING] If you do not provide a visible label, you must specify an aria-label or aria-labelledby attribute for accessibility @ http://localhost:5173/node_modules/.vite/deps/react-aria-components.js?v=f9f28fc8:12844
[   16551ms] [TIMESTAMP] Render @ http://localhost:5173/node_modules/.vite/deps/react-dom_client.js?v=f9f28fc8:3314
[   16551ms] [TIMESTAMP] item @ http://localhost:5173/node_modules/.vite/deps/react-dom_client.js?v=f9f28fc8:3291
[   16552ms] [TIMESTAMP] Commit @ http://localhost:5173/node_modules/.vite/deps/react-dom_client.js?v=f9f28fc8:12955
[   16552ms] [TIMESTAMP] AppHeader @ http://localhost:5173/node_modules/.vite/deps/react-dom_client.js?v=f9f28fc8:3200
[   16552ms] [TIMESTAMP] $e1995378a142960e$export$bf788dd355e3a401 @ http://localhost:5173/node_modules/.vite/deps/react-dom_client.js?v=f9f28fc8:3200
[   16552ms] [TIMESTAMP] ForwardRef(TabList) @ http://localhost:5173/node_modules/.vite/deps/react-dom_client.js?v=f9f28fc8:3200
[   16552ms] [TIMESTAMP] Remaining Effects @ http://localhost:5173/node_modules/.vite/deps/react-dom_client.js?v=f9f28fc8:13177
[   16553ms] [TIMESTAMP] Blocking Track @ http://localhost:5173/node_modules/.vite/deps/react-dom_client.js?v=f9f28fc8:12095
[   16553ms] [TIMESTAMP] Transition Track @ http://localhost:5173/node_modules/.vite/deps/react-dom_client.js?v=f9f28fc8:12102
[   16553ms] [TIMESTAMP] Suspense Track @ http://localhost:5173/node_modules/.vite/deps/react-dom_client.js?v=f9f28fc8:12109
[   16553ms] [TIMESTAMP] Idle Track @ http://localhost:5173/node_modules/.vite/deps/react-dom_client.js?v=f9f28fc8:12116
[   16553ms] [TIMESTAMP] Render @ http://localhost:5173/node_modules/.vite/deps/react-dom_client.js?v=f9f28fc8:3314
[   16553ms] [TIMESTAMP] $e1995378a142960e$export$bf788dd355e3a401 @ http://localhost:5173/node_modules/.vite/deps/react-dom_client.js?v=f9f28fc8:3200
[   16555ms] [TIMESTAMP] Blocking Track @ http://localhost:5173/node_modules/.vite/deps/react-dom_client.js?v=f9f28fc8:12095
[   16555ms] [TIMESTAMP] Transition Track @ http://localhost:5173/node_modules/.vite/deps/react-dom_client.js?v=f9f28fc8:12102
[   16555ms] [TIMESTAMP] Suspense Track @ http://localhost:5173/node_modules/.vite/deps/react-dom_client.js?v=f9f28fc8:12109
[   16555ms] [TIMESTAMP] Idle Track @ http://localhost:5173/node_modules/.vite/deps/react-dom_client.js?v=f9f28fc8:12116
[   16556ms] [TIMESTAMP] Waiting for Paint @ http://localhost:5173/node_modules/.vite/deps/react-dom_client.js?v=f9f28fc8:13132
[   16556ms] [TIMESTAMP] ImageContainer @ http://localhost:5173/node_modules/.vite/deps/react-dom_client.js?v=f9f28fc8:3200
[   16556ms] [TIMESTAMP] ImageContainer @ http://localhost:5173/node_modules/.vite/deps/react-dom_client.js?v=f9f28fc8:3200
[   16901ms] [TIMESTAMP] Blocking Track @ http://localhost:5173/node_modules/.vite/deps/react-dom_client.js?v=f9f28fc8:12095
[   16902ms] [TIMESTAMP] Transition Track @ http://localhost:5173/node_modules/.vite/deps/react-dom_client.js?v=f9f28fc8:12102
[   16902ms] [TIMESTAMP] Suspense Track @ http://localhost:5173/node_modules/.vite/deps/react-dom_client.js?v=f9f28fc8:12109
[   16902ms] [TIMESTAMP] Idle Track @ http://localhost:5173/node_modules/.vite/deps/react-dom_client.js?v=f9f28fc8:12116
[   16903ms] [TIMESTAMP] Render @ http://localhost:5173/node_modules/.vite/deps/react-dom_client.js?v=f9f28fc8:3314
[   16904ms] [TIMESTAMP] Commit @ http://localhost:5173/node_modules/.vite/deps/react-dom_client.js?v=f9f28fc8:12955
[   16905ms] [TIMESTAMP] ImageContainer @ http://localhost:5173/node_modules/.vite/deps/react-dom_client.js?v=f9f28fc8:3200
[   16905ms] [TIMESTAMP] ImageOff @ http://localhost:5173/node_modules/.vite/deps/react-dom_client.js?v=f9f28fc8:3200
[   16905ms] [TIMESTAMP] ForwardRef @ http://localhost:5173/node_modules/.vite/deps/react-dom_client.js?v=f9f28fc8:3200
[   16905ms] [TIMESTAMP] ImageContainer @ http://localhost:5173/node_modules/.vite/deps/react-dom_client.js?v=f9f28fc8:3200
[   16905ms] [TIMESTAMP] Remaining Effects @ http://localhost:5173/node_modules/.vite/deps/react-dom_client.js?v=f9f28fc8:13177
[   16906ms] [TIMESTAMP] Blocking Track @ http://localhost:5173/node_modules/.vite/deps/react-dom_client.js?v=f9f28fc8:12095
[   16906ms] [TIMESTAMP] Transition Track @ http://localhost:5173/node_modules/.vite/deps/react-dom_client.js?v=f9f28fc8:12102
[   16906ms] [TIMESTAMP] Suspense Track @ http://localhost:5173/node_modules/.vite/deps/react-dom_client.js?v=f9f28fc8:12109
[   16906ms] [TIMESTAMP] Idle Track @ http://localhost:5173/node_modules/.vite/deps/react-dom_client.js?v=f9f28fc8:12116
[   16907ms] [TIMESTAMP] Render @ http://localhost:5173/node_modules/.vite/deps/react-dom_client.js?v=f9f28fc8:3314
[   16907ms] [TIMESTAMP] ImageContainer @ http://localhost:5173/node_modules/.vite/deps/react-dom_client.js?v=f9f28fc8:3200
[   16907ms] [TIMESTAMP] ImageContainer @ http://localhost:5173/node_modules/.vite/deps/react-dom_client.js?v=f9f28fc8:3200
[   20584ms] [TIMESTAMP] Blocking Track @ http://localhost:5173/node_modules/.vite/deps/react-dom_client.js?v=f9f28fc8:12095
[   20585ms] [TIMESTAMP] Transition Track @ http://localhost:5173/node_modules/.vite/deps/react-dom_client.js?v=f9f28fc8:12102
[   20585ms] [TIMESTAMP] Suspense Track @ http://localhost:5173/node_modules/.vite/deps/react-dom_client.js?v=f9f28fc8:12109
[   20585ms] [TIMESTAMP] Idle Track @ http://localhost:5173/node_modules/.vite/deps/react-dom_client.js?v=f9f28fc8:12116
[   20585ms] [TIMESTAMP] Render @ http://localhost:5173/node_modules/.vite/deps/react-dom_client.js?v=f9f28fc8:3314
[   20585ms] [TIMESTAMP] Commit @ http://localhost:5173/node_modules/.vite/deps/react-dom_client.js?v=f9f28fc8:12955
[   20587ms] [TIMESTAMP] Waiting for Paint @ http://localhost:5173/node_modules/.vite/deps/react-dom_client.js?v=f9f28fc8:13132
[   20785ms] [TIMESTAMP] Blocking Track @ http://localhost:5173/node_modules/.vite/deps/react-dom_client.js?v=f9f28fc8:12095
[   20785ms] [TIMESTAMP] Transition Track @ http://localhost:5173/node_modules/.vite/deps/react-dom_client.js?v=f9f28fc8:12102
[   20785ms] [TIMESTAMP] Suspense Track @ http://localhost:5173/node_modules/.vite/deps/react-dom_client.js?v=f9f28fc8:12109
[   20785ms] [TIMESTAMP] Idle Track @ http://localhost:5173/node_modules/.vite/deps/react-dom_client.js?v=f9f28fc8:12116
[   20785ms] [TIMESTAMP] Waiting for Paint @ http://localhost:5173/node_modules/.vite/deps/react-dom_client.js?v=f9f28fc8:13132
[   20786ms] [TIMESTAMP] ToastProvider @ http://localhost:5173/node_modules/.vite/deps/react-dom_client.js?v=f9f28fc8:3200
[   20786ms] [TIMESTAMP] Remaining Effects @ http://localhost:5173/node_modules/.vite/deps/react-dom_client.js?v=f9f28fc8:13177
