[    4814ms] [INFO] Download the React DevTools for a better development experience: https://react.dev/link/react-devtools @ http://localhost:5174/node_modules/.vite/deps/react-dom_client.js?v=91e0f363:20102
[    4820ms] [TIMESTAMP] Blocking Track @ http://localhost:5174/node_modules/.vite/deps/react-dom_client.js?v=91e0f363:12095
[    4820ms] [TIMESTAMP] Transition Track @ http://localhost:5174/node_modules/.vite/deps/react-dom_client.js?v=91e0f363:12102
[    4820ms] [TIMESTAMP] Suspense Track @ http://localhost:5174/node_modules/.vite/deps/react-dom_client.js?v=91e0f363:12109
[    4820ms] [TIMESTAMP] Idle Track @ http://localhost:5174/node_modules/.vite/deps/react-dom_client.js?v=91e0f363:12116
[    4820ms] [TIMESTAMP] Blocking Track @ http://localhost:5174/node_modules/.vite/deps/react-dom_client.js?v=91e0f363:12095
[    4820ms] [TIMESTAMP] Transition Track @ http://localhost:5174/node_modules/.vite/deps/react-dom_client.js?v=91e0f363:12102
[    4820ms] [TIMESTAMP] Suspense Track @ http://localhost:5174/node_modules/.vite/deps/react-dom_client.js?v=91e0f363:12109
[    4820ms] [TIMESTAMP] Idle Track @ http://localhost:5174/node_modules/.vite/deps/react-dom_client.js?v=91e0f363:12116
[    4833ms] [TIMESTAMP] Blocked @ http://localhost:5174/node_modules/.vite/deps/react-dom_client.js?v=91e0f363:11755
[    4851ms] [TIMESTAMP] Blocked @ http://localhost:5174/node_modules/.vite/deps/react-dom_client.js?v=91e0f363:11755
[    4854ms] [TIMESTAMP] Hydrated @ http://localhost:5174/node_modules/.vite/deps/react-dom_client.js?v=91e0f363:3314
[    4855ms] [TIMESTAMP] path @ http://localhost:5174/node_modules/.vite/deps/react-dom_client.js?v=91e0f363:3291
[    4856ms] [TIMESTAMP] ForwardRef(TextField) @ http://localhost:5174/node_modules/.vite/deps/react-dom_client.js?v=91e0f363:3291
[    4856ms] [TIMESTAMP] RouterProvider @ http://localhost:5174/node_modules/.vite/deps/react-dom_client.js?v=91e0f363:3291
[    4857ms] [TIMESTAMP] Commit @ http://localhost:5174/node_modules/.vite/deps/react-dom_client.js?v=91e0f363:12955
[    4857ms] [TIMESTAMP] HydratedRouter @ http://localhost:5174/node_modules/.vite/deps/react-dom_client.js?v=91e0f363:3200
[    4857ms] [TIMESTAMP] RemixErrorBoundary @ http://localhost:5174/node_modules/.vite/deps/react-dom_client.js?v=91e0f363:3200
[    4857ms] [TIMESTAMP] RouterProvider2 @ http://localhost:5174/node_modules/.vite/deps/react-dom_client.js?v=91e0f363:3200
[    4857ms] [TIMESTAMP] RouterProvider @ http://localhost:5174/node_modules/.vite/deps/react-dom_client.js?v=91e0f363:3200
[    4857ms] [TIMESTAMP] Router @ http://localhost:5174/node_modules/.vite/deps/react-dom_client.js?v=91e0f363:3200
[    4857ms] [TIMESTAMP] DataRoutes @ http://localhost:5174/node_modules/.vite/deps/react-dom_client.js?v=91e0f363:3200
[    4857ms] [TIMESTAMP] RenderErrorBoundary @ http://localhost:5174/node_modules/.vite/deps/react-dom_client.js?v=91e0f363:3200
[    4858ms] [TIMESTAMP] RenderedRoute @ http://localhost:5174/node_modules/.vite/deps/react-dom_client.js?v=91e0f363:3200
[    4858ms] [TIMESTAMP] Layout @ http://localhost:5174/node_modules/.vite/deps/react-dom_client.js?v=91e0f363:3200
[    4858ms] [TIMESTAMP] $ea8dcbcb9ea1b556$export$323e4fc2fa4753fb @ http://localhost:5174/node_modules/.vite/deps/react-dom_client.js?v=91e0f363:3200
[    4858ms] [TIMESTAMP] AppHeader @ http://localhost:5174/node_modules/.vite/deps/react-dom_client.js?v=91e0f363:3200
[    4858ms] [TIMESTAMP] Breadcrumbs @ http://localhost:5174/node_modules/.vite/deps/react-dom_client.js?v=91e0f363:3200
[    4858ms] [TIMESTAMP] Link @ http://localhost:5174/node_modules/.vite/deps/react-dom_client.js?v=91e0f363:3200
[    4858ms] [TIMESTAMP] Logo @ http://localhost:5174/node_modules/.vite/deps/react-dom_client.js?v=91e0f363:3200
[    4858ms] [TIMESTAMP] ForwardRef(motion.svg) @ http://localhost:5174/node_modules/.vite/deps/react-dom_client.js?v=91e0f363:3200
[    4858ms] [TIMESTAMP] ForwardRef(motion.path) @ http://localhost:5174/node_modules/.vite/deps/react-dom_client.js?v=91e0f363:3200
[    4858ms] [TIMESTAMP] ForwardRef(motion.path) @ http://localhost:5174/node_modules/.vite/deps/react-dom_client.js?v=91e0f363:3291
[    4858ms] [TIMESTAMP] ForwardRef(motion.path) @ http://localhost:5174/node_modules/.vite/deps/react-dom_client.js?v=91e0f363:3200
[    4858ms] [TIMESTAMP] ForwardRef(motion.path) @ http://localhost:5174/node_modules/.vite/deps/react-dom_client.js?v=91e0f363:3200
[    4858ms] [TIMESTAMP] ForwardRef(motion.path) @ http://localhost:5174/node_modules/.vite/deps/react-dom_client.js?v=91e0f363:3200
[    4858ms] [TIMESTAMP] ForwardRef(motion.path) @ http://localhost:5174/node_modules/.vite/deps/react-dom_client.js?v=91e0f363:3200
[    4858ms] [TIMESTAMP] ForwardRef(motion.path) @ http://localhost:5174/node_modules/.vite/deps/react-dom_client.js?v=91e0f363:3200
[    4858ms] [TIMESTAMP] ForwardRef(motion.path) @ http://localhost:5174/node_modules/.vite/deps/react-dom_client.js?v=91e0f363:3200
[    4858ms] [TIMESTAMP] ForwardRef(motion.path) @ http://localhost:5174/node_modules/.vite/deps/react-dom_client.js?v=91e0f363:3200
[    4858ms] [TIMESTAMP] ForwardRef(motion.svg) @ http://localhost:5174/node_modules/.vite/deps/react-dom_client.js?v=91e0f363:3291
[    4858ms] [TIMESTAMP] Breadcrumbs @ http://localhost:5174/node_modules/.vite/deps/react-dom_client.js?v=91e0f363:3200
[    4859ms] [TIMESTAMP] ForwardRef(Breadcrumbs) @ http://localhost:5174/node_modules/.vite/deps/react-dom_client.js?v=91e0f363:3200
[    4859ms] [TIMESTAMP] $e1995378a142960e$export$bf788dd355e3a401 @ http://localhost:5174/node_modules/.vite/deps/react-dom_client.js?v=91e0f363:3200
[    4859ms] [TIMESTAMP] $f39a9eba43920ace$export$8dc98ba7eadeaa56 @ http://localhost:5174/node_modules/.vite/deps/react-dom_client.js?v=91e0f363:3200
[    4859ms] [TIMESTAMP] $e1995378a142960e$export$fb8073518f34e6ec @ http://localhost:5174/node_modules/.vite/deps/react-dom_client.js?v=91e0f363:3200
[    4859ms] [TIMESTAMP] $e1995378a142960e$var$CollectionRoot @ http://localhost:5174/node_modules/.vite/deps/react-dom_client.js?v=91e0f363:3200
[    4859ms] [TIMESTAMP] $e1995378a142960e$var$CollectionInner @ http://localhost:5174/node_modules/.vite/deps/react-dom_client.js?v=91e0f363:3200
[    4859ms] [TIMESTAMP] ForwardRef(bound $64fa3d84918910a7$var$DOMElement) @ http://localhost:5174/node_modules/.vite/deps/react-dom_client.js?v=91e0f363:3200
[    4859ms] [TIMESTAMP] CollectionRoot @ http://localhost:5174/node_modules/.vite/deps/react-dom_client.js?v=91e0f363:3200
[    4859ms] [TIMESTAMP] Component @ http://localhost:5174/node_modules/.vite/deps/react-dom_client.js?v=91e0f363:3200
[    4859ms] [TIMESTAMP] ForwardRef(bound $64fa3d84918910a7$var$DOMElement) @ http://localhost:5174/node_modules/.vite/deps/react-dom_client.js?v=91e0f363:3200
[    4859ms] [TIMESTAMP] ForwardRef(Link) @ http://localhost:5174/node_modules/.vite/deps/react-dom_client.js?v=91e0f363:3200
[    4859ms] [TIMESTAMP] ForwardRef(bound $64fa3d84918910a7$var$DOMElement) @ http://localhost:5174/node_modules/.vite/deps/react-dom_client.js?v=91e0f363:3200
[    4859ms] [TIMESTAMP] ChevronRight @ http://localhost:5174/node_modules/.vite/deps/react-dom_client.js?v=91e0f363:3200
[    4859ms] [TIMESTAMP] Component @ http://localhost:5174/node_modules/.vite/deps/react-dom_client.js?v=91e0f363:3200
[    4859ms] [TIMESTAMP] ForwardRef(bound $64fa3d84918910a7$var$DOMElement) @ http://localhost:5174/node_modules/.vite/deps/react-dom_client.js?v=91e0f363:3200
[    4859ms] [TIMESTAMP] ForwardRef(Link) @ http://localhost:5174/node_modules/.vite/deps/react-dom_client.js?v=91e0f363:3200
[    4859ms] [TIMESTAMP] ForwardRef(bound $64fa3d84918910a7$var$DOMElement) @ http://localhost:5174/node_modules/.vite/deps/react-dom_client.js?v=91e0f363:3200
[    4859ms] [TIMESTAMP] ForwardRef(Link) @ http://localhost:5174/node_modules/.vite/deps/react-dom_client.js?v=91e0f363:3291
[    4859ms] [TIMESTAMP] ChevronRight @ http://localhost:5174/node_modules/.vite/deps/react-dom_client.js?v=91e0f363:3200
[    4859ms] [TIMESTAMP] Component @ http://localhost:5174/node_modules/.vite/deps/react-dom_client.js?v=91e0f363:3200
[    4859ms] [TIMESTAMP] ForwardRef(bound $64fa3d84918910a7$var$DOMElement) @ http://localhost:5174/node_modules/.vite/deps/react-dom_client.js?v=91e0f363:3200
[    4859ms] [TIMESTAMP] ForwardRef(Link) @ http://localhost:5174/node_modules/.vite/deps/react-dom_client.js?v=91e0f363:3200
[    4859ms] [TIMESTAMP] ChevronRight @ http://localhost:5174/node_modules/.vite/deps/react-dom_client.js?v=91e0f363:3200
[    4859ms] [TIMESTAMP] GlobalSearch @ http://localhost:5174/node_modules/.vite/deps/react-dom_client.js?v=91e0f363:3200
[    4859ms] [TIMESTAMP] SearchBar @ http://localhost:5174/node_modules/.vite/deps/react-dom_client.js?v=91e0f363:3200
[    4859ms] [TIMESTAMP] Input @ http://localhost:5174/node_modules/.vite/deps/react-dom_client.js?v=91e0f363:3200
[    4860ms] [TIMESTAMP] ForwardRef(TextField) @ http://localhost:5174/node_modules/.vite/deps/react-dom_client.js?v=91e0f363:3200
[    4860ms] [TIMESTAMP] ForwardRef(bound $64fa3d84918910a7$var$DOMElement) @ http://localhost:5174/node_modules/.vite/deps/react-dom_client.js?v=91e0f363:3200
[    4860ms] [TIMESTAMP] $64fa3d84918910a7$export$2881499e37b75b9a @ http://localhost:5174/node_modules/.vite/deps/react-dom_client.js?v=91e0f363:3200
[    4860ms] [TIMESTAMP] ForwardRef(Input) @ http://localhost:5174/node_modules/.vite/deps/react-dom_client.js?v=91e0f363:3200
[    4860ms] [TIMESTAMP] Suggestions @ http://localhost:5174/node_modules/.vite/deps/react-dom_client.js?v=91e0f363:3200
[    4860ms] [TIMESTAMP] UserMenu @ http://localhost:5174/node_modules/.vite/deps/react-dom_client.js?v=91e0f363:3200
[    4860ms] [TIMESTAMP] Menu @ http://localhost:5174/node_modules/.vite/deps/react-dom_client.js?v=91e0f363:3200
[    4860ms] [TIMESTAMP] $3674c52c6b3c5bce$export$27d2ad3c5815583e @ http://localhost:5174/node_modules/.vite/deps/react-dom_client.js?v=91e0f363:3200
[    4860ms] [TIMESTAMP] $64fa3d84918910a7$export$2881499e37b75b9a @ http://localhost:5174/node_modules/.vite/deps/react-dom_client.js?v=91e0f363:3200
[    4860ms] [TIMESTAMP] ForwardRef @ http://localhost:5174/node_modules/.vite/deps/react-dom_client.js?v=91e0f363:3200
[    4860ms] [TIMESTAMP] IconButton @ http://localhost:5174/node_modules/.vite/deps/react-dom_client.js?v=91e0f363:3200
[    4860ms] [TIMESTAMP] Tooltip @ http://localhost:5174/node_modules/.vite/deps/react-dom_client.js?v=91e0f363:3200
[    4860ms] [TIMESTAMP] $4e3b923658d69c60$export$8c610744efcf8a1d @ http://localhost:5174/node_modules/.vite/deps/react-dom_client.js?v=91e0f363:3200
[    4860ms] [TIMESTAMP] $64fa3d84918910a7$export$2881499e37b75b9a @ http://localhost:5174/node_modules/.vite/deps/react-dom_client.js?v=91e0f363:3200
[    4860ms] [TIMESTAMP] ForwardRef(FocusableProvider) @ http://localhost:5174/node_modules/.vite/deps/react-dom_client.js?v=91e0f363:3200
[    4860ms] [TIMESTAMP] ForwardRef(Button) @ http://localhost:5174/node_modules/.vite/deps/react-dom_client.js?v=91e0f363:3200
[    4860ms] [TIMESTAMP] ForwardRef(Tooltip) @ http://localhost:5174/node_modules/.vite/deps/react-dom_client.js?v=91e0f363:3200
[    4860ms] [TIMESTAMP] ForwardRef(Popover) @ http://localhost:5174/node_modules/.vite/deps/react-dom_client.js?v=91e0f363:3200
[    4860ms] [TIMESTAMP] WithComponentProps2 @ http://localhost:5174/node_modules/.vite/deps/react-dom_client.js?v=91e0f363:3200
[    4860ms] [TIMESTAMP] App @ http://localhost:5174/node_modules/.vite/deps/react-dom_client.js?v=91e0f363:3200
[    4860ms] [TIMESTAMP] ToastProvider @ http://localhost:5174/node_modules/.vite/deps/react-dom_client.js?v=91e0f363:3200
[    4860ms] [TIMESTAMP] Outlet @ http://localhost:5174/node_modules/.vite/deps/react-dom_client.js?v=91e0f363:3200
[    4860ms] [TIMESTAMP] RenderedRoute @ http://localhost:5174/node_modules/.vite/deps/react-dom_client.js?v=91e0f363:3200
[    4860ms] [TIMESTAMP] WithComponentProps2 @ http://localhost:5174/node_modules/.vite/deps/react-dom_client.js?v=91e0f363:3200
[    4860ms] [TIMESTAMP] ProtectedLayout @ http://localhost:5174/node_modules/.vite/deps/react-dom_client.js?v=91e0f363:3200
[    4861ms] [TIMESTAMP] Outlet @ http://localhost:5174/node_modules/.vite/deps/react-dom_client.js?v=91e0f363:3200
[    4861ms] [TIMESTAMP] RenderedRoute @ http://localhost:5174/node_modules/.vite/deps/react-dom_client.js?v=91e0f363:3200
[    4861ms] [TIMESTAMP] WithComponentProps2 @ http://localhost:5174/node_modules/.vite/deps/react-dom_client.js?v=91e0f363:3200
[    4861ms] [TIMESTAMP] ObjectsRoute @ http://localhost:5174/node_modules/.vite/deps/react-dom_client.js?v=91e0f363:3200
[    4861ms] [TIMESTAMP] ObjectsRoute @ http://localhost:5174/node_modules/.vite/deps/react-dom_client.js?v=91e0f363:3291
[    4861ms] [TIMESTAMP] ModalOutlet @ http://localhost:5174/node_modules/.vite/deps/react-dom_client.js?v=91e0f363:3200
[    4862ms] [TIMESTAMP] ToastContainer @ http://localhost:5174/node_modules/.vite/deps/react-dom_client.js?v=91e0f363:3200
[    4862ms] [TIMESTAMP] ScrollRestoration @ http://localhost:5174/node_modules/.vite/deps/react-dom_client.js?v=91e0f363:3200
[    4862ms] [TIMESTAMP] Scripts @ http://localhost:5174/node_modules/.vite/deps/react-dom_client.js?v=91e0f363:3200
[    4862ms] [TIMESTAMP] Remaining Effects @ http://localhost:5174/node_modules/.vite/deps/react-dom_client.js?v=91e0f363:13177
[    4862ms] [TIMESTAMP] Blocking Track @ http://localhost:5174/node_modules/.vite/deps/react-dom_client.js?v=91e0f363:12095
[    4862ms] [TIMESTAMP] Transition Track @ http://localhost:5174/node_modules/.vite/deps/react-dom_client.js?v=91e0f363:12102
[    4862ms] [TIMESTAMP] Suspense Track @ http://localhost:5174/node_modules/.vite/deps/react-dom_client.js?v=91e0f363:12109
[    4862ms] [TIMESTAMP] Idle Track @ http://localhost:5174/node_modules/.vite/deps/react-dom_client.js?v=91e0f363:12116
[    4864ms] [WARNING] If you do not provide a visible label, you must specify an aria-label or aria-labelledby attribute for accessibility @ http://localhost:5174/node_modules/.vite/deps/react-aria-components.js?v=91e0f363:12844
[    4866ms] [TIMESTAMP] Render @ http://localhost:5174/node_modules/.vite/deps/react-dom_client.js?v=91e0f363:3314
[    4867ms] [TIMESTAMP] Commit @ http://localhost:5174/node_modules/.vite/deps/react-dom_client.js?v=91e0f363:12955
[    4867ms] [TIMESTAMP] ForwardRef(TextField) @ http://localhost:5174/node_modules/.vite/deps/react-dom_client.js?v=91e0f363:3291
[    4867ms] [TIMESTAMP] HydratedRouter @ http://localhost:5174/node_modules/.vite/deps/react-dom_client.js?v=91e0f363:3200
[    4867ms] [TIMESTAMP] Meta @ http://localhost:5174/node_modules/.vite/deps/react-dom_client.js?v=91e0f363:3200
[    4867ms] [TIMESTAMP] Links @ http://localhost:5174/node_modules/.vite/deps/react-dom_client.js?v=91e0f363:3200
[    4867ms] [TIMESTAMP] Link @ http://localhost:5174/node_modules/.vite/deps/react-dom_client.js?v=91e0f363:3200
[    4867ms] [TIMESTAMP] ForwardRef(Breadcrumbs) @ http://localhost:5174/node_modules/.vite/deps/react-dom_client.js?v=91e0f363:3200
[    4867ms] [TIMESTAMP] ForwardRef(TextField) @ http://localhost:5174/node_modules/.vite/deps/react-dom_client.js?v=91e0f363:3200
[    4868ms] [TIMESTAMP] ForwardRef(Input) @ http://localhost:5174/node_modules/.vite/deps/react-dom_client.js?v=91e0f363:3200
[    4868ms] [TIMESTAMP] $3674c52c6b3c5bce$export$27d2ad3c5815583e @ http://localhost:5174/node_modules/.vite/deps/react-dom_client.js?v=91e0f363:3200
[    4868ms] [TIMESTAMP] $4e3b923658d69c60$export$8c610744efcf8a1d @ http://localhost:5174/node_modules/.vite/deps/react-dom_client.js?v=91e0f363:3200
[    4868ms] [TIMESTAMP] ForwardRef(Button) @ http://localhost:5174/node_modules/.vite/deps/react-dom_client.js?v=91e0f363:3200
[    4868ms] [TIMESTAMP] ForwardRef(Tooltip) @ http://localhost:5174/node_modules/.vite/deps/react-dom_client.js?v=91e0f363:3200
[    4868ms] [TIMESTAMP] ForwardRef(Popover) @ http://localhost:5174/node_modules/.vite/deps/react-dom_client.js?v=91e0f363:3200
[    4868ms] [TIMESTAMP] ScrollRestoration @ http://localhost:5174/node_modules/.vite/deps/react-dom_client.js?v=91e0f363:3200
[    4868ms] [TIMESTAMP] Scripts @ http://localhost:5174/node_modules/.vite/deps/react-dom_client.js?v=91e0f363:3200
[    4868ms] [TIMESTAMP] Remaining Effects @ http://localhost:5174/node_modules/.vite/deps/react-dom_client.js?v=91e0f363:13177
[    4868ms] [TIMESTAMP] Blocking Track @ http://localhost:5174/node_modules/.vite/deps/react-dom_client.js?v=91e0f363:12095
[    4868ms] [TIMESTAMP] Transition Track @ http://localhost:5174/node_modules/.vite/deps/react-dom_client.js?v=91e0f363:12102
[    4868ms] [TIMESTAMP] Suspense Track @ http://localhost:5174/node_modules/.vite/deps/react-dom_client.js?v=91e0f363:12109
[    4868ms] [TIMESTAMP] Idle Track @ http://localhost:5174/node_modules/.vite/deps/react-dom_client.js?v=91e0f363:12116
[    4870ms] [TIMESTAMP] Render @ http://localhost:5174/node_modules/.vite/deps/react-dom_client.js?v=91e0f363:3314
[    4871ms] [TIMESTAMP] $e1995378a142960e$export$bf788dd355e3a401 @ http://localhost:5174/node_modules/.vite/deps/react-dom_client.js?v=91e0f363:3200
[    4871ms] [TIMESTAMP] Component @ http://localhost:5174/node_modules/.vite/deps/react-dom_client.js?v=91e0f363:3200
[    4871ms] [TIMESTAMP] ForwardRef(bound $64fa3d84918910a7$var$DOMElement) @ http://localhost:5174/node_modules/.vite/deps/react-dom_client.js?v=91e0f363:3200
[    4871ms] [TIMESTAMP] ForwardRef(Link) @ http://localhost:5174/node_modules/.vite/deps/react-dom_client.js?v=91e0f363:3200
[    4871ms] [TIMESTAMP] ChevronRight @ http://localhost:5174/node_modules/.vite/deps/react-dom_client.js?v=91e0f363:3200
[    4871ms] [TIMESTAMP] Component @ http://localhost:5174/node_modules/.vite/deps/react-dom_client.js?v=91e0f363:3200
[    4871ms] [TIMESTAMP] ForwardRef(bound $64fa3d84918910a7$var$DOMElement) @ http://localhost:5174/node_modules/.vite/deps/react-dom_client.js?v=91e0f363:3200
[    4871ms] [TIMESTAMP] ForwardRef(Link) @ http://localhost:5174/node_modules/.vite/deps/react-dom_client.js?v=91e0f363:3200
[    4871ms] [TIMESTAMP] ChevronRight @ http://localhost:5174/node_modules/.vite/deps/react-dom_client.js?v=91e0f363:3200
[    4871ms] [TIMESTAMP] ForwardRef @ http://localhost:5174/node_modules/.vite/deps/react-dom_client.js?v=91e0f363:3200
[    4871ms] [TIMESTAMP] Component @ http://localhost:5174/node_modules/.vite/deps/react-dom_client.js?v=91e0f363:3200
[    4871ms] [TIMESTAMP] ForwardRef(bound $64fa3d84918910a7$var$DOMElement) @ http://localhost:5174/node_modules/.vite/deps/react-dom_client.js?v=91e0f363:3200
[    4871ms] [TIMESTAMP] ForwardRef(Link) @ http://localhost:5174/node_modules/.vite/deps/react-dom_client.js?v=91e0f363:3200
[    4871ms] [TIMESTAMP] ChevronRight @ http://localhost:5174/node_modules/.vite/deps/react-dom_client.js?v=91e0f363:3200
[    4878ms] [TIMESTAMP] Blocking Track @ http://localhost:5174/node_modules/.vite/deps/react-dom_client.js?v=91e0f363:12095
[    4878ms] [TIMESTAMP] Transition Track @ http://localhost:5174/node_modules/.vite/deps/react-dom_client.js?v=91e0f363:12102
[    4878ms] [TIMESTAMP] Suspense Track @ http://localhost:5174/node_modules/.vite/deps/react-dom_client.js?v=91e0f363:12109
[    4878ms] [TIMESTAMP] Idle Track @ http://localhost:5174/node_modules/.vite/deps/react-dom_client.js?v=91e0f363:12116
[    4878ms] [TIMESTAMP] Render @ http://localhost:5174/node_modules/.vite/deps/react-dom_client.js?v=91e0f363:3314
[    4879ms] [TIMESTAMP] Commit @ http://localhost:5174/node_modules/.vite/deps/react-dom_client.js?v=91e0f363:12955
[    4880ms] [TIMESTAMP] Waiting for Paint @ http://localhost:5174/node_modules/.vite/deps/react-dom_client.js?v=91e0f363:13132
[    4880ms] [TIMESTAMP] $3674c52c6b3c5bce$export$27d2ad3c5815583e @ http://localhost:5174/node_modules/.vite/deps/react-dom_client.js?v=91e0f363:3200
[    4880ms] [TIMESTAMP] ForwardRef(Button) @ http://localhost:5174/node_modules/.vite/deps/react-dom_client.js?v=91e0f363:3200
[    4880ms] [TIMESTAMP] ForwardRef(Popover) @ http://localhost:5174/node_modules/.vite/deps/react-dom_client.js?v=91e0f363:3200
[    4880ms] [TIMESTAMP] Blocking Track @ http://localhost:5174/node_modules/.vite/deps/react-dom_client.js?v=91e0f363:12095
[    4880ms] [TIMESTAMP] Transition Track @ http://localhost:5174/node_modules/.vite/deps/react-dom_client.js?v=91e0f363:12102
[    4880ms] [TIMESTAMP] Suspense Track @ http://localhost:5174/node_modules/.vite/deps/react-dom_client.js?v=91e0f363:12109
[    4880ms] [TIMESTAMP] Idle Track @ http://localhost:5174/node_modules/.vite/deps/react-dom_client.js?v=91e0f363:12116
[    4886ms] [WARNING] If you do not provide a visible label, you must specify an aria-label or aria-labelledby attribute for accessibility @ http://localhost:5174/node_modules/.vite/deps/react-aria-components.js?v=91e0f363:12844
[    4888ms] [TIMESTAMP] Render @ http://localhost:5174/node_modules/.vite/deps/react-dom_client.js?v=91e0f363:3314
[    4889ms] [TIMESTAMP] item @ http://localhost:5174/node_modules/.vite/deps/react-dom_client.js?v=91e0f363:3291
[    4889ms] [TIMESTAMP] Commit @ http://localhost:5174/node_modules/.vite/deps/react-dom_client.js?v=91e0f363:12955
[    4889ms] [TIMESTAMP] RouterProvider @ http://localhost:5174/node_modules/.vite/deps/react-dom_client.js?v=91e0f363:3200
[    4889ms] [TIMESTAMP] Layout @ http://localhost:5174/node_modules/.vite/deps/react-dom_client.js?v=91e0f363:3200
[    4889ms] [TIMESTAMP] ForwardRef(motion.path) @ http://localhost:5174/node_modules/.vite/deps/react-dom_client.js?v=91e0f363:3291
[    4889ms] [TIMESTAMP] Component @ http://localhost:5174/node_modules/.vite/deps/react-dom_client.js?v=91e0f363:3200
[    4889ms] [TIMESTAMP] ForwardRef(Link) @ http://localhost:5174/node_modules/.vite/deps/react-dom_client.js?v=91e0f363:3200
[    4890ms] [TIMESTAMP] WithComponentProps2 @ http://localhost:5174/node_modules/.vite/deps/react-dom_client.js?v=91e0f363:3200
[    4890ms] [TIMESTAMP] WithComponentProps2 @ http://localhost:5174/node_modules/.vite/deps/react-dom_client.js?v=91e0f363:3200
[    4890ms] [TIMESTAMP] WithComponentProps2 @ http://localhost:5174/node_modules/.vite/deps/react-dom_client.js?v=91e0f363:3200
[    4890ms] [TIMESTAMP] Remaining Effects @ http://localhost:5174/node_modules/.vite/deps/react-dom_client.js?v=91e0f363:13177
[    4890ms] [TIMESTAMP] Blocking Track @ http://localhost:5174/node_modules/.vite/deps/react-dom_client.js?v=91e0f363:12095
[    4890ms] [TIMESTAMP] Transition Track @ http://localhost:5174/node_modules/.vite/deps/react-dom_client.js?v=91e0f363:12102
[    4890ms] [TIMESTAMP] Suspense Track @ http://localhost:5174/node_modules/.vite/deps/react-dom_client.js?v=91e0f363:12109
[    4890ms] [TIMESTAMP] Idle Track @ http://localhost:5174/node_modules/.vite/deps/react-dom_client.js?v=91e0f363:12116
[    4891ms] [TIMESTAMP] Render @ http://localhost:5174/node_modules/.vite/deps/react-dom_client.js?v=91e0f363:3314
[    4892ms] [TIMESTAMP] $e1995378a142960e$export$bf788dd355e3a401 @ http://localhost:5174/node_modules/.vite/deps/react-dom_client.js?v=91e0f363:3200
[    5264ms] [TIMESTAMP] Blocking Track @ http://localhost:5174/node_modules/.vite/deps/react-dom_client.js?v=91e0f363:12095
[    5265ms] [TIMESTAMP] Transition Track @ http://localhost:5174/node_modules/.vite/deps/react-dom_client.js?v=91e0f363:12102
[    5265ms] [TIMESTAMP] Suspense Track @ http://localhost:5174/node_modules/.vite/deps/react-dom_client.js?v=91e0f363:12109
[    5265ms] [TIMESTAMP] Idle Track @ http://localhost:5174/node_modules/.vite/deps/react-dom_client.js?v=91e0f363:12116
[    5268ms] [WARNING] If you do not provide a visible label, you must specify an aria-label or aria-labelledby attribute for accessibility @ http://localhost:5174/node_modules/.vite/deps/react-aria-components.js?v=91e0f363:12844
[    5271ms] [TIMESTAMP] Render @ http://localhost:5174/node_modules/.vite/deps/react-dom_client.js?v=91e0f363:3314
[    5272ms] [TIMESTAMP] item @ http://localhost:5174/node_modules/.vite/deps/react-dom_client.js?v=91e0f363:3291
[    5273ms] [TIMESTAMP] Commit @ http://localhost:5174/node_modules/.vite/deps/react-dom_client.js?v=91e0f363:12955
[    5273ms] [TIMESTAMP] RouterProvider @ http://localhost:5174/node_modules/.vite/deps/react-dom_client.js?v=91e0f363:3200
[    5273ms] [TIMESTAMP] Layout @ http://localhost:5174/node_modules/.vite/deps/react-dom_client.js?v=91e0f363:3200
[    5273ms] [TIMESTAMP] WithComponentProps2 @ http://localhost:5174/node_modules/.vite/deps/react-dom_client.js?v=91e0f363:3200
[    5273ms] [TIMESTAMP] WithComponentProps2 @ http://localhost:5174/node_modules/.vite/deps/react-dom_client.js?v=91e0f363:3200
[    5274ms] [TIMESTAMP] WithComponentProps2 @ http://localhost:5174/node_modules/.vite/deps/react-dom_client.js?v=91e0f363:3200
[    5274ms] [TIMESTAMP] Remaining Effects @ http://localhost:5174/node_modules/.vite/deps/react-dom_client.js?v=91e0f363:13177
[    5274ms] [TIMESTAMP] Blocking Track @ http://localhost:5174/node_modules/.vite/deps/react-dom_client.js?v=91e0f363:12095
[    5274ms] [TIMESTAMP] Transition Track @ http://localhost:5174/node_modules/.vite/deps/react-dom_client.js?v=91e0f363:12102
[    5274ms] [TIMESTAMP] Suspense Track @ http://localhost:5174/node_modules/.vite/deps/react-dom_client.js?v=91e0f363:12109
[    5274ms] [TIMESTAMP] Idle Track @ http://localhost:5174/node_modules/.vite/deps/react-dom_client.js?v=91e0f363:12116
[    5275ms] [TIMESTAMP] Render @ http://localhost:5174/node_modules/.vite/deps/react-dom_client.js?v=91e0f363:3314
[    5276ms] [TIMESTAMP] $e1995378a142960e$export$bf788dd355e3a401 @ http://localhost:5174/node_modules/.vite/deps/react-dom_client.js?v=91e0f363:3200
[    5301ms] [ERROR] [JavaScript Error: "Cross-Origin Request Blocked: The Same Origin Policy disallows reading the remote resource at https://s3.us-east-1.amazonaws.com/ultivue.cytario?list-type=2&max-keys=1000&prefix=Repository%20Demo%20Deliverables%2FBatch%20NSCLC%2012-plex%2FBatch%20Images%2FULT-2020-111-014-1_jp2k.ome.tif%2F&delimiter=%2F. (Reason: CORS header ‘Access-Control-Allow-Origin’ missing). Status code: 403."] @ :0
[    5301ms] [ERROR] Error in objects clientLoader: Error @ http://localhost:5174/app/routes/objects/objects.clientLoader.ts:34
[    5302ms] [ERROR] [JavaScript Error: "Cross-Origin Request Blocked: The Same Origin Policy disallows reading the remote resource at https://s3.us-east-1.amazonaws.com/ultivue.cytario?list-type=2&max-keys=1000&prefix=Repository%20Demo%20Deliverables%2FBatch%20NSCLC%2012-plex%2FBatch%20Images%2FULT-2020-111-014-1_jp2k.ome.tif%2F&delimiter=%2F. (Reason: CORS request did not succeed). Status code: (null)."] @ :0
[    5302ms] [TIMESTAMP] Blocking Track @ http://localhost:5174/node_modules/.vite/deps/react-dom_client.js?v=91e0f363:12095
[    5303ms] [TIMESTAMP] Transition Track @ http://localhost:5174/node_modules/.vite/deps/react-dom_client.js?v=91e0f363:12102
[    5303ms] [TIMESTAMP] Suspense Track @ http://localhost:5174/node_modules/.vite/deps/react-dom_client.js?v=91e0f363:12109
[    5303ms] [TIMESTAMP] Idle Track @ http://localhost:5174/node_modules/.vite/deps/react-dom_client.js?v=91e0f363:12116
[    5305ms] [WARNING] If you do not provide a visible label, you must specify an aria-label or aria-labelledby attribute for accessibility @ http://localhost:5174/node_modules/.vite/deps/react-aria-components.js?v=91e0f363:12844
[    5308ms] [TIMESTAMP] Render @ http://localhost:5174/node_modules/.vite/deps/react-dom_client.js?v=91e0f363:3314
[    5309ms] [TIMESTAMP] ForwardRef(motion.path) @ http://localhost:5174/node_modules/.vite/deps/react-dom_client.js?v=91e0f363:3291
[    5309ms] [TIMESTAMP] item @ http://localhost:5174/node_modules/.vite/deps/react-dom_client.js?v=91e0f363:3291
[    5309ms] [TIMESTAMP] Commit @ http://localhost:5174/node_modules/.vite/deps/react-dom_client.js?v=91e0f363:12955
[    5309ms] [TIMESTAMP] RouterProvider @ http://localhost:5174/node_modules/.vite/deps/react-dom_client.js?v=91e0f363:3200
[    5309ms] [TIMESTAMP] Layout @ http://localhost:5174/node_modules/.vite/deps/react-dom_client.js?v=91e0f363:3200
[    5310ms] [TIMESTAMP] WithComponentProps2 @ http://localhost:5174/node_modules/.vite/deps/react-dom_client.js?v=91e0f363:3200
[    5310ms] [TIMESTAMP] WithComponentProps2 @ http://localhost:5174/node_modules/.vite/deps/react-dom_client.js?v=91e0f363:3200
[    5310ms] [TIMESTAMP] WithComponentProps2 @ http://localhost:5174/node_modules/.vite/deps/react-dom_client.js?v=91e0f363:3200
[    5310ms] [TIMESTAMP] EmptyState @ http://localhost:5174/node_modules/.vite/deps/react-dom_client.js?v=91e0f363:3200
[    5310ms] [TIMESTAMP] Icon @ http://localhost:5174/node_modules/.vite/deps/react-dom_client.js?v=91e0f363:3200
[    5310ms] [TIMESTAMP] Button @ http://localhost:5174/node_modules/.vite/deps/react-dom_client.js?v=91e0f363:3200
[    5310ms] [TIMESTAMP] ForwardRef(Button) @ http://localhost:5174/node_modules/.vite/deps/react-dom_client.js?v=91e0f363:3200
[    5310ms] [TIMESTAMP] ForwardRef(bound $64fa3d84918910a7$var$DOMElement) @ http://localhost:5174/node_modules/.vite/deps/react-dom_client.js?v=91e0f363:3200
[    5310ms] [TIMESTAMP] Remaining Effects @ http://localhost:5174/node_modules/.vite/deps/react-dom_client.js?v=91e0f363:13177
[    5310ms] [TIMESTAMP] Blocking Track @ http://localhost:5174/node_modules/.vite/deps/react-dom_client.js?v=91e0f363:12095
[    5311ms] [TIMESTAMP] Transition Track @ http://localhost:5174/node_modules/.vite/deps/react-dom_client.js?v=91e0f363:12102
[    5311ms] [TIMESTAMP] Suspense Track @ http://localhost:5174/node_modules/.vite/deps/react-dom_client.js?v=91e0f363:12109
[    5311ms] [TIMESTAMP] Idle Track @ http://localhost:5174/node_modules/.vite/deps/react-dom_client.js?v=91e0f363:12116
[    5313ms] [TIMESTAMP] Render @ http://localhost:5174/node_modules/.vite/deps/react-dom_client.js?v=91e0f363:3314
[    5313ms] [TIMESTAMP] $e1995378a142960e$export$bf788dd355e3a401 @ http://localhost:5174/node_modules/.vite/deps/react-dom_client.js?v=91e0f363:3200
[    5313ms] [TIMESTAMP] ToastProvider @ http://localhost:5174/node_modules/.vite/deps/react-dom_client.js?v=91e0f363:3200
[    5313ms] [TIMESTAMP] ToastItem @ http://localhost:5174/node_modules/.vite/deps/react-dom_client.js?v=91e0f363:3200
[    5313ms] [TIMESTAMP] Remaining Effects @ http://localhost:5174/node_modules/.vite/deps/react-dom_client.js?v=91e0f363:13177
[    5842ms] [TIMESTAMP] Blocking Track @ http://localhost:5174/node_modules/.vite/deps/react-dom_client.js?v=91e0f363:12095
[    5842ms] [TIMESTAMP] Transition Track @ http://localhost:5174/node_modules/.vite/deps/react-dom_client.js?v=91e0f363:12102
[    5842ms] [TIMESTAMP] Suspense Track @ http://localhost:5174/node_modules/.vite/deps/react-dom_client.js?v=91e0f363:12109
[    5842ms] [TIMESTAMP] Idle Track @ http://localhost:5174/node_modules/.vite/deps/react-dom_client.js?v=91e0f363:12116
[    5846ms] [WARNING] If you do not provide a visible label, you must specify an aria-label or aria-labelledby attribute for accessibility @ http://localhost:5174/node_modules/.vite/deps/react-aria-components.js?v=91e0f363:12844
[    5849ms] [TIMESTAMP] Render @ http://localhost:5174/node_modules/.vite/deps/react-dom_client.js?v=91e0f363:3314
[    5850ms] [TIMESTAMP] item @ http://localhost:5174/node_modules/.vite/deps/react-dom_client.js?v=91e0f363:3291
[    5850ms] [TIMESTAMP] Commit @ http://localhost:5174/node_modules/.vite/deps/react-dom_client.js?v=91e0f363:12955
[    5850ms] [TIMESTAMP] RouterProvider @ http://localhost:5174/node_modules/.vite/deps/react-dom_client.js?v=91e0f363:3200
[    5850ms] [TIMESTAMP] Layout @ http://localhost:5174/node_modules/.vite/deps/react-dom_client.js?v=91e0f363:3200
[    5850ms] [TIMESTAMP] Component @ http://localhost:5174/node_modules/.vite/deps/react-dom_client.js?v=91e0f363:3200
[    5851ms] [TIMESTAMP] WithComponentProps2 @ http://localhost:5174/node_modules/.vite/deps/react-dom_client.js?v=91e0f363:3200
[    5851ms] [TIMESTAMP] WithComponentProps2 @ http://localhost:5174/node_modules/.vite/deps/react-dom_client.js?v=91e0f363:3200
[    5851ms] [TIMESTAMP] WithComponentProps2 @ http://localhost:5174/node_modules/.vite/deps/react-dom_client.js?v=91e0f363:3200
[    5854ms] [TIMESTAMP] ProtectedLayout @ http://localhost:5174/node_modules/.vite/deps/react-dom_client.js?v=91e0f363:3291
[    5854ms] [TIMESTAMP] Remaining Effects @ http://localhost:5174/node_modules/.vite/deps/react-dom_client.js?v=91e0f363:13177
[    5854ms] [TIMESTAMP] Blocking Track @ http://localhost:5174/node_modules/.vite/deps/react-dom_client.js?v=91e0f363:12095
[    5854ms] [TIMESTAMP] Transition Track @ http://localhost:5174/node_modules/.vite/deps/react-dom_client.js?v=91e0f363:12102
[    5854ms] [TIMESTAMP] Suspense Track @ http://localhost:5174/node_modules/.vite/deps/react-dom_client.js?v=91e0f363:12109
[    5854ms] [TIMESTAMP] Idle Track @ http://localhost:5174/node_modules/.vite/deps/react-dom_client.js?v=91e0f363:12116
[    5870ms] [TIMESTAMP] Render @ http://localhost:5174/node_modules/.vite/deps/react-dom_client.js?v=91e0f363:3314
[    5870ms] [TIMESTAMP] $e1995378a142960e$export$bf788dd355e3a401 @ http://localhost:5174/node_modules/.vite/deps/react-dom_client.js?v=91e0f363:3200
[    5870ms] [TIMESTAMP] Remaining Effects @ http://localhost:5174/node_modules/.vite/deps/react-dom_client.js?v=91e0f363:13177
[   15320ms] [TIMESTAMP] Blocking Track @ http://localhost:5174/node_modules/.vite/deps/react-dom_client.js?v=91e0f363:12095
[   15320ms] [TIMESTAMP] Transition Track @ http://localhost:5174/node_modules/.vite/deps/react-dom_client.js?v=91e0f363:12102
[   15320ms] [TIMESTAMP] Suspense Track @ http://localhost:5174/node_modules/.vite/deps/react-dom_client.js?v=91e0f363:12109
[   15320ms] [TIMESTAMP] Idle Track @ http://localhost:5174/node_modules/.vite/deps/react-dom_client.js?v=91e0f363:12116
[   15324ms] [TIMESTAMP] Render @ http://localhost:5174/node_modules/.vite/deps/react-dom_client.js?v=91e0f363:3314
[   15326ms] [TIMESTAMP] Commit @ http://localhost:5174/node_modules/.vite/deps/react-dom_client.js?v=91e0f363:12955
[   15327ms] [TIMESTAMP] Waiting for Paint @ http://localhost:5174/node_modules/.vite/deps/react-dom_client.js?v=91e0f363:13132
[   15328ms] [TIMESTAMP] ToastItem @ http://localhost:5174/node_modules/.vite/deps/react-dom_client.js?v=91e0f363:3200
[   15328ms] [TIMESTAMP] Remaining Effects @ http://localhost:5174/node_modules/.vite/deps/react-dom_client.js?v=91e0f363:13177
[   15522ms] [TIMESTAMP] Blocking Track @ http://localhost:5174/node_modules/.vite/deps/react-dom_client.js?v=91e0f363:12095
[   15522ms] [TIMESTAMP] Transition Track @ http://localhost:5174/node_modules/.vite/deps/react-dom_client.js?v=91e0f363:12102
[   15522ms] [TIMESTAMP] Suspense Track @ http://localhost:5174/node_modules/.vite/deps/react-dom_client.js?v=91e0f363:12109
[   15522ms] [TIMESTAMP] Idle Track @ http://localhost:5174/node_modules/.vite/deps/react-dom_client.js?v=91e0f363:12116
[   15524ms] [TIMESTAMP] Waiting for Paint @ http://localhost:5174/node_modules/.vite/deps/react-dom_client.js?v=91e0f363:13132
[   15524ms] [TIMESTAMP] ToastProvider @ http://localhost:5174/node_modules/.vite/deps/react-dom_client.js?v=91e0f363:3200
[   15524ms] [TIMESTAMP] Remaining Effects @ http://localhost:5174/node_modules/.vite/deps/react-dom_client.js?v=91e0f363:13177
[  121580ms] [LOG] [vite] server connection lost. Polling for restart... @ http://localhost:5174/@vite/client:864
