[    1600ms] [INFO] Download the React DevTools for a better development experience: https://react.dev/link/react-devtools @ http://localhost:5173/node_modules/.vite/deps/react-dom_client.js?v=e06528d8:20102
[    1606ms] [TIMESTAMP] Blocking Track @ http://localhost:5173/node_modules/.vite/deps/react-dom_client.js?v=e06528d8:12095
[    1606ms] [TIMESTAMP] Transition Track @ http://localhost:5173/node_modules/.vite/deps/react-dom_client.js?v=e06528d8:12102
[    1606ms] [TIMESTAMP] Suspense Track @ http://localhost:5173/node_modules/.vite/deps/react-dom_client.js?v=e06528d8:12109
[    1606ms] [TIMESTAMP] Idle Track @ http://localhost:5173/node_modules/.vite/deps/react-dom_client.js?v=e06528d8:12116
[    1606ms] [TIMESTAMP] Blocking Track @ http://localhost:5173/node_modules/.vite/deps/react-dom_client.js?v=e06528d8:12095
[    1606ms] [TIMESTAMP] Transition Track @ http://localhost:5173/node_modules/.vite/deps/react-dom_client.js?v=e06528d8:12102
[    1606ms] [TIMESTAMP] Suspense Track @ http://localhost:5173/node_modules/.vite/deps/react-dom_client.js?v=e06528d8:12109
[    1606ms] [TIMESTAMP] Idle Track @ http://localhost:5173/node_modules/.vite/deps/react-dom_client.js?v=e06528d8:12116
[    1621ms] [TIMESTAMP] Blocked @ http://localhost:5173/node_modules/.vite/deps/react-dom_client.js?v=e06528d8:11755
[    1639ms] [TIMESTAMP] Blocked @ http://localhost:5173/node_modules/.vite/deps/react-dom_client.js?v=e06528d8:11755
[    1645ms] [TIMESTAMP] Hydrated @ http://localhost:5173/node_modules/.vite/deps/react-dom_client.js?v=e06528d8:3314
[    1647ms] [TIMESTAMP] input @ http://localhost:5173/node_modules/.vite/deps/react-dom_client.js?v=e06528d8:3291
[    1647ms] [TIMESTAMP] ForwardRef(TextField) @ http://localhost:5173/node_modules/.vite/deps/react-dom_client.js?v=e06528d8:3291
[    1648ms] [TIMESTAMP] HydratedRouter @ http://localhost:5173/node_modules/.vite/deps/react-dom_client.js?v=e06528d8:3291
[    1648ms] [TIMESTAMP] Commit @ http://localhost:5173/node_modules/.vite/deps/react-dom_client.js?v=e06528d8:12955
[    1649ms] [TIMESTAMP] HydratedRouter @ http://localhost:5173/node_modules/.vite/deps/react-dom_client.js?v=e06528d8:3200
[    1649ms] [TIMESTAMP] RemixErrorBoundary @ http://localhost:5173/node_modules/.vite/deps/react-dom_client.js?v=e06528d8:3200
[    1649ms] [TIMESTAMP] RouterProvider2 @ http://localhost:5173/node_modules/.vite/deps/react-dom_client.js?v=e06528d8:3200
[    1649ms] [TIMESTAMP] RouterProvider @ http://localhost:5173/node_modules/.vite/deps/react-dom_client.js?v=e06528d8:3200
[    1649ms] [TIMESTAMP] Router @ http://localhost:5173/node_modules/.vite/deps/react-dom_client.js?v=e06528d8:3200
[    1649ms] [TIMESTAMP] DataRoutes @ http://localhost:5173/node_modules/.vite/deps/react-dom_client.js?v=e06528d8:3200
[    1649ms] [TIMESTAMP] RenderErrorBoundary @ http://localhost:5173/node_modules/.vite/deps/react-dom_client.js?v=e06528d8:3200
[    1649ms] [TIMESTAMP] RenderedRoute @ http://localhost:5173/node_modules/.vite/deps/react-dom_client.js?v=e06528d8:3200
[    1649ms] [TIMESTAMP] Layout @ http://localhost:5173/node_modules/.vite/deps/react-dom_client.js?v=e06528d8:3200
[    1649ms] [TIMESTAMP] Meta @ http://localhost:5173/node_modules/.vite/deps/react-dom_client.js?v=e06528d8:3200
[    1649ms] [TIMESTAMP] Links @ http://localhost:5173/node_modules/.vite/deps/react-dom_client.js?v=e06528d8:3200
[    1649ms] [TIMESTAMP] $ea8dcbcb9ea1b556$export$323e4fc2fa4753fb @ http://localhost:5173/node_modules/.vite/deps/react-dom_client.js?v=e06528d8:3200
[    1649ms] [TIMESTAMP] AppHeader @ http://localhost:5173/node_modules/.vite/deps/react-dom_client.js?v=e06528d8:3200
[    1649ms] [TIMESTAMP] Breadcrumbs @ http://localhost:5173/node_modules/.vite/deps/react-dom_client.js?v=e06528d8:3200
[    1649ms] [TIMESTAMP] Link @ http://localhost:5173/node_modules/.vite/deps/react-dom_client.js?v=e06528d8:3200
[    1649ms] [TIMESTAMP] Logo @ http://localhost:5173/node_modules/.vite/deps/react-dom_client.js?v=e06528d8:3200
[    1649ms] [TIMESTAMP] ForwardRef(motion.svg) @ http://localhost:5173/node_modules/.vite/deps/react-dom_client.js?v=e06528d8:3200
[    1649ms] [TIMESTAMP] ForwardRef(motion.path) @ http://localhost:5173/node_modules/.vite/deps/react-dom_client.js?v=e06528d8:3200
[    1649ms] [TIMESTAMP] ForwardRef(motion.path) @ http://localhost:5173/node_modules/.vite/deps/react-dom_client.js?v=e06528d8:3200
[    1649ms] [TIMESTAMP] ForwardRef(motion.path) @ http://localhost:5173/node_modules/.vite/deps/react-dom_client.js?v=e06528d8:3200
[    1649ms] [TIMESTAMP] ForwardRef(motion.path) @ http://localhost:5173/node_modules/.vite/deps/react-dom_client.js?v=e06528d8:3200
[    1650ms] [TIMESTAMP] ForwardRef(motion.path) @ http://localhost:5173/node_modules/.vite/deps/react-dom_client.js?v=e06528d8:3200
[    1650ms] [TIMESTAMP] ForwardRef(motion.path) @ http://localhost:5173/node_modules/.vite/deps/react-dom_client.js?v=e06528d8:3200
[    1650ms] [TIMESTAMP] ForwardRef(motion.path) @ http://localhost:5173/node_modules/.vite/deps/react-dom_client.js?v=e06528d8:3200
[    1650ms] [TIMESTAMP] ForwardRef(motion.path) @ http://localhost:5173/node_modules/.vite/deps/react-dom_client.js?v=e06528d8:3200
[    1650ms] [TIMESTAMP] Breadcrumbs @ http://localhost:5173/node_modules/.vite/deps/react-dom_client.js?v=e06528d8:3200
[    1650ms] [TIMESTAMP] ForwardRef(Breadcrumbs) @ http://localhost:5173/node_modules/.vite/deps/react-dom_client.js?v=e06528d8:3200
[    1650ms] [TIMESTAMP] $e1995378a142960e$export$bf788dd355e3a401 @ http://localhost:5173/node_modules/.vite/deps/react-dom_client.js?v=e06528d8:3200
[    1650ms] [TIMESTAMP] $f39a9eba43920ace$export$8dc98ba7eadeaa56 @ http://localhost:5173/node_modules/.vite/deps/react-dom_client.js?v=e06528d8:3200
[    1650ms] [TIMESTAMP] $e1995378a142960e$export$fb8073518f34e6ec @ http://localhost:5173/node_modules/.vite/deps/react-dom_client.js?v=e06528d8:3200
[    1650ms] [TIMESTAMP] $e1995378a142960e$var$CollectionRoot @ http://localhost:5173/node_modules/.vite/deps/react-dom_client.js?v=e06528d8:3200
[    1651ms] [TIMESTAMP] $e1995378a142960e$var$CollectionInner @ http://localhost:5173/node_modules/.vite/deps/react-dom_client.js?v=e06528d8:3200
[    1651ms] [TIMESTAMP] ForwardRef(bound $64fa3d84918910a7$var$DOMElement) @ http://localhost:5173/node_modules/.vite/deps/react-dom_client.js?v=e06528d8:3200
[    1651ms] [TIMESTAMP] CollectionRoot @ http://localhost:5173/node_modules/.vite/deps/react-dom_client.js?v=e06528d8:3200
[    1651ms] [TIMESTAMP] Component @ http://localhost:5173/node_modules/.vite/deps/react-dom_client.js?v=e06528d8:3200
[    1651ms] [TIMESTAMP] ForwardRef(bound $64fa3d84918910a7$var$DOMElement) @ http://localhost:5173/node_modules/.vite/deps/react-dom_client.js?v=e06528d8:3200
[    1651ms] [TIMESTAMP] ForwardRef(Link) @ http://localhost:5173/node_modules/.vite/deps/react-dom_client.js?v=e06528d8:3200
[    1651ms] [TIMESTAMP] ForwardRef(Link) @ http://localhost:5173/node_modules/.vite/deps/react-dom_client.js?v=e06528d8:3291
[    1651ms] [TIMESTAMP] ChevronRight @ http://localhost:5173/node_modules/.vite/deps/react-dom_client.js?v=e06528d8:3200
[    1651ms] [TIMESTAMP] ForwardRef @ http://localhost:5173/node_modules/.vite/deps/react-dom_client.js?v=e06528d8:3200
[    1651ms] [TIMESTAMP] Component @ http://localhost:5173/node_modules/.vite/deps/react-dom_client.js?v=e06528d8:3200
[    1651ms] [TIMESTAMP] ForwardRef(bound $64fa3d84918910a7$var$DOMElement) @ http://localhost:5173/node_modules/.vite/deps/react-dom_client.js?v=e06528d8:3200
[    1651ms] [TIMESTAMP] ForwardRef(Link) @ http://localhost:5173/node_modules/.vite/deps/react-dom_client.js?v=e06528d8:3200
[    1651ms] [TIMESTAMP] ChevronRight @ http://localhost:5173/node_modules/.vite/deps/react-dom_client.js?v=e06528d8:3200
[    1651ms] [TIMESTAMP] Component @ http://localhost:5173/node_modules/.vite/deps/react-dom_client.js?v=e06528d8:3200
[    1651ms] [TIMESTAMP] ForwardRef(bound $64fa3d84918910a7$var$DOMElement) @ http://localhost:5173/node_modules/.vite/deps/react-dom_client.js?v=e06528d8:3200
[    1651ms] [TIMESTAMP] ForwardRef(Link) @ http://localhost:5173/node_modules/.vite/deps/react-dom_client.js?v=e06528d8:3200
[    1651ms] [TIMESTAMP] ForwardRef(bound $64fa3d84918910a7$var$DOMElement) @ http://localhost:5173/node_modules/.vite/deps/react-dom_client.js?v=e06528d8:3200
[    1651ms] [TIMESTAMP] ChevronRight @ http://localhost:5173/node_modules/.vite/deps/react-dom_client.js?v=e06528d8:3200
[    1651ms] [TIMESTAMP] GlobalSearch @ http://localhost:5173/node_modules/.vite/deps/react-dom_client.js?v=e06528d8:3200
[    1651ms] [TIMESTAMP] SearchBar @ http://localhost:5173/node_modules/.vite/deps/react-dom_client.js?v=e06528d8:3200
[    1651ms] [TIMESTAMP] Input @ http://localhost:5173/node_modules/.vite/deps/react-dom_client.js?v=e06528d8:3200
[    1651ms] [TIMESTAMP] ForwardRef(TextField) @ http://localhost:5173/node_modules/.vite/deps/react-dom_client.js?v=e06528d8:3200
[    1651ms] [TIMESTAMP] ForwardRef(bound $64fa3d84918910a7$var$DOMElement) @ http://localhost:5173/node_modules/.vite/deps/react-dom_client.js?v=e06528d8:3200
[    1651ms] [TIMESTAMP] $64fa3d84918910a7$export$2881499e37b75b9a @ http://localhost:5173/node_modules/.vite/deps/react-dom_client.js?v=e06528d8:3200
[    1651ms] [TIMESTAMP] ForwardRef(Input) @ http://localhost:5173/node_modules/.vite/deps/react-dom_client.js?v=e06528d8:3200
[    1651ms] [TIMESTAMP] Suggestions @ http://localhost:5173/node_modules/.vite/deps/react-dom_client.js?v=e06528d8:3200
[    1651ms] [TIMESTAMP] UserMenu @ http://localhost:5173/node_modules/.vite/deps/react-dom_client.js?v=e06528d8:3200
[    1651ms] [TIMESTAMP] Menu @ http://localhost:5173/node_modules/.vite/deps/react-dom_client.js?v=e06528d8:3200
[    1652ms] [TIMESTAMP] $3674c52c6b3c5bce$export$27d2ad3c5815583e @ http://localhost:5173/node_modules/.vite/deps/react-dom_client.js?v=e06528d8:3200
[    1652ms] [TIMESTAMP] $64fa3d84918910a7$export$2881499e37b75b9a @ http://localhost:5173/node_modules/.vite/deps/react-dom_client.js?v=e06528d8:3200
[    1652ms] [TIMESTAMP] ForwardRef @ http://localhost:5173/node_modules/.vite/deps/react-dom_client.js?v=e06528d8:3200
[    1652ms] [TIMESTAMP] IconButton @ http://localhost:5173/node_modules/.vite/deps/react-dom_client.js?v=e06528d8:3200
[    1652ms] [TIMESTAMP] Tooltip @ http://localhost:5173/node_modules/.vite/deps/react-dom_client.js?v=e06528d8:3200
[    1652ms] [TIMESTAMP] $4e3b923658d69c60$export$8c610744efcf8a1d @ http://localhost:5173/node_modules/.vite/deps/react-dom_client.js?v=e06528d8:3200
[    1652ms] [TIMESTAMP] $64fa3d84918910a7$export$2881499e37b75b9a @ http://localhost:5173/node_modules/.vite/deps/react-dom_client.js?v=e06528d8:3200
[    1652ms] [TIMESTAMP] ForwardRef(FocusableProvider) @ http://localhost:5173/node_modules/.vite/deps/react-dom_client.js?v=e06528d8:3200
[    1652ms] [TIMESTAMP] ForwardRef(Button) @ http://localhost:5173/node_modules/.vite/deps/react-dom_client.js?v=e06528d8:3200
[    1652ms] [TIMESTAMP] ForwardRef(bound $64fa3d84918910a7$var$DOMElement) @ http://localhost:5173/node_modules/.vite/deps/react-dom_client.js?v=e06528d8:3200
[    1652ms] [TIMESTAMP] Icon @ http://localhost:5173/node_modules/.vite/deps/react-dom_client.js?v=e06528d8:3200
[    1652ms] [TIMESTAMP] User @ http://localhost:5173/node_modules/.vite/deps/react-dom_client.js?v=e06528d8:3200
[    1652ms] [TIMESTAMP] ForwardRef @ http://localhost:5173/node_modules/.vite/deps/react-dom_client.js?v=e06528d8:3200
[    1652ms] [TIMESTAMP] ForwardRef(Tooltip) @ http://localhost:5173/node_modules/.vite/deps/react-dom_client.js?v=e06528d8:3200
[    1652ms] [TIMESTAMP] ForwardRef(Popover) @ http://localhost:5173/node_modules/.vite/deps/react-dom_client.js?v=e06528d8:3200
[    1653ms] [TIMESTAMP] WithComponentProps2 @ http://localhost:5173/node_modules/.vite/deps/react-dom_client.js?v=e06528d8:3200
[    1653ms] [TIMESTAMP] App @ http://localhost:5173/node_modules/.vite/deps/react-dom_client.js?v=e06528d8:3200
[    1653ms] [TIMESTAMP] ToastProvider @ http://localhost:5173/node_modules/.vite/deps/react-dom_client.js?v=e06528d8:3200
[    1653ms] [TIMESTAMP] Outlet @ http://localhost:5173/node_modules/.vite/deps/react-dom_client.js?v=e06528d8:3200
[    1653ms] [TIMESTAMP] RenderedRoute @ http://localhost:5173/node_modules/.vite/deps/react-dom_client.js?v=e06528d8:3200
[    1653ms] [TIMESTAMP] WithComponentProps2 @ http://localhost:5173/node_modules/.vite/deps/react-dom_client.js?v=e06528d8:3200
[    1653ms] [TIMESTAMP] ProtectedLayout @ http://localhost:5173/node_modules/.vite/deps/react-dom_client.js?v=e06528d8:3200
[    1653ms] [TIMESTAMP] Outlet @ http://localhost:5173/node_modules/.vite/deps/react-dom_client.js?v=e06528d8:3200
[    1653ms] [TIMESTAMP] RenderedRoute @ http://localhost:5173/node_modules/.vite/deps/react-dom_client.js?v=e06528d8:3200
[    1653ms] [TIMESTAMP] WithComponentProps2 @ http://localhost:5173/node_modules/.vite/deps/react-dom_client.js?v=e06528d8:3200
[    1653ms] [TIMESTAMP] ObjectsRoute @ http://localhost:5173/node_modules/.vite/deps/react-dom_client.js?v=e06528d8:3200
[    1654ms] [TIMESTAMP] ObjectsRoute @ http://localhost:5173/node_modules/.vite/deps/react-dom_client.js?v=e06528d8:3291
[    1654ms] [TIMESTAMP] ModalOutlet @ http://localhost:5173/node_modules/.vite/deps/react-dom_client.js?v=e06528d8:3200
[    1654ms] [TIMESTAMP] ToastContainer @ http://localhost:5173/node_modules/.vite/deps/react-dom_client.js?v=e06528d8:3200
[    1654ms] [TIMESTAMP] ScrollRestoration @ http://localhost:5173/node_modules/.vite/deps/react-dom_client.js?v=e06528d8:3200
[    1654ms] [TIMESTAMP] Scripts @ http://localhost:5173/node_modules/.vite/deps/react-dom_client.js?v=e06528d8:3200
[    1655ms] [TIMESTAMP] Remaining Effects @ http://localhost:5173/node_modules/.vite/deps/react-dom_client.js?v=e06528d8:13177
[    1655ms] [TIMESTAMP] Blocking Track @ http://localhost:5173/node_modules/.vite/deps/react-dom_client.js?v=e06528d8:12095
[    1655ms] [TIMESTAMP] Transition Track @ http://localhost:5173/node_modules/.vite/deps/react-dom_client.js?v=e06528d8:12102
[    1655ms] [TIMESTAMP] Suspense Track @ http://localhost:5173/node_modules/.vite/deps/react-dom_client.js?v=e06528d8:12109
[    1655ms] [TIMESTAMP] Idle Track @ http://localhost:5173/node_modules/.vite/deps/react-dom_client.js?v=e06528d8:12116
[    1657ms] [WARNING] If you do not provide a visible label, you must specify an aria-label or aria-labelledby attribute for accessibility @ http://localhost:5173/node_modules/.vite/deps/react-aria-components.js?v=e06528d8:12844
[    1662ms] [TIMESTAMP] Render @ http://localhost:5173/node_modules/.vite/deps/react-dom_client.js?v=e06528d8:3314
[    1663ms] [TIMESTAMP] item @ http://localhost:5173/node_modules/.vite/deps/react-dom_client.js?v=e06528d8:3291
[    1663ms] [TIMESTAMP] Commit @ http://localhost:5173/node_modules/.vite/deps/react-dom_client.js?v=e06528d8:12955
[    1663ms] [TIMESTAMP] HydratedRouter @ http://localhost:5173/node_modules/.vite/deps/react-dom_client.js?v=e06528d8:3200
[    1663ms] [TIMESTAMP] Meta @ http://localhost:5173/node_modules/.vite/deps/react-dom_client.js?v=e06528d8:3200
[    1664ms] [TIMESTAMP] Links @ http://localhost:5173/node_modules/.vite/deps/react-dom_client.js?v=e06528d8:3200
[    1664ms] [TIMESTAMP] Link @ http://localhost:5173/node_modules/.vite/deps/react-dom_client.js?v=e06528d8:3200
[    1664ms] [TIMESTAMP] ForwardRef(Breadcrumbs) @ http://localhost:5173/node_modules/.vite/deps/react-dom_client.js?v=e06528d8:3200
[    1664ms] [TIMESTAMP] ForwardRef(TextField) @ http://localhost:5173/node_modules/.vite/deps/react-dom_client.js?v=e06528d8:3200
[    1664ms] [TIMESTAMP] ForwardRef(Input) @ http://localhost:5173/node_modules/.vite/deps/react-dom_client.js?v=e06528d8:3200
[    1664ms] [TIMESTAMP] $3674c52c6b3c5bce$export$27d2ad3c5815583e @ http://localhost:5173/node_modules/.vite/deps/react-dom_client.js?v=e06528d8:3200
[    1664ms] [TIMESTAMP] $4e3b923658d69c60$export$8c610744efcf8a1d @ http://localhost:5173/node_modules/.vite/deps/react-dom_client.js?v=e06528d8:3200
[    1664ms] [TIMESTAMP] ForwardRef(Button) @ http://localhost:5173/node_modules/.vite/deps/react-dom_client.js?v=e06528d8:3200
[    1664ms] [TIMESTAMP] ForwardRef(Tooltip) @ http://localhost:5173/node_modules/.vite/deps/react-dom_client.js?v=e06528d8:3200
[    1664ms] [TIMESTAMP] ForwardRef(Popover) @ http://localhost:5173/node_modules/.vite/deps/react-dom_client.js?v=e06528d8:3200
[    1664ms] [TIMESTAMP] ScrollRestoration @ http://localhost:5173/node_modules/.vite/deps/react-dom_client.js?v=e06528d8:3200
[    1664ms] [TIMESTAMP] Scripts @ http://localhost:5173/node_modules/.vite/deps/react-dom_client.js?v=e06528d8:3200
[    1664ms] [TIMESTAMP] Remaining Effects @ http://localhost:5173/node_modules/.vite/deps/react-dom_client.js?v=e06528d8:13177
[    1664ms] [TIMESTAMP] Blocking Track @ http://localhost:5173/node_modules/.vite/deps/react-dom_client.js?v=e06528d8:12095
[    1664ms] [TIMESTAMP] Transition Track @ http://localhost:5173/node_modules/.vite/deps/react-dom_client.js?v=e06528d8:12102
[    1664ms] [TIMESTAMP] Suspense Track @ http://localhost:5173/node_modules/.vite/deps/react-dom_client.js?v=e06528d8:12109
[    1664ms] [TIMESTAMP] Idle Track @ http://localhost:5173/node_modules/.vite/deps/react-dom_client.js?v=e06528d8:12116
[    1668ms] [TIMESTAMP] Render @ http://localhost:5173/node_modules/.vite/deps/react-dom_client.js?v=e06528d8:3314
[    1668ms] [TIMESTAMP] $e1995378a142960e$export$bf788dd355e3a401 @ http://localhost:5173/node_modules/.vite/deps/react-dom_client.js?v=e06528d8:3200
[    1668ms] [TIMESTAMP] Component @ http://localhost:5173/node_modules/.vite/deps/react-dom_client.js?v=e06528d8:3200
[    1669ms] [TIMESTAMP] ForwardRef(bound $64fa3d84918910a7$var$DOMElement) @ http://localhost:5173/node_modules/.vite/deps/react-dom_client.js?v=e06528d8:3200
[    1669ms] [TIMESTAMP] ForwardRef(Link) @ http://localhost:5173/node_modules/.vite/deps/react-dom_client.js?v=e06528d8:3200
[    1669ms] [TIMESTAMP] ChevronRight @ http://localhost:5173/node_modules/.vite/deps/react-dom_client.js?v=e06528d8:3200
[    1669ms] [TIMESTAMP] ForwardRef @ http://localhost:5173/node_modules/.vite/deps/react-dom_client.js?v=e06528d8:3200
[    1669ms] [TIMESTAMP] Component @ http://localhost:5173/node_modules/.vite/deps/react-dom_client.js?v=e06528d8:3200
[    1669ms] [TIMESTAMP] ForwardRef(bound $64fa3d84918910a7$var$DOMElement) @ http://localhost:5173/node_modules/.vite/deps/react-dom_client.js?v=e06528d8:3200
[    1669ms] [TIMESTAMP] ForwardRef(Link) @ http://localhost:5173/node_modules/.vite/deps/react-dom_client.js?v=e06528d8:3200
[    1669ms] [TIMESTAMP] ChevronRight @ http://localhost:5173/node_modules/.vite/deps/react-dom_client.js?v=e06528d8:3200
[    1669ms] [TIMESTAMP] Component @ http://localhost:5173/node_modules/.vite/deps/react-dom_client.js?v=e06528d8:3200
[    1669ms] [TIMESTAMP] ForwardRef(bound $64fa3d84918910a7$var$DOMElement) @ http://localhost:5173/node_modules/.vite/deps/react-dom_client.js?v=e06528d8:3200
[    1669ms] [TIMESTAMP] ForwardRef(Link) @ http://localhost:5173/node_modules/.vite/deps/react-dom_client.js?v=e06528d8:3200
[    1669ms] [TIMESTAMP] ForwardRef(bound $64fa3d84918910a7$var$DOMElement) @ http://localhost:5173/node_modules/.vite/deps/react-dom_client.js?v=e06528d8:3200
[    1669ms] [TIMESTAMP] ChevronRight @ http://localhost:5173/node_modules/.vite/deps/react-dom_client.js?v=e06528d8:3200
[    1669ms] [TIMESTAMP] Remaining Effects @ http://localhost:5173/node_modules/.vite/deps/react-dom_client.js?v=e06528d8:13177
[    1678ms] [TIMESTAMP] Blocking Track @ http://localhost:5173/node_modules/.vite/deps/react-dom_client.js?v=e06528d8:12095
[    1678ms] [TIMESTAMP] Transition Track @ http://localhost:5173/node_modules/.vite/deps/react-dom_client.js?v=e06528d8:12102
[    1678ms] [TIMESTAMP] Suspense Track @ http://localhost:5173/node_modules/.vite/deps/react-dom_client.js?v=e06528d8:12109
[    1678ms] [TIMESTAMP] Idle Track @ http://localhost:5173/node_modules/.vite/deps/react-dom_client.js?v=e06528d8:12116
[    1678ms] [TIMESTAMP] Waiting for Paint @ http://localhost:5173/node_modules/.vite/deps/react-dom_client.js?v=e06528d8:13132
[    1679ms] [TIMESTAMP] $3674c52c6b3c5bce$export$27d2ad3c5815583e @ http://localhost:5173/node_modules/.vite/deps/react-dom_client.js?v=e06528d8:3200
[    1679ms] [TIMESTAMP] ForwardRef(Button) @ http://localhost:5173/node_modules/.vite/deps/react-dom_client.js?v=e06528d8:3200
[    1679ms] [TIMESTAMP] ForwardRef(Popover) @ http://localhost:5173/node_modules/.vite/deps/react-dom_client.js?v=e06528d8:3200
[    1679ms] [TIMESTAMP] Remaining Effects @ http://localhost:5173/node_modules/.vite/deps/react-dom_client.js?v=e06528d8:13177
[    1679ms] [TIMESTAMP] Blocking Track @ http://localhost:5173/node_modules/.vite/deps/react-dom_client.js?v=e06528d8:12095
[    1679ms] [TIMESTAMP] Transition Track @ http://localhost:5173/node_modules/.vite/deps/react-dom_client.js?v=e06528d8:12102
[    1679ms] [TIMESTAMP] Suspense Track @ http://localhost:5173/node_modules/.vite/deps/react-dom_client.js?v=e06528d8:12109
[    1679ms] [TIMESTAMP] Idle Track @ http://localhost:5173/node_modules/.vite/deps/react-dom_client.js?v=e06528d8:12116
[    1681ms] [WARNING] If you do not provide a visible label, you must specify an aria-label or aria-labelledby attribute for accessibility @ http://localhost:5173/node_modules/.vite/deps/react-aria-components.js?v=e06528d8:12844
[    1682ms] [TIMESTAMP] Render @ http://localhost:5173/node_modules/.vite/deps/react-dom_client.js?v=e06528d8:3314
[    1683ms] [TIMESTAMP] item @ http://localhost:5173/node_modules/.vite/deps/react-dom_client.js?v=e06528d8:3291
[    1683ms] [TIMESTAMP] Commit @ http://localhost:5173/node_modules/.vite/deps/react-dom_client.js?v=e06528d8:12955
[    1683ms] [TIMESTAMP] RouterProvider @ http://localhost:5173/node_modules/.vite/deps/react-dom_client.js?v=e06528d8:3200
[    1683ms] [TIMESTAMP] Layout @ http://localhost:5173/node_modules/.vite/deps/react-dom_client.js?v=e06528d8:3200
[    1684ms] [TIMESTAMP] ForwardRef(motion.path) @ http://localhost:5173/node_modules/.vite/deps/react-dom_client.js?v=e06528d8:3291
[    1684ms] [TIMESTAMP] WithComponentProps2 @ http://localhost:5173/node_modules/.vite/deps/react-dom_client.js?v=e06528d8:3200
[    1684ms] [TIMESTAMP] WithComponentProps2 @ http://localhost:5173/node_modules/.vite/deps/react-dom_client.js?v=e06528d8:3200
[    1684ms] [TIMESTAMP] WithComponentProps2 @ http://localhost:5173/node_modules/.vite/deps/react-dom_client.js?v=e06528d8:3200
[    1684ms] [TIMESTAMP] Remaining Effects @ http://localhost:5173/node_modules/.vite/deps/react-dom_client.js?v=e06528d8:13177
[    1684ms] [TIMESTAMP] Blocking Track @ http://localhost:5173/node_modules/.vite/deps/react-dom_client.js?v=e06528d8:12095
[    1684ms] [TIMESTAMP] Transition Track @ http://localhost:5173/node_modules/.vite/deps/react-dom_client.js?v=e06528d8:12102
[    1684ms] [TIMESTAMP] Suspense Track @ http://localhost:5173/node_modules/.vite/deps/react-dom_client.js?v=e06528d8:12109
[    1684ms] [TIMESTAMP] Idle Track @ http://localhost:5173/node_modules/.vite/deps/react-dom_client.js?v=e06528d8:12116
[    1686ms] [TIMESTAMP] Commit @ http://localhost:5173/node_modules/.vite/deps/react-dom_client.js?v=e06528d8:12955
[    1686ms] [TIMESTAMP] $e1995378a142960e$export$bf788dd355e3a401 @ http://localhost:5173/node_modules/.vite/deps/react-dom_client.js?v=e06528d8:3200
[    1904ms] [TIMESTAMP] Blocking Track @ http://localhost:5173/node_modules/.vite/deps/react-dom_client.js?v=e06528d8:12095
[    1905ms] [TIMESTAMP] Transition Track @ http://localhost:5173/node_modules/.vite/deps/react-dom_client.js?v=e06528d8:12102
[    1905ms] [TIMESTAMP] Suspense Track @ http://localhost:5173/node_modules/.vite/deps/react-dom_client.js?v=e06528d8:12109
[    1905ms] [TIMESTAMP] Idle Track @ http://localhost:5173/node_modules/.vite/deps/react-dom_client.js?v=e06528d8:12116
[    1908ms] [WARNING] If you do not provide a visible label, you must specify an aria-label or aria-labelledby attribute for accessibility @ http://localhost:5173/node_modules/.vite/deps/react-aria-components.js?v=e06528d8:12844
[    1910ms] [TIMESTAMP] Render @ http://localhost:5173/node_modules/.vite/deps/react-dom_client.js?v=e06528d8:3314
[    1912ms] [TIMESTAMP] item @ http://localhost:5173/node_modules/.vite/deps/react-dom_client.js?v=e06528d8:3291
[    1912ms] [TIMESTAMP] Commit @ http://localhost:5173/node_modules/.vite/deps/react-dom_client.js?v=e06528d8:12955
[    1912ms] [TIMESTAMP] Waiting @ http://localhost:5173/node_modules/.vite/deps/react-dom_client.js?v=e06528d8:13132
[    1912ms] [TIMESTAMP] RouterProvider @ http://localhost:5173/node_modules/.vite/deps/react-dom_client.js?v=e06528d8:3200
[    1912ms] [TIMESTAMP] Layout @ http://localhost:5173/node_modules/.vite/deps/react-dom_client.js?v=e06528d8:3200
[    1913ms] [TIMESTAMP] Component @ http://localhost:5173/node_modules/.vite/deps/react-dom_client.js?v=e06528d8:3200
[    1913ms] [TIMESTAMP] ForwardRef(Link) @ http://localhost:5173/node_modules/.vite/deps/react-dom_client.js?v=e06528d8:3200
[    1913ms] [TIMESTAMP] WithComponentProps2 @ http://localhost:5173/node_modules/.vite/deps/react-dom_client.js?v=e06528d8:3200
[    1913ms] [TIMESTAMP] WithComponentProps2 @ http://localhost:5173/node_modules/.vite/deps/react-dom_client.js?v=e06528d8:3200
[    1913ms] [TIMESTAMP] WithComponentProps2 @ http://localhost:5173/node_modules/.vite/deps/react-dom_client.js?v=e06528d8:3200
[    1913ms] [TIMESTAMP] Remaining Effects @ http://localhost:5173/node_modules/.vite/deps/react-dom_client.js?v=e06528d8:13177
[    1913ms] [TIMESTAMP] Blocking Track @ http://localhost:5173/node_modules/.vite/deps/react-dom_client.js?v=e06528d8:12095
[    1914ms] [TIMESTAMP] Transition Track @ http://localhost:5173/node_modules/.vite/deps/react-dom_client.js?v=e06528d8:12102
[    1914ms] [TIMESTAMP] Suspense Track @ http://localhost:5173/node_modules/.vite/deps/react-dom_client.js?v=e06528d8:12109
[    1914ms] [TIMESTAMP] Idle Track @ http://localhost:5173/node_modules/.vite/deps/react-dom_client.js?v=e06528d8:12116
[    1915ms] [TIMESTAMP] Render @ http://localhost:5173/node_modules/.vite/deps/react-dom_client.js?v=e06528d8:3314
[    1915ms] [TIMESTAMP] $e1995378a142960e$export$bf788dd355e3a401 @ http://localhost:5173/node_modules/.vite/deps/react-dom_client.js?v=e06528d8:3200
[    2142ms] [TIMESTAMP] Blocking Track @ http://localhost:5173/node_modules/.vite/deps/react-dom_client.js?v=e06528d8:12095
[    2143ms] [TIMESTAMP] Transition Track @ http://localhost:5173/node_modules/.vite/deps/react-dom_client.js?v=e06528d8:12102
[    2143ms] [TIMESTAMP] Suspense Track @ http://localhost:5173/node_modules/.vite/deps/react-dom_client.js?v=e06528d8:12109
[    2143ms] [TIMESTAMP] Idle Track @ http://localhost:5173/node_modules/.vite/deps/react-dom_client.js?v=e06528d8:12116
[    2146ms] [WARNING] If you do not provide a visible label, you must specify an aria-label or aria-labelledby attribute for accessibility @ http://localhost:5173/node_modules/.vite/deps/react-aria-components.js?v=e06528d8:12844
[    2150ms] [TIMESTAMP] Render @ http://localhost:5173/node_modules/.vite/deps/react-dom_client.js?v=e06528d8:3314
[    2152ms] [TIMESTAMP] item @ http://localhost:5173/node_modules/.vite/deps/react-dom_client.js?v=e06528d8:3291
[    2152ms] [TIMESTAMP] Commit @ http://localhost:5173/node_modules/.vite/deps/react-dom_client.js?v=e06528d8:12955
[    2152ms] [TIMESTAMP] Waiting @ http://localhost:5173/node_modules/.vite/deps/react-dom_client.js?v=e06528d8:13132
[    2152ms] [TIMESTAMP] RouterProvider @ http://localhost:5173/node_modules/.vite/deps/react-dom_client.js?v=e06528d8:3200
[    2152ms] [TIMESTAMP] Layout @ http://localhost:5173/node_modules/.vite/deps/react-dom_client.js?v=e06528d8:3200
[    2153ms] [TIMESTAMP] Component @ http://localhost:5173/node_modules/.vite/deps/react-dom_client.js?v=e06528d8:3200
[    2153ms] [TIMESTAMP] ForwardRef(Link) @ http://localhost:5173/node_modules/.vite/deps/react-dom_client.js?v=e06528d8:3200
[    2153ms] [TIMESTAMP] WithComponentProps2 @ http://localhost:5173/node_modules/.vite/deps/react-dom_client.js?v=e06528d8:3200
[    2153ms] [TIMESTAMP] WithComponentProps2 @ http://localhost:5173/node_modules/.vite/deps/react-dom_client.js?v=e06528d8:3200
[    2154ms] [TIMESTAMP] WithComponentProps2 @ http://localhost:5173/node_modules/.vite/deps/react-dom_client.js?v=e06528d8:3200
[    2154ms] [TIMESTAMP] ProtectedLayout @ http://localhost:5173/node_modules/.vite/deps/react-dom_client.js?v=e06528d8:3291
[    2154ms] [TIMESTAMP] Remaining Effects @ http://localhost:5173/node_modules/.vite/deps/react-dom_client.js?v=e06528d8:13177
[    2154ms] [TIMESTAMP] Blocking Track @ http://localhost:5173/node_modules/.vite/deps/react-dom_client.js?v=e06528d8:12095
[    2154ms] [TIMESTAMP] Transition Track @ http://localhost:5173/node_modules/.vite/deps/react-dom_client.js?v=e06528d8:12102
[    2154ms] [TIMESTAMP] Suspense Track @ http://localhost:5173/node_modules/.vite/deps/react-dom_client.js?v=e06528d8:12109
[    2154ms] [TIMESTAMP] Idle Track @ http://localhost:5173/node_modules/.vite/deps/react-dom_client.js?v=e06528d8:12116
[    2156ms] [TIMESTAMP] Render @ http://localhost:5173/node_modules/.vite/deps/react-dom_client.js?v=e06528d8:3314
[    2156ms] [TIMESTAMP] $e1995378a142960e$export$bf788dd355e3a401 @ http://localhost:5173/node_modules/.vite/deps/react-dom_client.js?v=e06528d8:3200
[    2291ms] [TIMESTAMP] Blocking Track @ http://localhost:5173/node_modules/.vite/deps/react-dom_client.js?v=e06528d8:12095
[    2291ms] [TIMESTAMP] Transition Track @ http://localhost:5173/node_modules/.vite/deps/react-dom_client.js?v=e06528d8:12102
[    2291ms] [TIMESTAMP] Suspense Track @ http://localhost:5173/node_modules/.vite/deps/react-dom_client.js?v=e06528d8:12109
[    2291ms] [TIMESTAMP] Idle Track @ http://localhost:5173/node_modules/.vite/deps/react-dom_client.js?v=e06528d8:12116
[    2296ms] [WARNING] If you do not provide a visible label, you must specify an aria-label or aria-labelledby attribute for accessibility @ http://localhost:5173/node_modules/.vite/deps/react-aria-components.js?v=e06528d8:12844
[    2299ms] [TIMESTAMP] Render @ http://localhost:5173/node_modules/.vite/deps/react-dom_client.js?v=e06528d8:3314
[    2299ms] [TIMESTAMP] item @ http://localhost:5173/node_modules/.vite/deps/react-dom_client.js?v=e06528d8:3291
[    2299ms] [TIMESTAMP] Commit @ http://localhost:5173/node_modules/.vite/deps/react-dom_client.js?v=e06528d8:12955
[    2300ms] [TIMESTAMP] RouterProvider @ http://localhost:5173/node_modules/.vite/deps/react-dom_client.js?v=e06528d8:3200
[    2300ms] [TIMESTAMP] Layout @ http://localhost:5173/node_modules/.vite/deps/react-dom_client.js?v=e06528d8:3200
[    2300ms] [TIMESTAMP] Component @ http://localhost:5173/node_modules/.vite/deps/react-dom_client.js?v=e06528d8:3200
[    2300ms] [TIMESTAMP] ForwardRef(Link) @ http://localhost:5173/node_modules/.vite/deps/react-dom_client.js?v=e06528d8:3200
[    2300ms] [TIMESTAMP] WithComponentProps2 @ http://localhost:5173/node_modules/.vite/deps/react-dom_client.js?v=e06528d8:3200
[    2300ms] [TIMESTAMP] WithComponentProps2 @ http://localhost:5173/node_modules/.vite/deps/react-dom_client.js?v=e06528d8:3200
[    2300ms] [TIMESTAMP] WithComponentProps2 @ http://localhost:5173/node_modules/.vite/deps/react-dom_client.js?v=e06528d8:3200
[    2300ms] [TIMESTAMP] ClientOnly @ http://localhost:5173/node_modules/.vite/deps/react-dom_client.js?v=e06528d8:3200
[    2300ms] [TIMESTAMP] Remaining Effects @ http://localhost:5173/node_modules/.vite/deps/react-dom_client.js?v=e06528d8:13177
[    2301ms] [TIMESTAMP] Blocking Track @ http://localhost:5173/node_modules/.vite/deps/react-dom_client.js?v=e06528d8:12095
[    2301ms] [TIMESTAMP] Transition Track @ http://localhost:5173/node_modules/.vite/deps/react-dom_client.js?v=e06528d8:12102
[    2301ms] [TIMESTAMP] Suspense Track @ http://localhost:5173/node_modules/.vite/deps/react-dom_client.js?v=e06528d8:12109
[    2301ms] [TIMESTAMP] Idle Track @ http://localhost:5173/node_modules/.vite/deps/react-dom_client.js?v=e06528d8:12116
[    2302ms] [TIMESTAMP] Render @ http://localhost:5173/node_modules/.vite/deps/react-dom_client.js?v=e06528d8:3314
[    2302ms] [TIMESTAMP] $e1995378a142960e$export$bf788dd355e3a401 @ http://localhost:5173/node_modules/.vite/deps/react-dom_client.js?v=e06528d8:3200
[    2417ms] [WARNING] [JavaScript Warning: "unreachable code after return statement" {file: "http://localhost:5173/node_modules/.vite/deps/chunk-3XXZUNU4.js?v=e06528d8" line: 51044}] @ http://localhost:5173/node_modules/.vite/deps/chunk-3XXZUNU4.js?v=e06528d8:51044
[    2428ms] [TIMESTAMP] Blocking Track @ http://localhost:5173/node_modules/.vite/deps/react-dom_client.js?v=e06528d8:12095
[    2428ms] [TIMESTAMP] Transition Track @ http://localhost:5173/node_modules/.vite/deps/react-dom_client.js?v=e06528d8:12102
[    2428ms] [TIMESTAMP] Suspense Track @ http://localhost:5173/node_modules/.vite/deps/react-dom_client.js?v=e06528d8:12109
[    2428ms] [TIMESTAMP] Idle Track @ http://localhost:5173/node_modules/.vite/deps/react-dom_client.js?v=e06528d8:12116
[    2606ms] [TIMESTAMP] Render @ http://localhost:5173/node_modules/.vite/deps/react-dom_client.js?v=e06528d8:3314
[    2606ms] [TIMESTAMP] Throttled @ http://localhost:5173/node_modules/.vite/deps/react-dom_client.js?v=e06528d8:3423
[    2608ms] [TIMESTAMP] div @ http://localhost:5173/node_modules/.vite/deps/react-dom_client.js?v=e06528d8:3291
[    2614ms] [TIMESTAMP] ForwardRef(motion.button) @ http://localhost:5173/node_modules/.vite/deps/react-dom_client.js?v=e06528d8:3291
[    2614ms] [TIMESTAMP] ForwardRef(TextField) @ http://localhost:5173/node_modules/.vite/deps/react-dom_client.js?v=e06528d8:3291
[    2614ms] [TIMESTAMP] Commit @ http://localhost:5173/node_modules/.vite/deps/react-dom_client.js?v=e06528d8:12955
[    2615ms] [TIMESTAMP] Viewer @ http://localhost:5173/node_modules/.vite/deps/react-dom_client.js?v=e06528d8:3200
[    2615ms] [TIMESTAMP] ViewerStoreProvider @ http://localhost:5173/node_modules/.vite/deps/react-dom_client.js?v=e06528d8:3200
[    2615ms] [TIMESTAMP] ViewerHeader @ http://localhost:5173/node_modules/.vite/deps/react-dom_client.js?v=e06528d8:3200
[    2615ms] [TIMESTAMP] FeatureBar @ http://localhost:5173/node_modules/.vite/deps/react-dom_client.js?v=e06528d8:3200
[    2615ms] [TIMESTAMP] ForwardRef(motion.div) @ http://localhost:5173/node_modules/.vite/deps/react-dom_client.js?v=e06528d8:3200
[    2615ms] [TIMESTAMP] Presets @ http://localhost:5173/node_modules/.vite/deps/react-dom_client.js?v=e06528d8:3200
[    2615ms] [TIMESTAMP] Tabs @ http://localhost:5173/node_modules/.vite/deps/react-dom_client.js?v=e06528d8:3200
[    2615ms] [TIMESTAMP] ForwardRef(Tabs) @ http://localhost:5173/node_modules/.vite/deps/react-dom_client.js?v=e06528d8:3200
[    2615ms] [TIMESTAMP] $e1995378a142960e$export$bf788dd355e3a401 @ http://localhost:5173/node_modules/.vite/deps/react-dom_client.js?v=e06528d8:3200
[    2616ms] [TIMESTAMP] $f39a9eba43920ace$export$8dc98ba7eadeaa56 @ http://localhost:5173/node_modules/.vite/deps/react-dom_client.js?v=e06528d8:3200
[    2616ms] [TIMESTAMP] TabList @ http://localhost:5173/node_modules/.vite/deps/react-dom_client.js?v=e06528d8:3200
[    2616ms] [TIMESTAMP] ForwardRef(TabList) @ http://localhost:5173/node_modules/.vite/deps/react-dom_client.js?v=e06528d8:3200
[    2616ms] [TIMESTAMP] $e1995378a142960e$export$fb8073518f34e6ec @ http://localhost:5173/node_modules/.vite/deps/react-dom_client.js?v=e06528d8:3200
[    2616ms] [TIMESTAMP] $e1995378a142960e$var$CollectionRoot @ http://localhost:5173/node_modules/.vite/deps/react-dom_client.js?v=e06528d8:3200
[    2616ms] [TIMESTAMP] SplitViewToggle @ http://localhost:5173/node_modules/.vite/deps/react-dom_client.js?v=e06528d8:3200
[    2616ms] [TIMESTAMP] Tooltip @ http://localhost:5173/node_modules/.vite/deps/react-dom_client.js?v=e06528d8:3200
[    2616ms] [TIMESTAMP] Button @ http://localhost:5173/node_modules/.vite/deps/react-dom_client.js?v=e06528d8:3200
[    2616ms] [TIMESTAMP] ForwardRef(Button) @ http://localhost:5173/node_modules/.vite/deps/react-dom_client.js?v=e06528d8:3200
[    2616ms] [TIMESTAMP] ImagePreview @ http://localhost:5173/node_modules/.vite/deps/react-dom_client.js?v=e06528d8:3200
[    2616ms] [TIMESTAMP] ImageContainer @ http://localhost:5173/node_modules/.vite/deps/react-dom_client.js?v=e06528d8:3200
[    2616ms] [TIMESTAMP] LavaLoader @ http://localhost:5173/node_modules/.vite/deps/react-dom_client.js?v=e06528d8:3200
[    2616ms] [TIMESTAMP] ClientOnly @ http://localhost:5173/node_modules/.vite/deps/react-dom_client.js?v=e06528d8:3200
[    2616ms] [TIMESTAMP] LavaLoaderInner @ http://localhost:5173/node_modules/.vite/deps/react-dom_client.js?v=e06528d8:3200
[    2616ms] [TIMESTAMP] ImagePreviewInner @ http://localhost:5173/node_modules/.vite/deps/react-dom_client.js?v=e06528d8:3200
[    2616ms] [TIMESTAMP] ActiveViewStatePreview @ http://localhost:5173/node_modules/.vite/deps/react-dom_client.js?v=e06528d8:3200
[    2617ms] [TIMESTAMP] ChannelsController @ http://localhost:5173/node_modules/.vite/deps/react-dom_client.js?v=e06528d8:3200
[    2617ms] [TIMESTAMP] FeatureItem @ http://localhost:5173/node_modules/.vite/deps/react-dom_client.js?v=e06528d8:3200
[    2617ms] [TIMESTAMP] FeatureItemStoreProvider @ http://localhost:5173/node_modules/.vite/deps/react-dom_client.js?v=e06528d8:3200
[    2617ms] [TIMESTAMP] FeatureItemInner @ http://localhost:5173/node_modules/.vite/deps/react-dom_client.js?v=e06528d8:3200
[    2617ms] [TIMESTAMP] OverlaysController @ http://localhost:5173/node_modules/.vite/deps/react-dom_client.js?v=e06528d8:3200
[    2617ms] [TIMESTAMP] FeatureItem @ http://localhost:5173/node_modules/.vite/deps/react-dom_client.js?v=e06528d8:3200
[    2617ms] [TIMESTAMP] FeatureItemStoreProvider @ http://localhost:5173/node_modules/.vite/deps/react-dom_client.js?v=e06528d8:3200
[    2617ms] [TIMESTAMP] FeatureItemInner @ http://localhost:5173/node_modules/.vite/deps/react-dom_client.js?v=e06528d8:3200
[    2617ms] [TIMESTAMP] IconButton @ http://localhost:5173/node_modules/.vite/deps/react-dom_client.js?v=e06528d8:3200
[    2617ms] [TIMESTAMP] Tooltip @ http://localhost:5173/node_modules/.vite/deps/react-dom_client.js?v=e06528d8:3200
[    2617ms] [TIMESTAMP] $4e3b923658d69c60$export$8c610744efcf8a1d @ http://localhost:5173/node_modules/.vite/deps/react-dom_client.js?v=e06528d8:3200
[    2617ms] [TIMESTAMP] $64fa3d84918910a7$export$2881499e37b75b9a @ http://localhost:5173/node_modules/.vite/deps/react-dom_client.js?v=e06528d8:3200
[    2617ms] [TIMESTAMP] ForwardRef(FocusableProvider) @ http://localhost:5173/node_modules/.vite/deps/react-dom_client.js?v=e06528d8:3200
[    2617ms] [TIMESTAMP] ForwardRef(Button) @ http://localhost:5173/node_modules/.vite/deps/react-dom_client.js?v=e06528d8:3200
[    2617ms] [TIMESTAMP] ForwardRef(Tooltip) @ http://localhost:5173/node_modules/.vite/deps/react-dom_client.js?v=e06528d8:3200
[    2618ms] [TIMESTAMP] EmptyState @ http://localhost:5173/node_modules/.vite/deps/react-dom_client.js?v=e06528d8:3200
[    2618ms] [TIMESTAMP] Icon @ http://localhost:5173/node_modules/.vite/deps/react-dom_client.js?v=e06528d8:3200
[    2618ms] [TIMESTAMP] Button @ http://localhost:5173/node_modules/.vite/deps/react-dom_client.js?v=e06528d8:3200
[    2618ms] [TIMESTAMP] ForwardRef(Button) @ http://localhost:5173/node_modules/.vite/deps/react-dom_client.js?v=e06528d8:3200
[    2618ms] [TIMESTAMP] $e1995378a142960e$var$CollectionInner @ http://localhost:5173/node_modules/.vite/deps/react-dom_client.js?v=e06528d8:3200
[    2618ms] [TIMESTAMP] $5e8ad37a45e1c704$var$TabsInner @ http://localhost:5173/node_modules/.vite/deps/react-dom_client.js?v=e06528d8:3200
[    2618ms] [TIMESTAMP] ForwardRef(bound $64fa3d84918910a7$var$DOMElement) @ http://localhost:5173/node_modules/.vite/deps/react-dom_client.js?v=e06528d8:3200
[    2618ms] [TIMESTAMP] $64fa3d84918910a7$export$2881499e37b75b9a @ http://localhost:5173/node_modules/.vite/deps/react-dom_client.js?v=e06528d8:3200
[    2618ms] [TIMESTAMP] TabList @ http://localhost:5173/node_modules/.vite/deps/react-dom_client.js?v=e06528d8:3200
[    2618ms] [TIMESTAMP] ForwardRef(TabList) @ http://localhost:5173/node_modules/.vite/deps/react-dom_client.js?v=e06528d8:3200
[    2618ms] [TIMESTAMP] $5e8ad37a45e1c704$var$TabListInner @ http://localhost:5173/node_modules/.vite/deps/react-dom_client.js?v=e06528d8:3200
[    2618ms] [TIMESTAMP] $5e8ad37a45e1c704$var$TabListInner @ http://localhost:5173/node_modules/.vite/deps/react-dom_client.js?v=e06528d8:3291
[    2618ms] [TIMESTAMP] SplitViewToggle @ http://localhost:5173/node_modules/.vite/deps/react-dom_client.js?v=e06528d8:3200
[    2618ms] [TIMESTAMP] Tooltip @ http://localhost:5173/node_modules/.vite/deps/react-dom_client.js?v=e06528d8:3200
[    2618ms] [TIMESTAMP] Button @ http://localhost:5173/node_modules/.vite/deps/react-dom_client.js?v=e06528d8:3200
[    2618ms] [TIMESTAMP] ForwardRef(Button) @ http://localhost:5173/node_modules/.vite/deps/react-dom_client.js?v=e06528d8:3200
[    2619ms] [TIMESTAMP] ImagePreview @ http://localhost:5173/node_modules/.vite/deps/react-dom_client.js?v=e06528d8:3200
[    2619ms] [TIMESTAMP] ImageContainer @ http://localhost:5173/node_modules/.vite/deps/react-dom_client.js?v=e06528d8:3200
[    2619ms] [TIMESTAMP] LavaLoader @ http://localhost:5173/node_modules/.vite/deps/react-dom_client.js?v=e06528d8:3200
[    2619ms] [TIMESTAMP] ClientOnly @ http://localhost:5173/node_modules/.vite/deps/react-dom_client.js?v=e06528d8:3200
[    2619ms] [TIMESTAMP] LavaLoaderInner @ http://localhost:5173/node_modules/.vite/deps/react-dom_client.js?v=e06528d8:3200
[    2619ms] [TIMESTAMP] ImagePreviewInner @ http://localhost:5173/node_modules/.vite/deps/react-dom_client.js?v=e06528d8:3200
[    2619ms] [TIMESTAMP] ImagePreviewInner @ http://localhost:5173/node_modules/.vite/deps/react-dom_client.js?v=e06528d8:3291
[    2619ms] [TIMESTAMP] ActiveViewStatePreview @ http://localhost:5173/node_modules/.vite/deps/react-dom_client.js?v=e06528d8:3200
[    2619ms] [TIMESTAMP] ChannelsController @ http://localhost:5173/node_modules/.vite/deps/react-dom_client.js?v=e06528d8:3200
[    2620ms] [TIMESTAMP] FeatureItem @ http://localhost:5173/node_modules/.vite/deps/react-dom_client.js?v=e06528d8:3200
[    2620ms] [TIMESTAMP] FeatureItemStoreProvider @ http://localhost:5173/node_modules/.vite/deps/react-dom_client.js?v=e06528d8:3200
[    2620ms] [TIMESTAMP] FeatureItemInner @ http://localhost:5173/node_modules/.vite/deps/react-dom_client.js?v=e06528d8:3200
[    2620ms] [TIMESTAMP] OverlaysController @ http://localhost:5173/node_modules/.vite/deps/react-dom_client.js?v=e06528d8:3200
[    2620ms] [TIMESTAMP] FeatureItem @ http://localhost:5173/node_modules/.vite/deps/react-dom_client.js?v=e06528d8:3200
[    2620ms] [TIMESTAMP] FeatureItemStoreProvider @ http://localhost:5173/node_modules/.vite/deps/react-dom_client.js?v=e06528d8:3200
[    2620ms] [TIMESTAMP] FeatureItemInner @ http://localhost:5173/node_modules/.vite/deps/react-dom_client.js?v=e06528d8:3200
[    2620ms] [TIMESTAMP] IconButton @ http://localhost:5173/node_modules/.vite/deps/react-dom_client.js?v=e06528d8:3200
[    2620ms] [TIMESTAMP] Tooltip @ http://localhost:5173/node_modules/.vite/deps/react-dom_client.js?v=e06528d8:3200
[    2620ms] [TIMESTAMP] $4e3b923658d69c60$export$8c610744efcf8a1d @ http://localhost:5173/node_modules/.vite/deps/react-dom_client.js?v=e06528d8:3200
[    2620ms] [TIMESTAMP] $64fa3d84918910a7$export$2881499e37b75b9a @ http://localhost:5173/node_modules/.vite/deps/react-dom_client.js?v=e06528d8:3200
[    2620ms] [TIMESTAMP] ForwardRef(FocusableProvider) @ http://localhost:5173/node_modules/.vite/deps/react-dom_client.js?v=e06528d8:3200
[    2620ms] [TIMESTAMP] ForwardRef(Button) @ http://localhost:5173/node_modules/.vite/deps/react-dom_client.js?v=e06528d8:3200
[    2620ms] [TIMESTAMP] ForwardRef(Tooltip) @ http://localhost:5173/node_modules/.vite/deps/react-dom_client.js?v=e06528d8:3200
[    2620ms] [TIMESTAMP] EmptyState @ http://localhost:5173/node_modules/.vite/deps/react-dom_client.js?v=e06528d8:3200
[    2620ms] [TIMESTAMP] Icon @ http://localhost:5173/node_modules/.vite/deps/react-dom_client.js?v=e06528d8:3200
[    2620ms] [TIMESTAMP] Button @ http://localhost:5173/node_modules/.vite/deps/react-dom_client.js?v=e06528d8:3200
[    2620ms] [TIMESTAMP] ForwardRef(Button) @ http://localhost:5173/node_modules/.vite/deps/react-dom_client.js?v=e06528d8:3200
[    2620ms] [TIMESTAMP] FeatureBarDragHandle @ http://localhost:5173/node_modules/.vite/deps/react-dom_client.js?v=e06528d8:3200
[    2621ms] [TIMESTAMP] ForwardRef(motion.button) @ http://localhost:5173/node_modules/.vite/deps/react-dom_client.js?v=e06528d8:3200
[    2621ms] [TIMESTAMP] MeasureLayout @ http://localhost:5173/node_modules/.vite/deps/react-dom_client.js?v=e06528d8:3200
[    2621ms] [TIMESTAMP] FeatureBarToggle @ http://localhost:5173/node_modules/.vite/deps/react-dom_client.js?v=e06528d8:3200
[    2621ms] [TIMESTAMP] IconButton @ http://localhost:5173/node_modules/.vite/deps/react-dom_client.js?v=e06528d8:3200
[    2621ms] [TIMESTAMP] Tooltip @ http://localhost:5173/node_modules/.vite/deps/react-dom_client.js?v=e06528d8:3200
[    2621ms] [TIMESTAMP] $4e3b923658d69c60$export$8c610744efcf8a1d @ http://localhost:5173/node_modules/.vite/deps/react-dom_client.js?v=e06528d8:3200
[    2621ms] [TIMESTAMP] $64fa3d84918910a7$export$2881499e37b75b9a @ http://localhost:5173/node_modules/.vite/deps/react-dom_client.js?v=e06528d8:3200
[    2621ms] [TIMESTAMP] ForwardRef(FocusableProvider) @ http://localhost:5173/node_modules/.vite/deps/react-dom_client.js?v=e06528d8:3200
[    2621ms] [TIMESTAMP] ForwardRef(Button) @ http://localhost:5173/node_modules/.vite/deps/react-dom_client.js?v=e06528d8:3200
[    2621ms] [TIMESTAMP] ForwardRef(Tooltip) @ http://localhost:5173/node_modules/.vite/deps/react-dom_client.js?v=e06528d8:3200
[    2621ms] [TIMESTAMP] ImagePanels @ http://localhost:5173/node_modules/.vite/deps/react-dom_client.js?v=e06528d8:3200
[    2621ms] [TIMESTAMP] Magnifier @ http://localhost:5173/node_modules/.vite/deps/react-dom_client.js?v=e06528d8:3200
[    2621ms] [TIMESTAMP] Input @ http://localhost:5173/node_modules/.vite/deps/react-dom_client.js?v=e06528d8:3200
[    2621ms] [TIMESTAMP] ForwardRef(TextField) @ http://localhost:5173/node_modules/.vite/deps/react-dom_client.js?v=e06528d8:3200
[    2621ms] [TIMESTAMP] ForwardRef(bound $64fa3d84918910a7$var$DOMElement) @ http://localhost:5173/node_modules/.vite/deps/react-dom_client.js?v=e06528d8:3200
[    2621ms] [TIMESTAMP] $64fa3d84918910a7$export$2881499e37b75b9a @ http://localhost:5173/node_modules/.vite/deps/react-dom_client.js?v=e06528d8:3200
[    2621ms] [TIMESTAMP] ForwardRef(Input) @ http://localhost:5173/node_modules/.vite/deps/react-dom_client.js?v=e06528d8:3200
[    2621ms] [TIMESTAMP] ResetViewStateButton @ http://localhost:5173/node_modules/.vite/deps/react-dom_client.js?v=e06528d8:3200
[    2621ms] [TIMESTAMP] IconButton @ http://localhost:5173/node_modules/.vite/deps/react-dom_client.js?v=e06528d8:3200
[    2621ms] [TIMESTAMP] Tooltip @ http://localhost:5173/node_modules/.vite/deps/react-dom_client.js?v=e06528d8:3200
[    2621ms] [TIMESTAMP] $4e3b923658d69c60$export$8c610744efcf8a1d @ http://localhost:5173/node_modules/.vite/deps/react-dom_client.js?v=e06528d8:3200
[    2621ms] [TIMESTAMP] $64fa3d84918910a7$export$2881499e37b75b9a @ http://localhost:5173/node_modules/.vite/deps/react-dom_client.js?v=e06528d8:3200
[    2621ms] [TIMESTAMP] ForwardRef(FocusableProvider) @ http://localhost:5173/node_modules/.vite/deps/react-dom_client.js?v=e06528d8:3200
[    2621ms] [TIMESTAMP] ForwardRef(Button) @ http://localhost:5173/node_modules/.vite/deps/react-dom_client.js?v=e06528d8:3200
[    2621ms] [TIMESTAMP] ForwardRef(Tooltip) @ http://localhost:5173/node_modules/.vite/deps/react-dom_client.js?v=e06528d8:3200
[    2621ms] [TIMESTAMP] SegmentedControl @ http://localhost:5173/node_modules/.vite/deps/react-dom_client.js?v=e06528d8:3200
[    2622ms] [TIMESTAMP] ForwardRef(ToggleButtonGroup) @ http://localhost:5173/node_modules/.vite/deps/react-dom_client.js?v=e06528d8:3200
[    2622ms] [TIMESTAMP] ForwardRef(bound $64fa3d84918910a7$var$DOMElement) @ http://localhost:5173/node_modules/.vite/deps/react-dom_client.js?v=e06528d8:3200
[    2622ms] [TIMESTAMP] $c8a5a149f625efcf$export$758399f318e6385a @ http://localhost:5173/node_modules/.vite/deps/react-dom_client.js?v=e06528d8:3200
[    2622ms] [TIMESTAMP] SegmentedControlItem @ http://localhost:5173/node_modules/.vite/deps/react-dom_client.js?v=e06528d8:3200
[    2622ms] [TIMESTAMP] ForwardRef(ToggleButton) @ http://localhost:5173/node_modules/.vite/deps/react-dom_client.js?v=e06528d8:3200
[    2622ms] [TIMESTAMP] ForwardRef(bound $64fa3d84918910a7$var$DOMElement) @ http://localhost:5173/node_modules/.vite/deps/react-dom_client.js?v=e06528d8:3200
[    2622ms] [TIMESTAMP] SegmentedControlItem @ http://localhost:5173/node_modules/.vite/deps/react-dom_client.js?v=e06528d8:3200
[    2622ms] [TIMESTAMP] ForwardRef(ToggleButton) @ http://localhost:5173/node_modules/.vite/deps/react-dom_client.js?v=e06528d8:3200
[    2622ms] [TIMESTAMP] SegmentedControlItem @ http://localhost:5173/node_modules/.vite/deps/react-dom_client.js?v=e06528d8:3200
[    2622ms] [TIMESTAMP] ForwardRef(ToggleButton) @ http://localhost:5173/node_modules/.vite/deps/react-dom_client.js?v=e06528d8:3200
[    2622ms] [TIMESTAMP] SegmentedControlItem @ http://localhost:5173/node_modules/.vite/deps/react-dom_client.js?v=e06528d8:3200
[    2622ms] [TIMESTAMP] ForwardRef(ToggleButton) @ http://localhost:5173/node_modules/.vite/deps/react-dom_client.js?v=e06528d8:3200
[    2622ms] [TIMESTAMP] SegmentedControlItem @ http://localhost:5173/node_modules/.vite/deps/react-dom_client.js?v=e06528d8:3200
[    2622ms] [TIMESTAMP] ForwardRef(ToggleButton) @ http://localhost:5173/node_modules/.vite/deps/react-dom_client.js?v=e06528d8:3200
[    2623ms] [TIMESTAMP] Remaining Effects @ http://localhost:5173/node_modules/.vite/deps/react-dom_client.js?v=e06528d8:13177
[    2623ms] [TIMESTAMP] Blocking Track @ http://localhost:5173/node_modules/.vite/deps/react-dom_client.js?v=e06528d8:12095
[    2623ms] [TIMESTAMP] Transition Track @ http://localhost:5173/node_modules/.vite/deps/react-dom_client.js?v=e06528d8:12102
[    2623ms] [TIMESTAMP] Suspense Track @ http://localhost:5173/node_modules/.vite/deps/react-dom_client.js?v=e06528d8:12109
[    2623ms] [TIMESTAMP] Idle Track @ http://localhost:5173/node_modules/.vite/deps/react-dom_client.js?v=e06528d8:12116
[    2630ms] [WARNING] If you do not provide a visible label, you must specify an aria-label or aria-labelledby attribute for accessibility @ http://localhost:5173/node_modules/.vite/deps/react-aria-components.js?v=e06528d8:12844
[    2635ms] [WARNING] If you do not provide a visible label, you must specify an aria-label or aria-labelledby attribute for accessibility @ http://localhost:5173/node_modules/.vite/deps/react-aria-components.js?v=e06528d8:12844
[    2636ms] [TIMESTAMP] Render @ http://localhost:5173/node_modules/.vite/deps/react-dom_client.js?v=e06528d8:3314
[    2637ms] [TIMESTAMP] item @ http://localhost:5173/node_modules/.vite/deps/react-dom_client.js?v=e06528d8:3291
[    2638ms] [TIMESTAMP] Commit @ http://localhost:5173/node_modules/.vite/deps/react-dom_client.js?v=e06528d8:12955
[    2638ms] [TIMESTAMP] AppHeader @ http://localhost:5173/node_modules/.vite/deps/react-dom_client.js?v=e06528d8:3200
[    2638ms] [TIMESTAMP] ForwardRef(motion.path) @ http://localhost:5173/node_modules/.vite/deps/react-dom_client.js?v=e06528d8:3291
[    2638ms] [TIMESTAMP] Component @ http://localhost:5173/node_modules/.vite/deps/react-dom_client.js?v=e06528d8:3200
[    2638ms] [TIMESTAMP] Magnifier @ http://localhost:5173/node_modules/.vite/deps/react-dom_client.js?v=e06528d8:3200
[    2638ms] [TIMESTAMP] Input @ http://localhost:5173/node_modules/.vite/deps/react-dom_client.js?v=e06528d8:3200
[    2638ms] [TIMESTAMP] ForwardRef(TextField) @ http://localhost:5173/node_modules/.vite/deps/react-dom_client.js?v=e06528d8:3200
[    2638ms] [TIMESTAMP] ForwardRef(bound $64fa3d84918910a7$var$DOMElement) @ http://localhost:5173/node_modules/.vite/deps/react-dom_client.js?v=e06528d8:3200
[    2638ms] [TIMESTAMP] $64fa3d84918910a7$export$2881499e37b75b9a @ http://localhost:5173/node_modules/.vite/deps/react-dom_client.js?v=e06528d8:3200
[    2639ms] [TIMESTAMP] ForwardRef(Input) @ http://localhost:5173/node_modules/.vite/deps/react-dom_client.js?v=e06528d8:3200
[    2639ms] [TIMESTAMP] ResetViewStateButton @ http://localhost:5173/node_modules/.vite/deps/react-dom_client.js?v=e06528d8:3200
[    2639ms] [TIMESTAMP] IconButton @ http://localhost:5173/node_modules/.vite/deps/react-dom_client.js?v=e06528d8:3200
[    2639ms] [TIMESTAMP] Tooltip @ http://localhost:5173/node_modules/.vite/deps/react-dom_client.js?v=e06528d8:3200
[    2639ms] [TIMESTAMP] $4e3b923658d69c60$export$8c610744efcf8a1d @ http://localhost:5173/node_modules/.vite/deps/react-dom_client.js?v=e06528d8:3200
[    2639ms] [TIMESTAMP] $64fa3d84918910a7$export$2881499e37b75b9a @ http://localhost:5173/node_modules/.vite/deps/react-dom_client.js?v=e06528d8:3200
[    2640ms] [TIMESTAMP] ForwardRef(FocusableProvider) @ http://localhost:5173/node_modules/.vite/deps/react-dom_client.js?v=e06528d8:3200
[    2640ms] [TIMESTAMP] ForwardRef(Button) @ http://localhost:5173/node_modules/.vite/deps/react-dom_client.js?v=e06528d8:3200
[    2640ms] [TIMESTAMP] ForwardRef(bound $64fa3d84918910a7$var$DOMElement) @ http://localhost:5173/node_modules/.vite/deps/react-dom_client.js?v=e06528d8:3200
[    2640ms] [TIMESTAMP] ForwardRef(Button) @ http://localhost:5173/node_modules/.vite/deps/react-dom_client.js?v=e06528d8:3291
[    2640ms] [TIMESTAMP] ForwardRef(Tooltip) @ http://localhost:5173/node_modules/.vite/deps/react-dom_client.js?v=e06528d8:3200
[    2640ms] [TIMESTAMP] SegmentedControl @ http://localhost:5173/node_modules/.vite/deps/react-dom_client.js?v=e06528d8:3200
[    2640ms] [TIMESTAMP] ForwardRef(ToggleButtonGroup) @ http://localhost:5173/node_modules/.vite/deps/react-dom_client.js?v=e06528d8:3200
[    2640ms] [TIMESTAMP] ForwardRef(bound $64fa3d84918910a7$var$DOMElement) @ http://localhost:5173/node_modules/.vite/deps/react-dom_client.js?v=e06528d8:3200
[    2640ms] [TIMESTAMP] $c8a5a149f625efcf$export$758399f318e6385a @ http://localhost:5173/node_modules/.vite/deps/react-dom_client.js?v=e06528d8:3200
[    2640ms] [TIMESTAMP] SegmentedControlItem @ http://localhost:5173/node_modules/.vite/deps/react-dom_client.js?v=e06528d8:3200
[    2640ms] [TIMESTAMP] ForwardRef(ToggleButton) @ http://localhost:5173/node_modules/.vite/deps/react-dom_client.js?v=e06528d8:3200
[    2640ms] [TIMESTAMP] ForwardRef(bound $64fa3d84918910a7$var$DOMElement) @ http://localhost:5173/node_modules/.vite/deps/react-dom_client.js?v=e06528d8:3200
[    2640ms] [TIMESTAMP] SegmentedControlItem @ http://localhost:5173/node_modules/.vite/deps/react-dom_client.js?v=e06528d8:3200
[    2640ms] [TIMESTAMP] ForwardRef(ToggleButton) @ http://localhost:5173/node_modules/.vite/deps/react-dom_client.js?v=e06528d8:3200
[    2640ms] [TIMESTAMP] SegmentedControlItem @ http://localhost:5173/node_modules/.vite/deps/react-dom_client.js?v=e06528d8:3200
[    2640ms] [TIMESTAMP] ForwardRef(ToggleButton) @ http://localhost:5173/node_modules/.vite/deps/react-dom_client.js?v=e06528d8:3200
[    2640ms] [TIMESTAMP] SegmentedControlItem @ http://localhost:5173/node_modules/.vite/deps/react-dom_client.js?v=e06528d8:3200
[    2640ms] [TIMESTAMP] ForwardRef(ToggleButton) @ http://localhost:5173/node_modules/.vite/deps/react-dom_client.js?v=e06528d8:3200
[    2640ms] [TIMESTAMP] SegmentedControlItem @ http://localhost:5173/node_modules/.vite/deps/react-dom_client.js?v=e06528d8:3200
[    2640ms] [TIMESTAMP] ForwardRef(ToggleButton) @ http://localhost:5173/node_modules/.vite/deps/react-dom_client.js?v=e06528d8:3200
[    2640ms] [TIMESTAMP] $e1995378a142960e$export$bf788dd355e3a401 @ http://localhost:5173/node_modules/.vite/deps/react-dom_client.js?v=e06528d8:3200
[    2640ms] [TIMESTAMP] ForwardRef(TabList) @ http://localhost:5173/node_modules/.vite/deps/react-dom_client.js?v=e06528d8:3200
[    2640ms] [TIMESTAMP] Component @ http://localhost:5173/node_modules/.vite/deps/react-dom_client.js?v=e06528d8:3200
[    2641ms] [TIMESTAMP] ForwardRef(bound $64fa3d84918910a7$var$DOMElement) @ http://localhost:5173/node_modules/.vite/deps/react-dom_client.js?v=e06528d8:3200
[    2641ms] [TIMESTAMP] PresetLabel @ http://localhost:5173/node_modules/.vite/deps/react-dom_client.js?v=e06528d8:3200
[    2641ms] [TIMESTAMP] Component @ http://localhost:5173/node_modules/.vite/deps/react-dom_client.js?v=e06528d8:3200
[    2641ms] [TIMESTAMP] ForwardRef(bound $64fa3d84918910a7$var$DOMElement) @ http://localhost:5173/node_modules/.vite/deps/react-dom_client.js?v=e06528d8:3200
[    2641ms] [TIMESTAMP] PresetLabel @ http://localhost:5173/node_modules/.vite/deps/react-dom_client.js?v=e06528d8:3200
[    2641ms] [TIMESTAMP] Component @ http://localhost:5173/node_modules/.vite/deps/react-dom_client.js?v=e06528d8:3200
[    2641ms] [TIMESTAMP] ForwardRef(bound $64fa3d84918910a7$var$DOMElement) @ http://localhost:5173/node_modules/.vite/deps/react-dom_client.js?v=e06528d8:3200
[    2641ms] [TIMESTAMP] PresetLabel @ http://localhost:5173/node_modules/.vite/deps/react-dom_client.js?v=e06528d8:3200
[    2641ms] [TIMESTAMP] Component @ http://localhost:5173/node_modules/.vite/deps/react-dom_client.js?v=e06528d8:3200
[    2641ms] [TIMESTAMP] ForwardRef(bound $64fa3d84918910a7$var$DOMElement) @ http://localhost:5173/node_modules/.vite/deps/react-dom_client.js?v=e06528d8:3200
[    2641ms] [TIMESTAMP] PresetLabel @ http://localhost:5173/node_modules/.vite/deps/react-dom_client.js?v=e06528d8:3200
[    2641ms] [TIMESTAMP] ForwardRef(TextField) @ http://localhost:5173/node_modules/.vite/deps/react-dom_client.js?v=e06528d8:3200
[    2641ms] [TIMESTAMP] Remaining Effects @ http://localhost:5173/node_modules/.vite/deps/react-dom_client.js?v=e06528d8:13177
[    2641ms] [TIMESTAMP] Blocking Track @ http://localhost:5173/node_modules/.vite/deps/react-dom_client.js?v=e06528d8:12095
[    2641ms] [TIMESTAMP] Transition Track @ http://localhost:5173/node_modules/.vite/deps/react-dom_client.js?v=e06528d8:12102
[    2641ms] [TIMESTAMP] Suspense Track @ http://localhost:5173/node_modules/.vite/deps/react-dom_client.js?v=e06528d8:12109
[    2641ms] [TIMESTAMP] Idle Track @ http://localhost:5173/node_modules/.vite/deps/react-dom_client.js?v=e06528d8:12116
[    2643ms] [WARNING] If you do not provide a visible label, you must specify an aria-label or aria-labelledby attribute for accessibility @ http://localhost:5173/node_modules/.vite/deps/react-aria-components.js?v=e06528d8:12844
[    2644ms] [TIMESTAMP] Render @ http://localhost:5173/node_modules/.vite/deps/react-dom_client.js?v=e06528d8:3314
[    2645ms] [TIMESTAMP] $e1995378a142960e$export$bf788dd355e3a401 @ http://localhost:5173/node_modules/.vite/deps/react-dom_client.js?v=e06528d8:3200
[    2645ms] [TIMESTAMP] ForwardRef(TextField) @ http://localhost:5173/node_modules/.vite/deps/react-dom_client.js?v=e06528d8:3200
[    2645ms] [TIMESTAMP] Component @ http://localhost:5173/node_modules/.vite/deps/react-dom_client.js?v=e06528d8:3200
[    2645ms] [TIMESTAMP] Component @ http://localhost:5173/node_modules/.vite/deps/react-dom_client.js?v=e06528d8:3200
[    2645ms] [TIMESTAMP] Component @ http://localhost:5173/node_modules/.vite/deps/react-dom_client.js?v=e06528d8:3200
[    2645ms] [TIMESTAMP] Component @ http://localhost:5173/node_modules/.vite/deps/react-dom_client.js?v=e06528d8:3200
[    2650ms] [TIMESTAMP] Blocking Track @ http://localhost:5173/node_modules/.vite/deps/react-dom_client.js?v=e06528d8:12095
[    2651ms] [TIMESTAMP] Transition Track @ http://localhost:5173/node_modules/.vite/deps/react-dom_client.js?v=e06528d8:12102
[    2651ms] [TIMESTAMP] Suspense Track @ http://localhost:5173/node_modules/.vite/deps/react-dom_client.js?v=e06528d8:12109
[    2651ms] [TIMESTAMP] Idle Track @ http://localhost:5173/node_modules/.vite/deps/react-dom_client.js?v=e06528d8:12116
[    2652ms] [TIMESTAMP] Render @ http://localhost:5173/node_modules/.vite/deps/react-dom_client.js?v=e06528d8:3314
[    2656ms] [TIMESTAMP] Waiting for Paint @ http://localhost:5173/node_modules/.vite/deps/react-dom_client.js?v=e06528d8:13132
[    2656ms] [TIMESTAMP] ImageContainer @ http://localhost:5173/node_modules/.vite/deps/react-dom_client.js?v=e06528d8:3200
[    2656ms] [TIMESTAMP] ImageContainer @ http://localhost:5173/node_modules/.vite/deps/react-dom_client.js?v=e06528d8:3200
[    2758ms] [TIMESTAMP] Blocking Track @ http://localhost:5173/node_modules/.vite/deps/react-dom_client.js?v=e06528d8:12095
[    2758ms] [TIMESTAMP] Transition Track @ http://localhost:5173/node_modules/.vite/deps/react-dom_client.js?v=e06528d8:12102
[    2758ms] [TIMESTAMP] Suspense Track @ http://localhost:5173/node_modules/.vite/deps/react-dom_client.js?v=e06528d8:12109
[    2758ms] [TIMESTAMP] Idle Track @ http://localhost:5173/node_modules/.vite/deps/react-dom_client.js?v=e06528d8:12116
[    2759ms] [TIMESTAMP] Render @ http://localhost:5173/node_modules/.vite/deps/react-dom_client.js?v=e06528d8:3314
[    2760ms] [TIMESTAMP] ImageContainer @ http://localhost:5173/node_modules/.vite/deps/react-dom_client.js?v=e06528d8:3200
[    2760ms] [TIMESTAMP] ImageContainer @ http://localhost:5173/node_modules/.vite/deps/react-dom_client.js?v=e06528d8:3200
[    3016ms] [TIMESTAMP] Blocking Track @ http://localhost:5173/node_modules/.vite/deps/react-dom_client.js?v=e06528d8:12095
[    3016ms] [TIMESTAMP] Transition Track @ http://localhost:5173/node_modules/.vite/deps/react-dom_client.js?v=e06528d8:12102
[    3017ms] [TIMESTAMP] Suspense Track @ http://localhost:5173/node_modules/.vite/deps/react-dom_client.js?v=e06528d8:12109
[    3017ms] [TIMESTAMP] Idle Track @ http://localhost:5173/node_modules/.vite/deps/react-dom_client.js?v=e06528d8:12116
[    3020ms] [TIMESTAMP] Render @ http://localhost:5173/node_modules/.vite/deps/react-dom_client.js?v=e06528d8:3314
[    3022ms] [TIMESTAMP] Commit @ http://localhost:5173/node_modules/.vite/deps/react-dom_client.js?v=e06528d8:12955
[    3024ms] [TIMESTAMP] ImageContainer @ http://localhost:5173/node_modules/.vite/deps/react-dom_client.js?v=e06528d8:3200
[    3024ms] [TIMESTAMP] ImageOff @ http://localhost:5173/node_modules/.vite/deps/react-dom_client.js?v=e06528d8:3200
[    3024ms] [TIMESTAMP] ForwardRef @ http://localhost:5173/node_modules/.vite/deps/react-dom_client.js?v=e06528d8:3200
[    3024ms] [TIMESTAMP] ImageContainer @ http://localhost:5173/node_modules/.vite/deps/react-dom_client.js?v=e06528d8:3200
[    3024ms] [TIMESTAMP] ImageOff @ http://localhost:5173/node_modules/.vite/deps/react-dom_client.js?v=e06528d8:3200
[    3024ms] [TIMESTAMP] ForwardRef @ http://localhost:5173/node_modules/.vite/deps/react-dom_client.js?v=e06528d8:3200
[    3024ms] [TIMESTAMP] Remaining Effects @ http://localhost:5173/node_modules/.vite/deps/react-dom_client.js?v=e06528d8:13177
[    3025ms] [TIMESTAMP] Blocking Track @ http://localhost:5173/node_modules/.vite/deps/react-dom_client.js?v=e06528d8:12095
[    3025ms] [TIMESTAMP] Transition Track @ http://localhost:5173/node_modules/.vite/deps/react-dom_client.js?v=e06528d8:12102
[    3025ms] [TIMESTAMP] Suspense Track @ http://localhost:5173/node_modules/.vite/deps/react-dom_client.js?v=e06528d8:12109
[    3025ms] [TIMESTAMP] Idle Track @ http://localhost:5173/node_modules/.vite/deps/react-dom_client.js?v=e06528d8:12116
[    3026ms] [TIMESTAMP] Render @ http://localhost:5173/node_modules/.vite/deps/react-dom_client.js?v=e06528d8:3314
[    3026ms] [TIMESTAMP] Commit @ http://localhost:5173/node_modules/.vite/deps/react-dom_client.js?v=e06528d8:12955
[    3026ms] [TIMESTAMP] ImageContainer @ http://localhost:5173/node_modules/.vite/deps/react-dom_client.js?v=e06528d8:3200
[    3027ms] [TIMESTAMP] ImageContainer @ http://localhost:5173/node_modules/.vite/deps/react-dom_client.js?v=e06528d8:3200
